Archive member included to satisfy reference by file (symbol)

c:/uni-program/stm32cubeide_1.10.1/stm32cubeide/plugins/com.st.stm32cube.ide.mcu.externaltools.gnu-tools-for-stm32.10.3-2021.10.win32_1.0.0.202111181127/tools/bin/../lib/gcc/arm-none-eabi/10.3.1/../../../../arm-none-eabi/lib/thumb/v7e-m+fp/hard\libc_nano.a(lib_a-assert.o)
                              ./Core/Src/core_mqtt.o (__assert_func)
c:/uni-program/stm32cubeide_1.10.1/stm32cubeide/plugins/com.st.stm32cube.ide.mcu.externaltools.gnu-tools-for-stm32.10.3-2021.10.win32_1.0.0.202111181127/tools/bin/../lib/gcc/arm-none-eabi/10.3.1/../../../../arm-none-eabi/lib/thumb/v7e-m+fp/hard\libc_nano.a(lib_a-errno.o)
                              ./Core/Src/syscalls.o (__errno)
c:/uni-program/stm32cubeide_1.10.1/stm32cubeide/plugins/com.st.stm32cube.ide.mcu.externaltools.gnu-tools-for-stm32.10.3-2021.10.win32_1.0.0.202111181127/tools/bin/../lib/gcc/arm-none-eabi/10.3.1/../../../../arm-none-eabi/lib/thumb/v7e-m+fp/hard\libc_nano.a(lib_a-exit.o)
                              c:/uni-program/stm32cubeide_1.10.1/stm32cubeide/plugins/com.st.stm32cube.ide.mcu.externaltools.gnu-tools-for-stm32.10.3-2021.10.win32_1.0.0.202111181127/tools/bin/../lib/gcc/arm-none-eabi/10.3.1/../../../../arm-none-eabi/lib/thumb/v7e-m+fp/hard/crt0.o (exit)
c:/uni-program/stm32cubeide_1.10.1/stm32cubeide/plugins/com.st.stm32cube.ide.mcu.externaltools.gnu-tools-for-stm32.10.3-2021.10.win32_1.0.0.202111181127/tools/bin/../lib/gcc/arm-none-eabi/10.3.1/../../../../arm-none-eabi/lib/thumb/v7e-m+fp/hard\libc_nano.a(lib_a-fprintf.o)
                              c:/uni-program/stm32cubeide_1.10.1/stm32cubeide/plugins/com.st.stm32cube.ide.mcu.externaltools.gnu-tools-for-stm32.10.3-2021.10.win32_1.0.0.202111181127/tools/bin/../lib/gcc/arm-none-eabi/10.3.1/../../../../arm-none-eabi/lib/thumb/v7e-m+fp/hard\libc_nano.a(lib_a-assert.o) (fiprintf)
c:/uni-program/stm32cubeide_1.10.1/stm32cubeide/plugins/com.st.stm32cube.ide.mcu.externaltools.gnu-tools-for-stm32.10.3-2021.10.win32_1.0.0.202111181127/tools/bin/../lib/gcc/arm-none-eabi/10.3.1/../../../../arm-none-eabi/lib/thumb/v7e-m+fp/hard\libc_nano.a(lib_a-impure.o)
                              c:/uni-program/stm32cubeide_1.10.1/stm32cubeide/plugins/com.st.stm32cube.ide.mcu.externaltools.gnu-tools-for-stm32.10.3-2021.10.win32_1.0.0.202111181127/tools/bin/../lib/gcc/arm-none-eabi/10.3.1/../../../../arm-none-eabi/lib/thumb/v7e-m+fp/hard\libc_nano.a(lib_a-exit.o) (_global_impure_ptr)
c:/uni-program/stm32cubeide_1.10.1/stm32cubeide/plugins/com.st.stm32cube.ide.mcu.externaltools.gnu-tools-for-stm32.10.3-2021.10.win32_1.0.0.202111181127/tools/bin/../lib/gcc/arm-none-eabi/10.3.1/../../../../arm-none-eabi/lib/thumb/v7e-m+fp/hard\libc_nano.a(lib_a-init.o)
                              c:/uni-program/stm32cubeide_1.10.1/stm32cubeide/plugins/com.st.stm32cube.ide.mcu.externaltools.gnu-tools-for-stm32.10.3-2021.10.win32_1.0.0.202111181127/tools/bin/../lib/gcc/arm-none-eabi/10.3.1/../../../../arm-none-eabi/lib/thumb/v7e-m+fp/hard/crt0.o (__libc_init_array)
c:/uni-program/stm32cubeide_1.10.1/stm32cubeide/plugins/com.st.stm32cube.ide.mcu.externaltools.gnu-tools-for-stm32.10.3-2021.10.win32_1.0.0.202111181127/tools/bin/../lib/gcc/arm-none-eabi/10.3.1/../../../../arm-none-eabi/lib/thumb/v7e-m+fp/hard\libc_nano.a(lib_a-memcmp.o)
                              ./Core/Src/es_wifi.o (memcmp)
c:/uni-program/stm32cubeide_1.10.1/stm32cubeide/plugins/com.st.stm32cube.ide.mcu.externaltools.gnu-tools-for-stm32.10.3-2021.10.win32_1.0.0.202111181127/tools/bin/../lib/gcc/arm-none-eabi/10.3.1/../../../../arm-none-eabi/lib/thumb/v7e-m+fp/hard\libc_nano.a(lib_a-memcpy-stub.o)
                              ./Core/Src/core_mqtt_serializer.o (memcpy)
c:/uni-program/stm32cubeide_1.10.1/stm32cubeide/plugins/com.st.stm32cube.ide.mcu.externaltools.gnu-tools-for-stm32.10.3-2021.10.win32_1.0.0.202111181127/tools/bin/../lib/gcc/arm-none-eabi/10.3.1/../../../../arm-none-eabi/lib/thumb/v7e-m+fp/hard\libc_nano.a(lib_a-memset.o)
                              c:/uni-program/stm32cubeide_1.10.1/stm32cubeide/plugins/com.st.stm32cube.ide.mcu.externaltools.gnu-tools-for-stm32.10.3-2021.10.win32_1.0.0.202111181127/tools/bin/../lib/gcc/arm-none-eabi/10.3.1/../../../../arm-none-eabi/lib/thumb/v7e-m+fp/hard/crt0.o (memset)
c:/uni-program/stm32cubeide_1.10.1/stm32cubeide/plugins/com.st.stm32cube.ide.mcu.externaltools.gnu-tools-for-stm32.10.3-2021.10.win32_1.0.0.202111181127/tools/bin/../lib/gcc/arm-none-eabi/10.3.1/../../../../arm-none-eabi/lib/thumb/v7e-m+fp/hard\libc_nano.a(lib_a-nano-vfprintf.o)
                              c:/uni-program/stm32cubeide_1.10.1/stm32cubeide/plugins/com.st.stm32cube.ide.mcu.externaltools.gnu-tools-for-stm32.10.3-2021.10.win32_1.0.0.202111181127/tools/bin/../lib/gcc/arm-none-eabi/10.3.1/../../../../arm-none-eabi/lib/thumb/v7e-m+fp/hard\libc_nano.a(lib_a-fprintf.o) (_vfprintf_r)
[...]
Memory Configuration

Name             Origin             Length             Attributes
RAM              0x0000000020000000 0x0000000000018000 xrw
RAM2             0x0000000010000000 0x0000000000008000 xrw
FLASH            0x0000000008000000 0x0000000000100000 xr
*default*        0x0000000000000000 0xffffffffffffffff

Linker script and memory map

LOAD c:/uni-program/stm32cubeide_1.10.1/stm32cubeide/plugins/com.st.stm32cube.ide.mcu.externaltools.gnu-tools-for-stm32.10.3-2021.10.win32_1.0.0.202111181127/tools/bin/../lib/gcc/arm-none-eabi/10.3.1/thumb/v7e-m+fp/hard/crti.o
LOAD c:/uni-program/stm32cubeide_1.10.1/stm32cubeide/plugins/com.st.stm32cube.ide.mcu.externaltools.gnu-tools-for-stm32.10.3-2021.10.win32_1.0.0.202111181127/tools/bin/../lib/gcc/arm-none-eabi/10.3.1/thumb/v7e-m+fp/hard/crtbegin.o
LOAD c:/uni-program/stm32cubeide_1.10.1/stm32cubeide/plugins/com.st.stm32cube.ide.mcu.externaltools.gnu-tools-for-stm32.10.3-2021.10.win32_1.0.0.202111181127/tools/bin/../lib/gcc/arm-none-eabi/10.3.1/../../../../arm-none-eabi/lib/thumb/v7e-m+fp/hard/crt0.o
LOAD ./Core/Src/core_mqtt.o
LOAD ./Core/Src/core_mqtt_serializer.o
LOAD ./Core/Src/core_mqtt_state.o
LOAD ./Core/Src/es_wifi.o
LOAD ./Core/Src/es_wifi_io.o
LOAD ./Core/Src/event_callback_stub.o
LOAD ./Core/Src/get_time_stub.o
LOAD ./Core/Src/main.o
LOAD ./Core/Src/memcpy.o
LOAD ./Core/Src/mqtt_cbmc_state.o
LOAD ./Core/Src/network_interface_stubs.o
LOAD ./Core/Src/stm32l4xx_hal_msp.o
LOAD ./Core/Src/stm32l4xx_it.o
LOAD ./Core/Src/syscalls.o
LOAD ./Core/Src/sysmem.o
LOAD ./Core/Src/system_stm32l4xx.o
LOAD ./Core/Src/transport_interface.o
LOAD ./Core/Src/wifi.o
LOAD ./Core/Startup/startup_stm32l475vgtx.o
LOAD ./Drivers/BSP/B-L475E-IOT01A2/b_l475e_iot01a2_bus.o
LOAD ./Drivers/BSP/Components/lsm6dsl/lsm6dsl.o
LOAD ./Drivers/BSP/Components/lsm6dsl/lsm6dsl_reg.o
LOAD ./Drivers/STM32L4xx_HAL_Driver/Src/stm32l4xx_hal.o
LOAD ./Drivers/STM32L4xx_HAL_Driver/Src/stm32l4xx_hal_cortex.o
LOAD ./Drivers/STM32L4xx_HAL_Driver/Src/stm32l4xx_hal_dfsdm.o
LOAD ./Drivers/STM32L4xx_HAL_Driver/Src/stm32l4xx_hal_dma.o
LOAD ./Drivers/STM32L4xx_HAL_Driver/Src/stm32l4xx_hal_dma_ex.o
LOAD ./Drivers/STM32L4xx_HAL_Driver/Src/stm32l4xx_hal_exti.o
LOAD ./Drivers/STM32L4xx_HAL_Driver/Src/stm32l4xx_hal_flash.o
LOAD ./Drivers/STM32L4xx_HAL_Driver/Src/stm32l4xx_hal_flash_ex.o
LOAD ./Drivers/STM32L4xx_HAL_Driver/Src/stm32l4xx_hal_flash_ramfunc.o
LOAD ./Drivers/STM32L4xx_HAL_Driver/Src/stm32l4xx_hal_gpio.o
LOAD ./Drivers/STM32L4xx_HAL_Driver/Src/stm32l4xx_hal_i2c.o
LOAD ./Drivers/STM32L4xx_HAL_Driver/Src/stm32l4xx_hal_i2c_ex.o
LOAD ./Drivers/STM32L4xx_HAL_Driver/Src/stm32l4xx_hal_pcd.o
LOAD ./Drivers/STM32L4xx_HAL_Driver/Src/stm32l4xx_hal_pcd_ex.o
LOAD ./Drivers/STM32L4xx_HAL_Driver/Src/stm32l4xx_hal_pwr.o
LOAD ./Drivers/STM32L4xx_HAL_Driver/Src/stm32l4xx_hal_pwr_ex.o
LOAD ./Drivers/STM32L4xx_HAL_Driver/Src/stm32l4xx_hal_qspi.o
LOAD ./Drivers/STM32L4xx_HAL_Driver/Src/stm32l4xx_hal_rcc.o
LOAD ./Drivers/STM32L4xx_HAL_Driver/Src/stm32l4xx_hal_rcc_ex.o
LOAD ./Drivers/STM32L4xx_HAL_Driver/Src/stm32l4xx_hal_spi.o
LOAD ./Drivers/STM32L4xx_HAL_Driver/Src/stm32l4xx_hal_spi_ex.o
LOAD ./Drivers/STM32L4xx_HAL_Driver/Src/stm32l4xx_hal_tim.o
LOAD ./Drivers/STM32L4xx_HAL_Driver/Src/stm32l4xx_hal_tim_ex.o
LOAD ./Drivers/STM32L4xx_HAL_Driver/Src/stm32l4xx_hal_uart.o
LOAD ./Drivers/STM32L4xx_HAL_Driver/Src/stm32l4xx_hal_uart_ex.o
LOAD ./Drivers/STM32L4xx_HAL_Driver/Src/stm32l4xx_ll_usb.o
START GROUP
LOAD c:/uni-program/stm32cubeide_1.10.1/stm32cubeide/plugins/com.st.stm32cube.ide.mcu.externaltools.gnu-tools-for-stm32.10.3-2021.10.win32_1.0.0.202111181127/tools/bin/../lib/gcc/arm-none-eabi/10.3.1/../../../../arm-none-eabi/lib/thumb/v7e-m+fp/hard\libc_nano.a
LOAD c:/uni-program/stm32cubeide_1.10.1/stm32cubeide/plugins/com.st.stm32cube.ide.mcu.externaltools.gnu-tools-for-stm32.10.3-2021.10.win32_1.0.0.202111181127/tools/bin/../lib/gcc/arm-none-eabi/10.3.1/../../../../arm-none-eabi/lib/thumb/v7e-m+fp/hard\libm.a
END GROUP
START GROUP
LOAD c:/uni-program/stm32cubeide_1.10.1/stm32cubeide/plugins/com.st.stm32cube.ide.mcu.externaltools.gnu-tools-for-stm32.10.3-2021.10.win32_1.0.0.202111181127/tools/bin/../lib/gcc/arm-none-eabi/10.3.1/thumb/v7e-m+fp/hard\libgcc.a
LOAD c:/uni-program/stm32cubeide_1.10.1/stm32cubeide/plugins/com.st.stm32cube.ide.mcu.externaltools.gnu-tools-for-stm32.10.3-2021.10.win32_1.0.0.202111181127/tools/bin/../lib/gcc/arm-none-eabi/10.3.1/../../../../arm-none-eabi/lib/thumb/v7e-m+fp/hard\libc_nano.a
END GROUP
START GROUP
LOAD c:/uni-program/stm32cubeide_1.10.1/stm32cubeide/plugins/com.st.stm32cube.ide.mcu.externaltools.gnu-tools-for-stm32.10.3-2021.10.win32_1.0.0.202111181127/tools/bin/../lib/gcc/arm-none-eabi/10.3.1/thumb/v7e-m+fp/hard\libgcc.a
LOAD c:/uni-program/stm32cubeide_1.10.1/stm32cubeide/plugins/com.st.stm32cube.ide.mcu.externaltools.gnu-tools-for-stm32.10.3-2021.10.win32_1.0.0.202111181127/tools/bin/../lib/gcc/arm-none-eabi/10.3.1/../../../../arm-none-eabi/lib/thumb/v7e-m+fp/hard\libc_nano.a
LOAD c:/uni-program/stm32cubeide_1.10.1/stm32cubeide/plugins/com.st.stm32cube.ide.mcu.externaltools.gnu-tools-for-stm32.10.3-2021.10.win32_1.0.0.202111181127/tools/bin/../lib/gcc/arm-none-eabi/10.3.1/../../../../arm-none-eabi/lib/thumb/v7e-m+fp/hard\libnosys.a
END GROUP
START GROUP
LOAD c:/uni-program/stm32cubeide_1.10.1/stm32cubeide/plugins/com.st.stm32cube.ide.mcu.externaltools.gnu-tools-for-stm32.10.3-2021.10.win32_1.0.0.202111181127/tools/bin/../lib/gcc/arm-none-eabi/10.3.1/thumb/v7e-m+fp/hard\libgcc.a
LOAD c:/uni-program/stm32cubeide_1.10.1/stm32cubeide/plugins/com.st.stm32cube.ide.mcu.externaltools.gnu-tools-for-stm32.10.3-2021.10.win32_1.0.0.202111181127/tools/bin/../lib/gcc/arm-none-eabi/10.3.1/../../../../arm-none-eabi/lib/thumb/v7e-m+fp/hard\libc_nano.a
LOAD c:/uni-program/stm32cubeide_1.10.1/stm32cubeide/plugins/com.st.stm32cube.ide.mcu.externaltools.gnu-tools-for-stm32.10.3-2021.10.win32_1.0.0.202111181127/tools/bin/../lib/gcc/arm-none-eabi/10.3.1/../../../../arm-none-eabi/lib/thumb/v7e-m+fp/hard\libnosys.a
END GROUP
LOAD c:/uni-program/stm32cubeide_1.10.1/stm32cubeide/plugins/com.st.stm32cube.ide.mcu.externaltools.gnu-tools-for-stm32.10.3-2021.10.win32_1.0.0.202111181127/tools/bin/../lib/gcc/arm-none-eabi/10.3.1/thumb/v7e-m+fp/hard/crtend.o
LOAD c:/uni-program/stm32cubeide_1.10.1/stm32cubeide/plugins/com.st.stm32cube.ide.mcu.externaltools.gnu-tools-for-stm32.10.3-2021.10.win32_1.0.0.202111181127/tools/bin/../lib/gcc/arm-none-eabi/10.3.1/thumb/v7e-m+fp/hard/crtn.o
                0x0000000020018000                _estack = (ORIGIN (RAM) + LENGTH (RAM))
                0x0000000000000200                _Min_Heap_Size = 0x200
                0x0000000000000400                _Min_Stack_Size = 0x400

.isr_vector     0x0000000008000000      0x188
                0x0000000008000000                . = ALIGN (0x4)
 *(.isr_vector)
 .isr_vector    0x0000000008000000      0x188 ./Core/Startup/startup_stm32l475vgtx.o
                0x0000000008000000                g_pfnVectors
                0x0000000008000188                . = ALIGN (0x4)

.text           0x0000000008000190     0xe100
                0x0000000008000190                . = ALIGN (0x4)
 *(.text)
 .text          0x0000000008000190       0x40 c:/uni-program/stm32cubeide_1.10.1/stm32cubeide/plugins/com.st.stm32cube.ide.mcu.externaltools.gnu-tools-for-stm32.10.3-2021.10.win32_1.0.0.202111181127/tools/bin/../lib/gcc/arm-none-eabi/10.3.1/thumb/v7e-m+fp/hard/crtbegin.o
 .text          0x00000000080001d0       0x10 c:/uni-program/stm32cubeide_1.10.1/stm32cubeide/plugins/com.st.stm32cube.ide.mcu.externaltools.gnu-tools-for-stm32.10.3-2021.10.win32_1.0.0.202111181127/tools/bin/../lib/gcc/arm-none-eabi/10.3.1/../../../../arm-none-eabi/lib/thumb/v7e-m+fp/hard\libc_nano.a(lib_a-strlen.o)
                0x00000000080001d0                strlen
 .text          0x00000000080001e0       0xa0 c:/uni-program/stm32cubeide_1.10.1/stm32cubeide/plugins/com.st.stm32cube.ide.mcu.externaltools.gnu-tools-for-stm32.10.3-2021.10.win32_1.0.0.202111181127/tools/bin/../lib/gcc/arm-none-eabi/10.3.1/../../../../arm-none-eabi/lib/thumb/v7e-m+fp/hard\libc_nano.a(lib_a-memchr.o)
                0x00000000080001e0                memchr
 .text          0x0000000008000280       0x30 c:/uni-program/stm32cubeide_1.10.1/stm32cubeide/plugins/com.st.stm32cube.ide.mcu.externaltools.gnu-tools-for-stm32.10.3-2021.10.win32_1.0.0.202111181127/tools/bin/../lib/gcc/arm-none-eabi/10.3.1/thumb/v7e-m+fp/hard\libgcc.a(_aeabi_uldivmod.o)
                0x0000000008000280                __aeabi_uldivmod
 .text          0x00000000080002b0      0x2d0 c:/uni-program/stm32cubeide_1.10.1/stm32cubeide/plugins/com.st.stm32cube.ide.mcu.externaltools.gnu-tools-for-stm32.10.3-2021.10.win32_1.0.0.202111181127/tools/bin/../lib/gcc/arm-none-eabi/10.3.1/thumb/v7e-m+fp/hard\libgcc.a(_udivmoddi4.o)
                0x00000000080002b0                __udivmoddi4
 .text          0x0000000008000580        0x4 c:/uni-program/stm32cubeide_1.10.1/stm32cubeide/plugins/com.st.stm32cube.ide.mcu.externaltools.gnu-tools-for-stm32.10.3-2021.10.win32_1.0.0.202111181127/tools/bin/../lib/gcc/arm-none-eabi/10.3.1/thumb/v7e-m+fp/hard\libgcc.a(_dvmd_tls.o)
                0x0000000008000580                __aeabi_idiv0
                0x0000000008000580                __aeabi_ldiv0
 *(.text*)
 .text.sendPacket
                0x0000000008000584      0x144 ./Core/Src/core_mqtt.o
 .text.calculateElapsedTime
                0x00000000080006c8       0x1c ./Core/Src/core_mqtt.o
 .text.getAckFromPacketType
                0x00000000080006e4       0x64 ./Core/Src/core_mqtt.o
 .text.recvExact
                0x0000000008000748      0x164 ./Core/Src/core_mqtt.o
 .text.discardPacket
                0x00000000080008ac      0x104 ./Core/Src/core_mqtt.o
 .text.receivePacket
                0x00000000080009b0       0x94 ./Core/Src/core_mqtt.o
 .text.getAckTypeToSend
                0x0000000008000a44       0x54 ./Core/Src/core_mqtt.o
 .text.sendPublishAcks
                0x0000000008000a98       0xbc ./Core/Src/core_mqtt.o
 .text.handleKeepAlive
                0x0000000008000b54       0xbc ./Core/Src/core_mqtt.o
 .text.handleIncomingPublish
                0x0000000008000c10      0x12c ./Core/Src/core_mqtt.o
 .text.handlePublishAcks
                0x0000000008000d3c       0xe0 ./Core/Src/core_mqtt.o
 .text.handleIncomingAck
                0x0000000008000e1c      0x190 ./Core/Src/core_mqtt.o
 .text.receiveSingleIteration
                0x0000000008000fac       0xec ./Core/Src/core_mqtt.o
 .text.sendPublish
                0x0000000008001098       0xf4 ./Core/Src/core_mqtt.o
 .text.receiveConnack
                0x000000000800118c      0x180 ./Core/Src/core_mqtt.o
 .text.handleSessionResumption
                0x000000000800130c       0xb0 ./Core/Src/core_mqtt.o
 .text.serializePublish
                0x00000000080013bc       0xac ./Core/Src/core_mqtt.o
 .text.validatePublishParams
                0x0000000008001468       0x5a ./Core/Src/core_mqtt.o
 .text.MQTT_Init
                0x00000000080014c2       0xa8 ./Core/Src/core_mqtt.o
                0x00000000080014c2                MQTT_Init
 .text.MQTT_Connect
                0x000000000800156a      0x118 ./Core/Src/core_mqtt.o
                0x000000000800156a                MQTT_Connect
 .text.MQTT_Publish
                0x0000000008001682       0xb8 ./Core/Src/core_mqtt.o
                0x0000000008001682                MQTT_Publish
 .text.MQTT_Ping
                0x000000000800173a       0x86 ./Core/Src/core_mqtt.o
                0x000000000800173a                MQTT_Ping
 .text.MQTT_ReceiveLoop
                0x00000000080017c0       0x88 ./Core/Src/core_mqtt.o
                0x00000000080017c0                MQTT_ReceiveLoop
 .text.MQTT_GetPacketId
                0x0000000008001848       0x50 ./Core/Src/core_mqtt.o
                0x0000000008001848                MQTT_GetPacketId
 .text.remainingLengthEncodedSize
                0x0000000008001898       0x42 ./Core/Src/core_mqtt_serializer.o
 *fill*         0x00000000080018da        0x2 
 .text.encodeRemainingLength
                0x00000000080018dc       0x70 ./Core/Src/core_mqtt_serializer.o
 .text.encodeString
                0x000000000800194c       0x80 ./Core/Src/core_mqtt_serializer.o
 .text.calculatePublishPacketSize
                0x00000000080019cc       0xf0 ./Core/Src/core_mqtt_serializer.o
 .text.serializePublishCommon
                0x0000000008001abc      0x1a0 ./Core/Src/core_mqtt_serializer.o
 .text.getRemainingLength
                0x0000000008001c5c       0xa8 ./Core/Src/core_mqtt_serializer.o
 .text.incomingPacketValid
                0x0000000008001d04       0x7e ./Core/Src/core_mqtt_serializer.o
 .text.checkPublishRemainingLength
                0x0000000008001d82       0x42 ./Core/Src/core_mqtt_serializer.o
 .text.processPublishFlags
                0x0000000008001dc4       0xa4 ./Core/Src/core_mqtt_serializer.o
 .text.logConnackResponse
                0x0000000008001e68       0x4c ./Core/Src/core_mqtt_serializer.o
 .text.deserializeConnack
                0x0000000008001eb4       0xd4 ./Core/Src/core_mqtt_serializer.o
 .text.readSubackStatus
                0x0000000008001f88       0x88 ./Core/Src/core_mqtt_serializer.o
 .text.deserializeSuback
                0x0000000008002010       0x9c ./Core/Src/core_mqtt_serializer.o
 .text.deserializePublish
                0x00000000080020ac      0x180 ./Core/Src/core_mqtt_serializer.o
 .text.deserializeSimpleAck
                0x000000000800222c       0x88 ./Core/Src/core_mqtt_serializer.o
 .text.deserializePingresp
                0x00000000080022b4       0x44 ./Core/Src/core_mqtt_serializer.o
 .text.serializeConnectPacket
                0x00000000080022f8      0x1dc ./Core/Src/core_mqtt_serializer.o
 .text.MQTT_GetConnectPacketSize
                0x00000000080024d4       0xd8 ./Core/Src/core_mqtt_serializer.o
                0x00000000080024d4                MQTT_GetConnectPacketSize
 .text.MQTT_SerializeConnect
                0x00000000080025ac       0x80 ./Core/Src/core_mqtt_serializer.o
                0x00000000080025ac                MQTT_SerializeConnect
 .text.MQTT_GetPublishPacketSize
                0x000000000800262c       0x62 ./Core/Src/core_mqtt_serializer.o
                0x000000000800262c                MQTT_GetPublishPacketSize
 .text.MQTT_SerializePublishHeader
                0x000000000800268e       0xce ./Core/Src/core_mqtt_serializer.o
                0x000000000800268e                MQTT_SerializePublishHeader
 .text.MQTT_SerializeAck
                0x000000000800275c       0xa6 ./Core/Src/core_mqtt_serializer.o
                0x000000000800275c                MQTT_SerializeAck
 .text.MQTT_GetPingreqPacketSize
                0x0000000008002802       0x2c ./Core/Src/core_mqtt_serializer.o
                0x0000000008002802                MQTT_GetPingreqPacketSize
 .text.MQTT_SerializePingreq
                0x000000000800282e       0x5c ./Core/Src/core_mqtt_serializer.o
                0x000000000800282e                MQTT_SerializePingreq
 .text.MQTT_DeserializePublish
                0x000000000800288a       0x60 ./Core/Src/core_mqtt_serializer.o
                0x000000000800288a                MQTT_DeserializePublish
 .text.MQTT_DeserializeAck
                0x00000000080028ea       0xe6 ./Core/Src/core_mqtt_serializer.o
                0x00000000080028ea                MQTT_DeserializeAck
 .text.MQTT_GetIncomingPacketTypeAndLength
                0x00000000080029d0       0x8c ./Core/Src/core_mqtt_serializer.o
                0x00000000080029d0                MQTT_GetIncomingPacketTypeAndLength
 .text.validateTransitionPublish
                0x0000000008002a5c       0xcc ./Core/Src/core_mqtt_state.o
 .text.validateTransitionAck
                0x0000000008002b28       0xe8 ./Core/Src/core_mqtt_state.o
 .text.isPublishOutgoing
                0x0000000008002c10       0x5a ./Core/Src/core_mqtt_state.o
 *fill*         0x0000000008002c6a        0x2 
 .text.findInRecord
                0x0000000008002c6c       0x88 ./Core/Src/core_mqtt_state.o
 .text.compactRecords
                0x0000000008002cf4       0xb8 ./Core/Src/core_mqtt_state.o
 .text.addRecord
                0x0000000008002dac      0x108 ./Core/Src/core_mqtt_state.o
 .text.updateRecord
                0x0000000008002eb4       0x60 ./Core/Src/core_mqtt_state.o
 .text.stateSelect
                0x0000000008002f14      0x148 ./Core/Src/core_mqtt_state.o
 .text.MQTT_CalculateStateAck
                0x000000000800305c       0x98 ./Core/Src/core_mqtt_state.o
                0x000000000800305c                MQTT_CalculateStateAck
 .text.updateStateAck
                0x00000000080030f4       0xbc ./Core/Src/core_mqtt_state.o
 .text.updateStatePublish
                0x00000000080031b0       0xdc ./Core/Src/core_mqtt_state.o
 .text.MQTT_ReserveState
                0x000000000800328c       0x50 ./Core/Src/core_mqtt_state.o
                0x000000000800328c                MQTT_ReserveState
 .text.MQTT_CalculateStatePublish
                0x00000000080032dc       0x5e ./Core/Src/core_mqtt_state.o
                0x00000000080032dc                MQTT_CalculateStatePublish
 .text.MQTT_UpdateStatePublish
                0x000000000800333a       0xdc ./Core/Src/core_mqtt_state.o
                0x000000000800333a                MQTT_UpdateStatePublish
 .text.MQTT_UpdateStateAck
                0x0000000008003416       0xd8 ./Core/Src/core_mqtt_state.o
                0x0000000008003416                MQTT_UpdateStateAck
 .text.MQTT_PubrelToResend
                0x00000000080034ee       0x5c ./Core/Src/core_mqtt_state.o
                0x00000000080034ee                MQTT_PubrelToResend
 .text.ParseNumber
                0x000000000800354a       0x88 ./Core/Src/es_wifi.o
 .text.ParseIP  0x00000000080035d2       0x56 ./Core/Src/es_wifi.o
 .text.AT_ParseInfo
                0x0000000008003628       0xec ./Core/Src/es_wifi.o
 .text.AT_ParseConnSettings
                0x0000000008003714      0x160 ./Core/Src/es_wifi.o
 .text.AT_ExecuteCommand
                0x0000000008003874       0xcc ./Core/Src/es_wifi.o
 .text.ES_WIFI_Init
                0x0000000008003940       0x5c ./Core/Src/es_wifi.o
                0x0000000008003940                ES_WIFI_Init
 .text.ES_WIFI_RegisterBusIO
                0x000000000800399c       0x66 ./Core/Src/es_wifi.o
                0x000000000800399c                ES_WIFI_RegisterBusIO
 *fill*         0x0000000008003a02        0x2 
 .text.ES_WIFI_Connect
                0x0000000008003a04       0xf0 ./Core/Src/es_wifi.o
                0x0000000008003a04                ES_WIFI_Connect
 .text.ES_WIFI_GetNetworkSettings
                0x0000000008003af4       0x54 ./Core/Src/es_wifi.o
                0x0000000008003af4                ES_WIFI_GetNetworkSettings
 .text.HAL_GPIO_EXTI_Callback
                0x0000000008003b48       0x1c ./Core/Src/es_wifi_io.o
                0x0000000008003b48                HAL_GPIO_EXTI_Callback
 .text.SPI_WIFI_MspInit
                0x0000000008003b64      0x178 ./Core/Src/es_wifi_io.o
                0x0000000008003b64                SPI_WIFI_MspInit
 .text.SPI_WIFI_Init
                0x0000000008003cdc       0xbc ./Core/Src/es_wifi_io.o
                0x0000000008003cdc                SPI_WIFI_Init
 .text.SPI_WIFI_ResetModule
                0x0000000008003d98       0xe0 ./Core/Src/es_wifi_io.o
                0x0000000008003d98                SPI_WIFI_ResetModule
 .text.SPI_WIFI_DeInit
                0x0000000008003e78       0x14 ./Core/Src/es_wifi_io.o
                0x0000000008003e78                SPI_WIFI_DeInit
 .text.wait_cmddata_rdy_high
                0x0000000008003e8c       0x44 ./Core/Src/es_wifi_io.o
 .text.wait_cmddata_rdy_rising_event
                0x0000000008003ed0       0x40 ./Core/Src/es_wifi_io.o
 .text.wait_spi_rx_event
                0x0000000008003f10       0x40 ./Core/Src/es_wifi_io.o
 .text.wait_spi_tx_event
                0x0000000008003f50       0x40 ./Core/Src/es_wifi_io.o
 .text.SPI_WIFI_ReceiveData
                0x0000000008003f90       0xf4 ./Core/Src/es_wifi_io.o
                0x0000000008003f90                SPI_WIFI_ReceiveData
 .text.SPI_WIFI_SendData
                0x0000000008004084       0xdc ./Core/Src/es_wifi_io.o
                0x0000000008004084                SPI_WIFI_SendData
 .text.SPI_WIFI_Delay
                0x0000000008004160       0x16 ./Core/Src/es_wifi_io.o
                0x0000000008004160                SPI_WIFI_Delay
 *fill*         0x0000000008004176        0x2 
 .text.SPI_WIFI_DelayUs
                0x0000000008004178       0xa4 ./Core/Src/es_wifi_io.o
 .text.HAL_SPI_RxCpltCallback
                0x000000000800421c       0x28 ./Core/Src/es_wifi_io.o
                0x000000000800421c                HAL_SPI_RxCpltCallback
 .text.HAL_SPI_TxCpltCallback
                0x0000000008004244       0x28 ./Core/Src/es_wifi_io.o
                0x0000000008004244                HAL_SPI_TxCpltCallback
 .text.SPI_WIFI_ISR
                0x000000000800426c       0x20 ./Core/Src/es_wifi_io.o
                0x000000000800426c                SPI_WIFI_ISR
 .text.main     0x000000000800428c      0x300 ./Core/Src/main.o
                0x000000000800428c                main
 .text.SystemClock_Config
                0x000000000800458c       0xc4 ./Core/Src/main.o
                0x000000000800458c                SystemClock_Config
 .text.MX_DFSDM1_Init
                0x0000000008004650       0x70 ./Core/Src/main.o
 .text.MX_QUADSPI_Init
                0x00000000080046c0       0x4c ./Core/Src/main.o
 .text.MX_SPI3_Init
                0x000000000800470c       0x7c ./Core/Src/main.o
 .text.MX_TIM2_Init
                0x0000000008004788       0x9c ./Core/Src/main.o
 .text.MX_USART1_UART_Init
                0x0000000008004824       0x60 ./Core/Src/main.o
 .text.MX_USART3_UART_Init
                0x0000000008004884       0x60 ./Core/Src/main.o
 .text.MX_USB_OTG_FS_PCD_Init
                0x00000000080048e4       0x5c ./Core/Src/main.o
 .text.MX_GPIO_Init
                0x0000000008004940      0x33c ./Core/Src/main.o
 .text.MEMS_Init
                0x0000000008004c7c       0x94 ./Core/Src/main.o
 .text._write   0x0000000008004d10       0x2c ./Core/Src/main.o
                0x0000000008004d10                _write
 .text.Error_Handler
                0x0000000008004d3c       0x20 ./Core/Src/main.o
                0x0000000008004d3c                Error_Handler
 .text.HAL_MspInit
                0x0000000008004d5c       0x48 ./Core/Src/stm32l4xx_hal_msp.o
                0x0000000008004d5c                HAL_MspInit
 .text.HAL_DFSDM_ChannelMspInit
                0x0000000008004da4       0xc8 ./Core/Src/stm32l4xx_hal_msp.o
                0x0000000008004da4                HAL_DFSDM_ChannelMspInit
 .text.HAL_QSPI_MspInit
                0x0000000008004e6c       0x88 ./Core/Src/stm32l4xx_hal_msp.o
                0x0000000008004e6c                HAL_QSPI_MspInit
 .text.HAL_SPI_MspInit
                0x0000000008004ef4       0x88 ./Core/Src/stm32l4xx_hal_msp.o
                0x0000000008004ef4                HAL_SPI_MspInit
 .text.HAL_SPI_MspDeInit
                0x0000000008004f7c       0x3c ./Core/Src/stm32l4xx_hal_msp.o
                0x0000000008004f7c                HAL_SPI_MspDeInit
 .text.HAL_TIM_Base_MspInit
                0x0000000008004fb8       0x90 ./Core/Src/stm32l4xx_hal_msp.o
                0x0000000008004fb8                HAL_TIM_Base_MspInit
 .text.HAL_UART_MspInit
                0x0000000008005048      0x148 ./Core/Src/stm32l4xx_hal_msp.o
                0x0000000008005048                HAL_UART_MspInit
 .text.HAL_PCD_MspInit
                0x0000000008005190      0x138 ./Core/Src/stm32l4xx_hal_msp.o
                0x0000000008005190                HAL_PCD_MspInit
 .text.NMI_Handler
                0x00000000080052c8        0x6 ./Core/Src/stm32l4xx_it.o
                0x00000000080052c8                NMI_Handler
 .text.HardFault_Handler
                0x00000000080052ce        0x6 ./Core/Src/stm32l4xx_it.o
                0x00000000080052ce                HardFault_Handler
 .text.MemManage_Handler
                0x00000000080052d4        0x6 ./Core/Src/stm32l4xx_it.o
                0x00000000080052d4                MemManage_Handler
 .text.BusFault_Handler
                0x00000000080052da        0x6 ./Core/Src/stm32l4xx_it.o
                0x00000000080052da                BusFault_Handler
 .text.UsageFault_Handler
                0x00000000080052e0        0x6 ./Core/Src/stm32l4xx_it.o
                0x00000000080052e0                UsageFault_Handler
 .text.SVC_Handler
                0x00000000080052e6        0xe ./Core/Src/stm32l4xx_it.o
                0x00000000080052e6                SVC_Handler
 .text.DebugMon_Handler
                0x00000000080052f4        0xe ./Core/Src/stm32l4xx_it.o
                0x00000000080052f4                DebugMon_Handler
 .text.PendSV_Handler
                0x0000000008005302        0xe ./Core/Src/stm32l4xx_it.o
                0x0000000008005302                PendSV_Handler
 .text.SysTick_Handler
                0x0000000008005310        0xc ./Core/Src/stm32l4xx_it.o
                0x0000000008005310                SysTick_Handler
 .text.EXTI9_5_IRQHandler
                0x000000000800531c       0x22 ./Core/Src/stm32l4xx_it.o
                0x000000000800531c                EXTI9_5_IRQHandler
 *fill*         0x000000000800533e        0x2 
 .text.TIM2_IRQHandler
                0x0000000008005340       0x14 ./Core/Src/stm32l4xx_it.o
                0x0000000008005340                TIM2_IRQHandler
 .text.EXTI15_10_IRQHandler
                0x0000000008005354       0x30 ./Core/Src/stm32l4xx_it.o
                0x0000000008005354                EXTI15_10_IRQHandler
 .text.EXTI1_IRQHandler
                0x0000000008005384        0xe ./Core/Src/stm32l4xx_it.o
                0x0000000008005384                EXTI1_IRQHandler
 *fill*         0x0000000008005392        0x2 
 .text.SPI3_IRQHandler
                0x0000000008005394       0x14 ./Core/Src/stm32l4xx_it.o
                0x0000000008005394                SPI3_IRQHandler
 .text._getpid  0x00000000080053a8       0x10 ./Core/Src/syscalls.o
                0x00000000080053a8                _getpid
 .text._kill    0x00000000080053b8       0x20 ./Core/Src/syscalls.o
                0x00000000080053b8                _kill
 .text._exit    0x00000000080053d8       0x14 ./Core/Src/syscalls.o
                0x00000000080053d8                _exit
 .text._read    0x00000000080053ec       0x3a ./Core/Src/syscalls.o
                0x00000000080053ec                _read
 .text._close   0x0000000008005426       0x18 ./Core/Src/syscalls.o
                0x0000000008005426                _close
 .text._fstat   0x000000000800543e       0x20 ./Core/Src/syscalls.o
                0x000000000800543e                _fstat
 .text._isatty  0x000000000800545e       0x16 ./Core/Src/syscalls.o
                0x000000000800545e                _isatty
 .text._lseek   0x0000000008005474       0x1a ./Core/Src/syscalls.o
                0x0000000008005474                _lseek
 *fill*         0x000000000800548e        0x2 
 .text._sbrk    0x0000000008005490       0x6c ./Core/Src/sysmem.o
                0x0000000008005490                _sbrk
 .text.SystemInit
                0x00000000080054fc       0x24 ./Core/Src/system_stm32l4xx.o
                0x00000000080054fc                SystemInit
 .text.TransportInterfaceSend
                0x0000000008005520       0x60 ./Core/Src/transport_interface.o
                0x0000000008005520                TransportInterfaceSend
 .text.TransportInterfaceReceive
                0x0000000008005580       0x40 ./Core/Src/transport_interface.o
                0x0000000008005580                TransportInterfaceReceive
 .text.WIFI_Init
                0x00000000080055c0       0x58 ./Core/Src/wifi.o
                0x00000000080055c0                WIFI_Init
 .text.WIFI_Connect
                0x0000000008005618       0x44 ./Core/Src/wifi.o
                0x0000000008005618                WIFI_Connect
 .text.Reset_Handler
                0x000000000800565c       0x50 ./Core/Startup/startup_stm32l475vgtx.o
                0x000000000800565c                Reset_Handler
 .text.Default_Handler
                0x00000000080056ac        0x2 ./Core/Startup/startup_stm32l475vgtx.o
                0x00000000080056ac                RTC_Alarm_IRQHandler
                0x00000000080056ac                EXTI2_IRQHandler
                0x00000000080056ac                TIM8_TRG_COM_IRQHandler
                0x00000000080056ac                TIM8_CC_IRQHandler
                0x00000000080056ac                TIM1_CC_IRQHandler
                0x00000000080056ac                TSC_IRQHandler
                0x00000000080056ac                TAMP_STAMP_IRQHandler
                0x00000000080056ac                EXTI3_IRQHandler
                0x00000000080056ac                LPTIM2_IRQHandler
                0x00000000080056ac                DFSDM1_FLT1_IRQHandler
                0x00000000080056ac                I2C3_ER_IRQHandler
                0x00000000080056ac                DFSDM1_FLT2_IRQHandler
                0x00000000080056ac                EXTI0_IRQHandler
                0x00000000080056ac                I2C2_EV_IRQHandler
                0x00000000080056ac                CAN1_RX0_IRQHandler
                0x00000000080056ac                FPU_IRQHandler
                0x00000000080056ac                TIM1_UP_TIM16_IRQHandler
                0x00000000080056ac                ADC1_2_IRQHandler
                0x00000000080056ac                SPI1_IRQHandler
                0x00000000080056ac                TIM6_DAC_IRQHandler
                0x00000000080056ac                TIM8_UP_IRQHandler
                0x00000000080056ac                DMA2_Channel2_IRQHandler
                0x00000000080056ac                DMA1_Channel4_IRQHandler
                0x00000000080056ac                SAI2_IRQHandler
                0x00000000080056ac                DFSDM1_FLT3_IRQHandler
                0x00000000080056ac                USART3_IRQHandler
                0x00000000080056ac                DMA1_Channel7_IRQHandler
                0x00000000080056ac                CAN1_RX1_IRQHandler
                0x00000000080056ac                UART5_IRQHandler
                0x00000000080056ac                ADC3_IRQHandler
                0x00000000080056ac                TIM4_IRQHandler
                0x00000000080056ac                DMA2_Channel1_IRQHandler
                0x00000000080056ac                QUADSPI_IRQHandler
                0x00000000080056ac                I2C1_EV_IRQHandler
                0x00000000080056ac                DMA1_Channel6_IRQHandler
                0x00000000080056ac                UART4_IRQHandler
                0x00000000080056ac                DMA2_Channel4_IRQHandler
                0x00000000080056ac                TIM3_IRQHandler
                0x00000000080056ac                RCC_IRQHandler
                0x00000000080056ac                DMA1_Channel1_IRQHandler
                0x00000000080056ac                Default_Handler
                0x00000000080056ac                DMA2_Channel7_IRQHandler
                0x00000000080056ac                TIM7_IRQHandler
                0x00000000080056ac                SDMMC1_IRQHandler
                0x00000000080056ac                TIM5_IRQHandler
                0x00000000080056ac                I2C3_EV_IRQHandler
                0x00000000080056ac                RTC_WKUP_IRQHandler
                0x00000000080056ac                PVD_PVM_IRQHandler
                0x00000000080056ac                SPI2_IRQHandler
                0x00000000080056ac                CAN1_TX_IRQHandler
                0x00000000080056ac                DMA2_Channel5_IRQHandler
                0x00000000080056ac                DMA1_Channel5_IRQHandler
                0x00000000080056ac                EXTI4_IRQHandler
                0x00000000080056ac                RNG_IRQHandler
                0x00000000080056ac                TIM1_TRG_COM_TIM17_IRQHandler
                0x00000000080056ac                DMA1_Channel3_IRQHandler
                0x00000000080056ac                COMP_IRQHandler
                0x00000000080056ac                WWDG_IRQHandler
                0x00000000080056ac                LPUART1_IRQHandler
                0x00000000080056ac                DMA2_Channel6_IRQHandler
                0x00000000080056ac                USART2_IRQHandler
                0x00000000080056ac                DFSDM1_FLT0_IRQHandler
                0x00000000080056ac                I2C2_ER_IRQHandler
                0x00000000080056ac                DMA1_Channel2_IRQHandler
                0x00000000080056ac                TIM8_BRK_IRQHandler
                0x00000000080056ac                CAN1_SCE_IRQHandler
                0x00000000080056ac                FLASH_IRQHandler
                0x00000000080056ac                USART1_IRQHandler
                0x00000000080056ac                OTG_FS_IRQHandler
                0x00000000080056ac                I2C1_ER_IRQHandler
                0x00000000080056ac                FMC_IRQHandler
                0x00000000080056ac                SWPMI1_IRQHandler
                0x00000000080056ac                LPTIM1_IRQHandler
                0x00000000080056ac                SAI1_IRQHandler
                0x00000000080056ac                DMA2_Channel3_IRQHandler
                0x00000000080056ac                TIM1_BRK_TIM15_IRQHandler
 *fill*         0x00000000080056ae        0x2 
 .text.BSP_I2C2_Init
                0x00000000080056b0       0x7c ./Drivers/BSP/B-L475E-IOT01A2/b_l475e_iot01a2_bus.o
                0x00000000080056b0                BSP_I2C2_Init
 .text.BSP_I2C2_DeInit
                0x000000000800572c       0x50 ./Drivers/BSP/B-L475E-IOT01A2/b_l475e_iot01a2_bus.o
                0x000000000800572c                BSP_I2C2_DeInit
 .text.BSP_I2C2_WriteReg
                0x000000000800577c       0x64 ./Drivers/BSP/B-L475E-IOT01A2/b_l475e_iot01a2_bus.o
                0x000000000800577c                BSP_I2C2_WriteReg
 .text.BSP_I2C2_ReadReg
                0x00000000080057e0       0x64 ./Drivers/BSP/B-L475E-IOT01A2/b_l475e_iot01a2_bus.o
                0x00000000080057e0                BSP_I2C2_ReadReg
 .text.BSP_GetTick
                0x0000000008005844        0xe ./Drivers/BSP/B-L475E-IOT01A2/b_l475e_iot01a2_bus.o
                0x0000000008005844                BSP_GetTick
 *fill*         0x0000000008005852        0x2 
 .text.MX_I2C2_Init
                0x0000000008005854       0x88 ./Drivers/BSP/B-L475E-IOT01A2/b_l475e_iot01a2_bus.o
                0x0000000008005854                MX_I2C2_Init
 .text.I2C2_MspInit
                0x00000000080058dc       0xc0 ./Drivers/BSP/B-L475E-IOT01A2/b_l475e_iot01a2_bus.o
 .text.I2C2_MspDeInit
                0x000000000800599c       0x38 ./Drivers/BSP/B-L475E-IOT01A2/b_l475e_iot01a2_bus.o
 .text.LSM6DSL_RegisterBusIO
                0x00000000080059d4       0xcc ./Drivers/BSP/Components/lsm6dsl/lsm6dsl.o
                0x00000000080059d4                LSM6DSL_RegisterBusIO
 .text.LSM6DSL_Init
                0x0000000008005aa0       0xd2 ./Drivers/BSP/Components/lsm6dsl/lsm6dsl.o
                0x0000000008005aa0                LSM6DSL_Init
 .text.LSM6DSL_ReadID
                0x0000000008005b72       0x2c ./Drivers/BSP/Components/lsm6dsl/lsm6dsl.o
                0x0000000008005b72                LSM6DSL_ReadID
 .text.LSM6DSL_ACC_Enable
                0x0000000008005b9e       0x48 ./Drivers/BSP/Components/lsm6dsl/lsm6dsl.o
                0x0000000008005b9e                LSM6DSL_ACC_Enable
 *fill*         0x0000000008005be6        0x2 
 .text.LSM6DSL_ACC_GetSensitivity
                0x0000000008005be8       0x8c ./Drivers/BSP/Components/lsm6dsl/lsm6dsl.o
                0x0000000008005be8                LSM6DSL_ACC_GetSensitivity
 .text.LSM6DSL_ACC_SetOutputDataRate
                0x0000000008005c74       0x38 ./Drivers/BSP/Components/lsm6dsl/lsm6dsl.o
                0x0000000008005c74                LSM6DSL_ACC_SetOutputDataRate
 .text.LSM6DSL_ACC_SetFullScale
                0x0000000008005cac       0x50 ./Drivers/BSP/Components/lsm6dsl/lsm6dsl.o
                0x0000000008005cac                LSM6DSL_ACC_SetFullScale
 .text.LSM6DSL_ACC_GetAxesRaw
                0x0000000008005cfc       0x48 ./Drivers/BSP/Components/lsm6dsl/lsm6dsl.o
                0x0000000008005cfc                LSM6DSL_ACC_GetAxesRaw
 .text.LSM6DSL_ACC_GetAxes
                0x0000000008005d44       0xae ./Drivers/BSP/Components/lsm6dsl/lsm6dsl.o
                0x0000000008005d44                LSM6DSL_ACC_GetAxes
 .text.LSM6DSL_Write_Reg
                0x0000000008005df2       0x36 ./Drivers/BSP/Components/lsm6dsl/lsm6dsl.o
                0x0000000008005df2                LSM6DSL_Write_Reg
 .text.LSM6DSL_ACC_Set_INT1_DRDY
                0x0000000008005e28       0x68 ./Drivers/BSP/Components/lsm6dsl/lsm6dsl.o
                0x0000000008005e28                LSM6DSL_ACC_Set_INT1_DRDY
 .text.LSM6DSL_ACC_SetOutputDataRate_When_Enabled
                0x0000000008005e90      0x118 ./Drivers/BSP/Components/lsm6dsl/lsm6dsl.o
 .text.LSM6DSL_ACC_SetOutputDataRate_When_Disabled
                0x0000000008005fa8      0x104 ./Drivers/BSP/Components/lsm6dsl/lsm6dsl.o
 .text.ReadRegWrap
                0x00000000080060ac       0x36 ./Drivers/BSP/Components/lsm6dsl/lsm6dsl.o
 .text.WriteRegWrap
                0x00000000080060e2       0x36 ./Drivers/BSP/Components/lsm6dsl/lsm6dsl.o
 .text.lsm6dsl_read_reg
                0x0000000008006118       0x30 ./Drivers/BSP/Components/lsm6dsl/lsm6dsl_reg.o
                0x0000000008006118                lsm6dsl_read_reg
 .text.lsm6dsl_write_reg
                0x0000000008006148       0x30 ./Drivers/BSP/Components/lsm6dsl/lsm6dsl_reg.o
                0x0000000008006148                lsm6dsl_write_reg
 .text.lsm6dsl_xl_full_scale_set
                0x0000000008006178       0x4c ./Drivers/BSP/Components/lsm6dsl/lsm6dsl_reg.o
                0x0000000008006178                lsm6dsl_xl_full_scale_set
 .text.lsm6dsl_xl_full_scale_get
                0x00000000080061c4       0x70 ./Drivers/BSP/Components/lsm6dsl/lsm6dsl_reg.o
                0x00000000080061c4                lsm6dsl_xl_full_scale_get
 .text.lsm6dsl_xl_data_rate_set
                0x0000000008006234       0x4c ./Drivers/BSP/Components/lsm6dsl/lsm6dsl_reg.o
                0x0000000008006234                lsm6dsl_xl_data_rate_set
 .text.lsm6dsl_gy_full_scale_set
                0x0000000008006280       0x4c ./Drivers/BSP/Components/lsm6dsl/lsm6dsl_reg.o
                0x0000000008006280                lsm6dsl_gy_full_scale_set
 .text.lsm6dsl_gy_data_rate_set
                0x00000000080062cc       0x4c ./Drivers/BSP/Components/lsm6dsl/lsm6dsl_reg.o
                0x00000000080062cc                lsm6dsl_gy_data_rate_set
 .text.lsm6dsl_block_data_update_set
                0x0000000008006318       0x4c ./Drivers/BSP/Components/lsm6dsl/lsm6dsl_reg.o
                0x0000000008006318                lsm6dsl_block_data_update_set
 .text.lsm6dsl_acceleration_raw_get
                0x0000000008006364       0x96 ./Drivers/BSP/Components/lsm6dsl/lsm6dsl_reg.o
                0x0000000008006364                lsm6dsl_acceleration_raw_get
 .text.lsm6dsl_device_id_get
                0x00000000080063fa       0x22 ./Drivers/BSP/Components/lsm6dsl/lsm6dsl_reg.o
                0x00000000080063fa                lsm6dsl_device_id_get
 .text.lsm6dsl_auto_increment_set
                0x000000000800641c       0x4c ./Drivers/BSP/Components/lsm6dsl/lsm6dsl_reg.o
                0x000000000800641c                lsm6dsl_auto_increment_set
 .text.lsm6dsl_pin_int1_route_set
                0x0000000008006468      0x2c6 ./Drivers/BSP/Components/lsm6dsl/lsm6dsl_reg.o
                0x0000000008006468                lsm6dsl_pin_int1_route_set
 .text.lsm6dsl_pin_int1_route_get
                0x000000000800672e      0x1ac ./Drivers/BSP/Components/lsm6dsl/lsm6dsl_reg.o
                0x000000000800672e                lsm6dsl_pin_int1_route_get
 .text.lsm6dsl_fifo_mode_set
                0x00000000080068da       0x4c ./Drivers/BSP/Components/lsm6dsl/lsm6dsl_reg.o
                0x00000000080068da                lsm6dsl_fifo_mode_set
 .text.HAL_Init
                0x0000000008006926       0x30 ./Drivers/STM32L4xx_HAL_Driver/Src/stm32l4xx_hal.o
                0x0000000008006926                HAL_Init
 *fill*         0x0000000008006956        0x2 
 .text.HAL_InitTick
                0x0000000008006958       0x78 ./Drivers/STM32L4xx_HAL_Driver/Src/stm32l4xx_hal.o
                0x0000000008006958                HAL_InitTick
 .text.HAL_IncTick
                0x00000000080069d0       0x28 ./Drivers/STM32L4xx_HAL_Driver/Src/stm32l4xx_hal.o
                0x00000000080069d0                HAL_IncTick
 .text.HAL_GetTick
                0x00000000080069f8       0x18 ./Drivers/STM32L4xx_HAL_Driver/Src/stm32l4xx_hal.o
                0x00000000080069f8                HAL_GetTick
 .text.HAL_Delay
                0x0000000008006a10       0x48 ./Drivers/STM32L4xx_HAL_Driver/Src/stm32l4xx_hal.o
                0x0000000008006a10                HAL_Delay
 .text.__NVIC_SetPriorityGrouping
                0x0000000008006a58       0x48 ./Drivers/STM32L4xx_HAL_Driver/Src/stm32l4xx_hal_cortex.o
 .text.__NVIC_GetPriorityGrouping
                0x0000000008006aa0       0x1c ./Drivers/STM32L4xx_HAL_Driver/Src/stm32l4xx_hal_cortex.o
 .text.__NVIC_EnableIRQ
                0x0000000008006abc       0x3c ./Drivers/STM32L4xx_HAL_Driver/Src/stm32l4xx_hal_cortex.o
 .text.__NVIC_SetPriority
                0x0000000008006af8       0x54 ./Drivers/STM32L4xx_HAL_Driver/Src/stm32l4xx_hal_cortex.o
 .text.NVIC_EncodePriority
                0x0000000008006b4c       0x66 ./Drivers/STM32L4xx_HAL_Driver/Src/stm32l4xx_hal_cortex.o
 *fill*         0x0000000008006bb2        0x2 
 .text.SysTick_Config
                0x0000000008006bb4       0x44 ./Drivers/STM32L4xx_HAL_Driver/Src/stm32l4xx_hal_cortex.o
 .text.HAL_NVIC_SetPriorityGrouping
                0x0000000008006bf8       0x16 ./Drivers/STM32L4xx_HAL_Driver/Src/stm32l4xx_hal_cortex.o
                0x0000000008006bf8                HAL_NVIC_SetPriorityGrouping
 .text.HAL_NVIC_SetPriority
                0x0000000008006c0e       0x38 ./Drivers/STM32L4xx_HAL_Driver/Src/stm32l4xx_hal_cortex.o
                0x0000000008006c0e                HAL_NVIC_SetPriority
 .text.HAL_NVIC_EnableIRQ
                0x0000000008006c46       0x1c ./Drivers/STM32L4xx_HAL_Driver/Src/stm32l4xx_hal_cortex.o
                0x0000000008006c46                HAL_NVIC_EnableIRQ
 .text.HAL_SYSTICK_Config
                0x0000000008006c62       0x18 ./Drivers/STM32L4xx_HAL_Driver/Src/stm32l4xx_hal_cortex.o
                0x0000000008006c62                HAL_SYSTICK_Config
 *fill*         0x0000000008006c7a        0x2 
 .text.HAL_DFSDM_ChannelInit
                0x0000000008006c7c      0x180 ./Drivers/STM32L4xx_HAL_Driver/Src/stm32l4xx_hal_dfsdm.o
                0x0000000008006c7c                HAL_DFSDM_ChannelInit
 .text.DFSDM_GetChannelFromInstance
                0x0000000008006dfc       0x98 ./Drivers/STM32L4xx_HAL_Driver/Src/stm32l4xx_hal_dfsdm.o
 .text.HAL_DMA_Abort_IT
                0x0000000008006e94       0x82 ./Drivers/STM32L4xx_HAL_Driver/Src/stm32l4xx_hal_dma.o
                0x0000000008006e94                HAL_DMA_Abort_IT
 *fill*         0x0000000008006f16        0x2 
 .text.HAL_GPIO_Init
                0x0000000008006f18      0x354 ./Drivers/STM32L4xx_HAL_Driver/Src/stm32l4xx_hal_gpio.o
                0x0000000008006f18                HAL_GPIO_Init
 .text.HAL_GPIO_DeInit
                0x000000000800726c      0x1e8 ./Drivers/STM32L4xx_HAL_Driver/Src/stm32l4xx_hal_gpio.o
                0x000000000800726c                HAL_GPIO_DeInit
 .text.HAL_GPIO_ReadPin
                0x0000000008007454       0x30 ./Drivers/STM32L4xx_HAL_Driver/Src/stm32l4xx_hal_gpio.o
                0x0000000008007454                HAL_GPIO_ReadPin
 .text.HAL_GPIO_WritePin
                0x0000000008007484       0x30 ./Drivers/STM32L4xx_HAL_Driver/Src/stm32l4xx_hal_gpio.o
                0x0000000008007484                HAL_GPIO_WritePin
 .text.HAL_GPIO_TogglePin
                0x00000000080074b4       0x34 ./Drivers/STM32L4xx_HAL_Driver/Src/stm32l4xx_hal_gpio.o
                0x00000000080074b4                HAL_GPIO_TogglePin
 .text.HAL_GPIO_EXTI_IRQHandler
                0x00000000080074e8       0x30 ./Drivers/STM32L4xx_HAL_Driver/Src/stm32l4xx_hal_gpio.o
                0x00000000080074e8                HAL_GPIO_EXTI_IRQHandler
 .text.HAL_I2C_Init
                0x0000000008007518      0x11e ./Drivers/STM32L4xx_HAL_Driver/Src/stm32l4xx_hal_i2c.o
                0x0000000008007518                HAL_I2C_Init
 .text.HAL_I2C_DeInit
                0x0000000008007636       0x5e ./Drivers/STM32L4xx_HAL_Driver/Src/stm32l4xx_hal_i2c.o
                0x0000000008007636                HAL_I2C_DeInit
 .text.HAL_I2C_MspInit
                0x0000000008007694       0x14 ./Drivers/STM32L4xx_HAL_Driver/Src/stm32l4xx_hal_i2c.o
                0x0000000008007694                HAL_I2C_MspInit
 .text.HAL_I2C_MspDeInit
                0x00000000080076a8       0x14 ./Drivers/STM32L4xx_HAL_Driver/Src/stm32l4xx_hal_i2c.o
                0x00000000080076a8                HAL_I2C_MspDeInit
 .text.HAL_I2C_Mem_Write
                0x00000000080076bc      0x228 ./Drivers/STM32L4xx_HAL_Driver/Src/stm32l4xx_hal_i2c.o
                0x00000000080076bc                HAL_I2C_Mem_Write
 .text.HAL_I2C_Mem_Read
                0x00000000080078e4      0x234 ./Drivers/STM32L4xx_HAL_Driver/Src/stm32l4xx_hal_i2c.o
                0x00000000080078e4                HAL_I2C_Mem_Read
 .text.HAL_I2C_GetState
                0x0000000008007b18       0x1c ./Drivers/STM32L4xx_HAL_Driver/Src/stm32l4xx_hal_i2c.o
                0x0000000008007b18                HAL_I2C_GetState
 .text.HAL_I2C_GetError
                0x0000000008007b34       0x18 ./Drivers/STM32L4xx_HAL_Driver/Src/stm32l4xx_hal_i2c.o
                0x0000000008007b34                HAL_I2C_GetError
 .text.I2C_RequestMemoryWrite
                0x0000000008007b4c       0xa8 ./Drivers/STM32L4xx_HAL_Driver/Src/stm32l4xx_hal_i2c.o
 .text.I2C_RequestMemoryRead
                0x0000000008007bf4       0xa8 ./Drivers/STM32L4xx_HAL_Driver/Src/stm32l4xx_hal_i2c.o
 .text.I2C_Flush_TXDR
                0x0000000008007c9c       0x48 ./Drivers/STM32L4xx_HAL_Driver/Src/stm32l4xx_hal_i2c.o
 .text.I2C_WaitOnFlagUntilTimeout
                0x0000000008007ce4       0x80 ./Drivers/STM32L4xx_HAL_Driver/Src/stm32l4xx_hal_i2c.o
 .text.I2C_WaitOnTXISFlagUntilTimeout
                0x0000000008007d64       0x80 ./Drivers/STM32L4xx_HAL_Driver/Src/stm32l4xx_hal_i2c.o
 .text.I2C_WaitOnSTOPFlagUntilTimeout
                0x0000000008007de4       0x78 ./Drivers/STM32L4xx_HAL_Driver/Src/stm32l4xx_hal_i2c.o
 .text.I2C_IsErrorOccurred
                0x0000000008007e5c      0x1d8 ./Drivers/STM32L4xx_HAL_Driver/Src/stm32l4xx_hal_i2c.o
 .text.I2C_TransferConfig
                0x0000000008008034       0x64 ./Drivers/STM32L4xx_HAL_Driver/Src/stm32l4xx_hal_i2c.o
 .text.HAL_I2CEx_ConfigAnalogFilter
                0x0000000008008098       0x96 ./Drivers/STM32L4xx_HAL_Driver/Src/stm32l4xx_hal_i2c_ex.o
                0x0000000008008098                HAL_I2CEx_ConfigAnalogFilter
 .text.HAL_I2CEx_ConfigDigitalFilter
                0x000000000800812e       0x98 ./Drivers/STM32L4xx_HAL_Driver/Src/stm32l4xx_hal_i2c_ex.o
                0x000000000800812e                HAL_I2CEx_ConfigDigitalFilter
 .text.HAL_PCD_Init
                0x00000000080081c6      0x248 ./Drivers/STM32L4xx_HAL_Driver/Src/stm32l4xx_hal_pcd.o
                0x00000000080081c6                HAL_PCD_Init
 .text.HAL_PCDEx_ActivateLPM
                0x000000000800840e       0x48 ./Drivers/STM32L4xx_HAL_Driver/Src/stm32l4xx_hal_pcd_ex.o
                0x000000000800840e                HAL_PCDEx_ActivateLPM
 *fill*         0x0000000008008456        0x2 
 .text.HAL_PWR_EnableBkUpAccess
                0x0000000008008458       0x20 ./Drivers/STM32L4xx_HAL_Driver/Src/stm32l4xx_hal_pwr.o
                0x0000000008008458                HAL_PWR_EnableBkUpAccess
 .text.HAL_PWREx_GetVoltageRange
                0x0000000008008478       0x1c ./Drivers/STM32L4xx_HAL_Driver/Src/stm32l4xx_hal_pwr_ex.o
                0x0000000008008478                HAL_PWREx_GetVoltageRange
 .text.HAL_PWREx_ControlVoltageScaling
                0x0000000008008494       0xac ./Drivers/STM32L4xx_HAL_Driver/Src/stm32l4xx_hal_pwr_ex.o
                0x0000000008008494                HAL_PWREx_ControlVoltageScaling
 .text.HAL_PWREx_EnableVddUSB
                0x0000000008008540       0x20 ./Drivers/STM32L4xx_HAL_Driver/Src/stm32l4xx_hal_pwr_ex.o
                0x0000000008008540                HAL_PWREx_EnableVddUSB
 .text.HAL_QSPI_Init
                0x0000000008008560       0xec ./Drivers/STM32L4xx_HAL_Driver/Src/stm32l4xx_hal_qspi.o
                0x0000000008008560                HAL_QSPI_Init
 .text.HAL_QSPI_SetTimeout
                0x000000000800864c       0x1c ./Drivers/STM32L4xx_HAL_Driver/Src/stm32l4xx_hal_qspi.o
                0x000000000800864c                HAL_QSPI_SetTimeout
 .text.QSPI_WaitFlagStateUntilTimeout
                0x0000000008008668       0x6e ./Drivers/STM32L4xx_HAL_Driver/Src/stm32l4xx_hal_qspi.o
 *fill*         0x00000000080086d6        0x2 
 .text.HAL_RCC_OscConfig
                0x00000000080086d8      0x7b8 ./Drivers/STM32L4xx_HAL_Driver/Src/stm32l4xx_hal_rcc.o
                0x00000000080086d8                HAL_RCC_OscConfig
 .text.HAL_RCC_ClockConfig
                0x0000000008008e90      0x200 ./Drivers/STM32L4xx_HAL_Driver/Src/stm32l4xx_hal_rcc.o
                0x0000000008008e90                HAL_RCC_ClockConfig
 .text.HAL_RCC_GetSysClockFreq
                0x0000000008009090      0x118 ./Drivers/STM32L4xx_HAL_Driver/Src/stm32l4xx_hal_rcc.o
                0x0000000008009090                HAL_RCC_GetSysClockFreq
 .text.HAL_RCC_GetHCLKFreq
                0x00000000080091a8       0x18 ./Drivers/STM32L4xx_HAL_Driver/Src/stm32l4xx_hal_rcc.o
                0x00000000080091a8                HAL_RCC_GetHCLKFreq
 .text.HAL_RCC_GetPCLK1Freq
                0x00000000080091c0       0x2c ./Drivers/STM32L4xx_HAL_Driver/Src/stm32l4xx_hal_rcc.o
                0x00000000080091c0                HAL_RCC_GetPCLK1Freq
 .text.HAL_RCC_GetPCLK2Freq
                0x00000000080091ec       0x2c ./Drivers/STM32L4xx_HAL_Driver/Src/stm32l4xx_hal_rcc.o
                0x00000000080091ec                HAL_RCC_GetPCLK2Freq
 .text.RCC_SetFlashLatencyFromMSIRange
                0x0000000008009218       0xc0 ./Drivers/STM32L4xx_HAL_Driver/Src/stm32l4xx_hal_rcc.o
 .text.HAL_RCCEx_PeriphCLKConfig
                0x00000000080092d8      0x5d4 ./Drivers/STM32L4xx_HAL_Driver/Src/stm32l4xx_hal_rcc_ex.o
                0x00000000080092d8                HAL_RCCEx_PeriphCLKConfig
 .text.HAL_RCCEx_EnableMSIPLLMode
                0x00000000080098ac       0x20 ./Drivers/STM32L4xx_HAL_Driver/Src/stm32l4xx_hal_rcc_ex.o
                0x00000000080098ac                HAL_RCCEx_EnableMSIPLLMode
 .text.RCCEx_PLLSAI1_Config
                0x00000000080098cc      0x1e8 ./Drivers/STM32L4xx_HAL_Driver/Src/stm32l4xx_hal_rcc_ex.o
 .text.RCCEx_PLLSAI2_Config
                0x0000000008009ab4      0x1bc ./Drivers/STM32L4xx_HAL_Driver/Src/stm32l4xx_hal_rcc_ex.o
 .text.HAL_SPI_Init
                0x0000000008009c70      0x146 ./Drivers/STM32L4xx_HAL_Driver/Src/stm32l4xx_hal_spi.o
                0x0000000008009c70                HAL_SPI_Init
 .text.HAL_SPI_DeInit
                0x0000000008009db6       0x50 ./Drivers/STM32L4xx_HAL_Driver/Src/stm32l4xx_hal_spi.o
                0x0000000008009db6                HAL_SPI_DeInit
 .text.HAL_SPI_Receive
                0x0000000008009e06      0x260 ./Drivers/STM32L4xx_HAL_Driver/Src/stm32l4xx_hal_spi.o
                0x0000000008009e06                HAL_SPI_Receive
 .text.HAL_SPI_TransmitReceive
                0x000000000800a066      0x426 ./Drivers/STM32L4xx_HAL_Driver/Src/stm32l4xx_hal_spi.o
                0x000000000800a066                HAL_SPI_TransmitReceive
 .text.HAL_SPI_Transmit_IT
                0x000000000800a48c      0x11c ./Drivers/STM32L4xx_HAL_Driver/Src/stm32l4xx_hal_spi.o
                0x000000000800a48c                HAL_SPI_Transmit_IT
 .text.HAL_SPI_Receive_IT
                0x000000000800a5a8      0x160 ./Drivers/STM32L4xx_HAL_Driver/Src/stm32l4xx_hal_spi.o
                0x000000000800a5a8                HAL_SPI_Receive_IT
 .text.HAL_SPI_TransmitReceive_IT
                0x000000000800a708      0x160 ./Drivers/STM32L4xx_HAL_Driver/Src/stm32l4xx_hal_spi.o
                0x000000000800a708                HAL_SPI_TransmitReceive_IT
 .text.HAL_SPI_IRQHandler
                0x000000000800a868      0x200 ./Drivers/STM32L4xx_HAL_Driver/Src/stm32l4xx_hal_spi.o
                0x000000000800a868                HAL_SPI_IRQHandler
 .text.HAL_SPI_TxRxCpltCallback
                0x000000000800aa68       0x14 ./Drivers/STM32L4xx_HAL_Driver/Src/stm32l4xx_hal_spi.o
                0x000000000800aa68                HAL_SPI_TxRxCpltCallback
 .text.HAL_SPI_ErrorCallback
                0x000000000800aa7c       0x14 ./Drivers/STM32L4xx_HAL_Driver/Src/stm32l4xx_hal_spi.o
                0x000000000800aa7c                HAL_SPI_ErrorCallback
 .text.SPI_DMAAbortOnError
                0x000000000800aa90       0x2a ./Drivers/STM32L4xx_HAL_Driver/Src/stm32l4xx_hal_spi.o
 .text.SPI_2linesRxISR_8BIT
                0x000000000800aaba       0xbe ./Drivers/STM32L4xx_HAL_Driver/Src/stm32l4xx_hal_spi.o
 .text.SPI_2linesTxISR_8BIT
                0x000000000800ab78       0x92 ./Drivers/STM32L4xx_HAL_Driver/Src/stm32l4xx_hal_spi.o
 .text.SPI_2linesRxISR_16BIT
                0x000000000800ac0a       0x66 ./Drivers/STM32L4xx_HAL_Driver/Src/stm32l4xx_hal_spi.o
 .text.SPI_2linesTxISR_16BIT
                0x000000000800ac70       0x60 ./Drivers/STM32L4xx_HAL_Driver/Src/stm32l4xx_hal_spi.o
 .text.SPI_RxISR_8BIT
                0x000000000800acd0       0x50 ./Drivers/STM32L4xx_HAL_Driver/Src/stm32l4xx_hal_spi.o
 .text.SPI_RxISR_16BIT
                0x000000000800ad20       0x4c ./Drivers/STM32L4xx_HAL_Driver/Src/stm32l4xx_hal_spi.o
 .text.SPI_TxISR_8BIT
                0x000000000800ad6c       0x46 ./Drivers/STM32L4xx_HAL_Driver/Src/stm32l4xx_hal_spi.o
 .text.SPI_TxISR_16BIT
                0x000000000800adb2       0x44 ./Drivers/STM32L4xx_HAL_Driver/Src/stm32l4xx_hal_spi.o
 *fill*         0x000000000800adf6        0x2 
 .text.SPI_WaitFlagStateUntilTimeout
                0x000000000800adf8      0x110 ./Drivers/STM32L4xx_HAL_Driver/Src/stm32l4xx_hal_spi.o
 .text.SPI_WaitFifoStateUntilTimeout
                0x000000000800af08      0x12c ./Drivers/STM32L4xx_HAL_Driver/Src/stm32l4xx_hal_spi.o
 .text.SPI_EndRxTransaction
                0x000000000800b034       0xb0 ./Drivers/STM32L4xx_HAL_Driver/Src/stm32l4xx_hal_spi.o
 .text.SPI_EndRxTxTransaction
                0x000000000800b0e4       0x8c ./Drivers/STM32L4xx_HAL_Driver/Src/stm32l4xx_hal_spi.o
 .text.SPI_CloseRxTx_ISR
                0x000000000800b170       0x84 ./Drivers/STM32L4xx_HAL_Driver/Src/stm32l4xx_hal_spi.o
 .text.SPI_CloseRx_ISR
                0x000000000800b1f4       0x60 ./Drivers/STM32L4xx_HAL_Driver/Src/stm32l4xx_hal_spi.o
 .text.SPI_CloseTx_ISR
                0x000000000800b254       0x7e ./Drivers/STM32L4xx_HAL_Driver/Src/stm32l4xx_hal_spi.o
 .text.HAL_TIM_Base_Init
                0x000000000800b2d2       0xae ./Drivers/STM32L4xx_HAL_Driver/Src/stm32l4xx_hal_tim.o
                0x000000000800b2d2                HAL_TIM_Base_Init
 .text.HAL_TIM_Base_Start_IT
                0x000000000800b380       0xe0 ./Drivers/STM32L4xx_HAL_Driver/Src/stm32l4xx_hal_tim.o
                0x000000000800b380                HAL_TIM_Base_Start_IT
 .text.HAL_TIM_IRQHandler
                0x000000000800b460      0x23e ./Drivers/STM32L4xx_HAL_Driver/Src/stm32l4xx_hal_tim.o
                0x000000000800b460                HAL_TIM_IRQHandler
 .text.HAL_TIM_ConfigClockSource
                0x000000000800b69e      0x192 ./Drivers/STM32L4xx_HAL_Driver/Src/stm32l4xx_hal_tim.o
                0x000000000800b69e                HAL_TIM_ConfigClockSource
 .text.HAL_TIM_PeriodElapsedCallback
                0x000000000800b830       0x14 ./Drivers/STM32L4xx_HAL_Driver/Src/stm32l4xx_hal_tim.o
                0x000000000800b830                HAL_TIM_PeriodElapsedCallback
 .text.HAL_TIM_OC_DelayElapsedCallback
                0x000000000800b844       0x14 ./Drivers/STM32L4xx_HAL_Driver/Src/stm32l4xx_hal_tim.o
                0x000000000800b844                HAL_TIM_OC_DelayElapsedCallback
 .text.HAL_TIM_IC_CaptureCallback
                0x000000000800b858       0x14 ./Drivers/STM32L4xx_HAL_Driver/Src/stm32l4xx_hal_tim.o
                0x000000000800b858                HAL_TIM_IC_CaptureCallback
 .text.HAL_TIM_PWM_PulseFinishedCallback
                0x000000000800b86c       0x14 ./Drivers/STM32L4xx_HAL_Driver/Src/stm32l4xx_hal_tim.o
                0x000000000800b86c                HAL_TIM_PWM_PulseFinishedCallback
 .text.HAL_TIM_TriggerCallback
                0x000000000800b880       0x14 ./Drivers/STM32L4xx_HAL_Driver/Src/stm32l4xx_hal_tim.o
                0x000000000800b880                HAL_TIM_TriggerCallback
 .text.TIM_Base_SetConfig
                0x000000000800b894      0x134 ./Drivers/STM32L4xx_HAL_Driver/Src/stm32l4xx_hal_tim.o
                0x000000000800b894                TIM_Base_SetConfig
 .text.TIM_TI1_ConfigInputStage
                0x000000000800b9c8       0x5e ./Drivers/STM32L4xx_HAL_Driver/Src/stm32l4xx_hal_tim.o
 .text.TIM_TI2_ConfigInputStage
                0x000000000800ba26       0x60 ./Drivers/STM32L4xx_HAL_Driver/Src/stm32l4xx_hal_tim.o
 .text.TIM_ITRx_SetConfig
                0x000000000800ba86       0x36 ./Drivers/STM32L4xx_HAL_Driver/Src/stm32l4xx_hal_tim.o
 .text.TIM_ETR_SetConfig
                0x000000000800babc       0x40 ./Drivers/STM32L4xx_HAL_Driver/Src/stm32l4xx_hal_tim.o
                0x000000000800babc                TIM_ETR_SetConfig
 .text.HAL_TIMEx_MasterConfigSynchronization
                0x000000000800bafc      0x110 ./Drivers/STM32L4xx_HAL_Driver/Src/stm32l4xx_hal_tim_ex.o
                0x000000000800bafc                HAL_TIMEx_MasterConfigSynchronization
 .text.HAL_TIMEx_CommutCallback
                0x000000000800bc0c       0x14 ./Drivers/STM32L4xx_HAL_Driver/Src/stm32l4xx_hal_tim_ex.o
                0x000000000800bc0c                HAL_TIMEx_CommutCallback
 .text.HAL_TIMEx_BreakCallback
                0x000000000800bc20       0x14 ./Drivers/STM32L4xx_HAL_Driver/Src/stm32l4xx_hal_tim_ex.o
                0x000000000800bc20                HAL_TIMEx_BreakCallback
 .text.HAL_TIMEx_Break2Callback
                0x000000000800bc34       0x14 ./Drivers/STM32L4xx_HAL_Driver/Src/stm32l4xx_hal_tim_ex.o
                0x000000000800bc34                HAL_TIMEx_Break2Callback
 .text.HAL_UART_Init
                0x000000000800bc48       0x9c ./Drivers/STM32L4xx_HAL_Driver/Src/stm32l4xx_hal_uart.o
                0x000000000800bc48                HAL_UART_Init
 .text.HAL_UART_Transmit
                0x000000000800bce4      0x128 ./Drivers/STM32L4xx_HAL_Driver/Src/stm32l4xx_hal_uart.o
                0x000000000800bce4                HAL_UART_Transmit
 .text.UART_SetConfig
                0x000000000800be0c      0x570 ./Drivers/STM32L4xx_HAL_Driver/Src/stm32l4xx_hal_uart.o
                0x000000000800be0c                UART_SetConfig
 .text.UART_AdvFeatureConfig
                0x000000000800c37c      0x144 ./Drivers/STM32L4xx_HAL_Driver/Src/stm32l4xx_hal_uart.o
                0x000000000800c37c                UART_AdvFeatureConfig
 .text.UART_CheckIdleState
                0x000000000800c4c0       0x92 ./Drivers/STM32L4xx_HAL_Driver/Src/stm32l4xx_hal_uart.o
                0x000000000800c4c0                UART_CheckIdleState
 .text.UART_WaitOnFlagUntilTimeout
                0x000000000800c552      0x188 ./Drivers/STM32L4xx_HAL_Driver/Src/stm32l4xx_hal_uart.o
                0x000000000800c552                UART_WaitOnFlagUntilTimeout
 .text.USB_CoreInit
                0x000000000800c6da       0x58 ./Drivers/STM32L4xx_HAL_Driver/Src/stm32l4xx_ll_usb.o
                0x000000000800c6da                USB_CoreInit
 .text.USB_DisableGlobalInt
                0x000000000800c732       0x22 ./Drivers/STM32L4xx_HAL_Driver/Src/stm32l4xx_ll_usb.o
                0x000000000800c732                USB_DisableGlobalInt
 .text.USB_SetCurrentMode
                0x000000000800c754       0x98 ./Drivers/STM32L4xx_HAL_Driver/Src/stm32l4xx_ll_usb.o
                0x000000000800c754                USB_SetCurrentMode
 .text.USB_DevInit
                0x000000000800c7ec      0x298 ./Drivers/STM32L4xx_HAL_Driver/Src/stm32l4xx_ll_usb.o
                0x000000000800c7ec                USB_DevInit
 .text.USB_FlushTxFifo
                0x000000000800ca84       0x68 ./Drivers/STM32L4xx_HAL_Driver/Src/stm32l4xx_ll_usb.o
                0x000000000800ca84                USB_FlushTxFifo
 .text.USB_FlushRxFifo
                0x000000000800caec       0x60 ./Drivers/STM32L4xx_HAL_Driver/Src/stm32l4xx_ll_usb.o
                0x000000000800caec                USB_FlushRxFifo
 .text.USB_SetDevSpeed
                0x000000000800cb4c       0x32 ./Drivers/STM32L4xx_HAL_Driver/Src/stm32l4xx_ll_usb.o
                0x000000000800cb4c                USB_SetDevSpeed
 .text.USB_DevDisconnect
                0x000000000800cb7e       0x42 ./Drivers/STM32L4xx_HAL_Driver/Src/stm32l4xx_ll_usb.o
                0x000000000800cb7e                USB_DevDisconnect
 .text.USB_GetMode
                0x000000000800cbc0       0x1c ./Drivers/STM32L4xx_HAL_Driver/Src/stm32l4xx_ll_usb.o
                0x000000000800cbc0                USB_GetMode
 .text.USB_CoreReset
                0x000000000800cbdc       0x68 ./Drivers/STM32L4xx_HAL_Driver/Src/stm32l4xx_ll_usb.o
 .text.__assert_func
                0x000000000800cc44       0x3c c:/uni-program/stm32cubeide_1.10.1/stm32cubeide/plugins/com.st.stm32cube.ide.mcu.externaltools.gnu-tools-for-stm32.10.3-2021.10.win32_1.0.0.202111181127/tools/bin/../lib/gcc/arm-none-eabi/10.3.1/../../../../arm-none-eabi/lib/thumb/v7e-m+fp/hard\libc_nano.a(lib_a-assert.o)
                0x000000000800cc44                __assert_func
 .text.__errno  0x000000000800cc80        0xc c:/uni-program/stm32cubeide_1.10.1/stm32cubeide/plugins/com.st.stm32cube.ide.mcu.externaltools.gnu-tools-for-stm32.10.3-2021.10.win32_1.0.0.202111181127/tools/bin/../lib/gcc/arm-none-eabi/10.3.1/../../../../arm-none-eabi/lib/thumb/v7e-m+fp/hard\libc_nano.a(lib_a-errno.o)
                0x000000000800cc80                __errno
 .text.fprintf  0x000000000800cc8c       0x24 c:/uni-program/stm32cubeide_1.10.1/stm32cubeide/plugins/com.st.stm32cube.ide.mcu.externaltools.gnu-tools-for-stm32.10.3-2021.10.win32_1.0.0.202111181127/tools/bin/../lib/gcc/arm-none-eabi/10.3.1/../../../../arm-none-eabi/lib/thumb/v7e-m+fp/hard\libc_nano.a(lib_a-fprintf.o)
                0x000000000800cc8c                fiprintf
                0x000000000800cc8c                fprintf
 .text.__libc_init_array
                0x000000000800ccb0       0x48 c:/uni-program/stm32cubeide_1.10.1/stm32cubeide/plugins/com.st.stm32cube.ide.mcu.externaltools.gnu-tools-for-stm32.10.3-2021.10.win32_1.0.0.202111181127/tools/bin/../lib/gcc/arm-none-eabi/10.3.1/../../../../arm-none-eabi/lib/thumb/v7e-m+fp/hard\libc_nano.a(lib_a-init.o)
                0x000000000800ccb0                __libc_init_array
 .text.memcpy   0x000000000800ccf8       0x1c c:/uni-program/stm32cubeide_1.10.1/stm32cubeide/plugins/com.st.stm32cube.ide.mcu.externaltools.gnu-tools-for-stm32.10.3-2021.10.win32_1.0.0.202111181127/tools/bin/../lib/gcc/arm-none-eabi/10.3.1/../../../../arm-none-eabi/lib/thumb/v7e-m+fp/hard\libc_nano.a(lib_a-memcpy-stub.o)
                0x000000000800ccf8                memcpy
 .text.memset   0x000000000800cd14       0x10 c:/uni-program/stm32cubeide_1.10.1/stm32cubeide/plugins/com.st.stm32cube.ide.mcu.externaltools.gnu-tools-for-stm32.10.3-2021.10.win32_1.0.0.202111181127/tools/bin/../lib/gcc/arm-none-eabi/10.3.1/../../../../arm-none-eabi/lib/thumb/v7e-m+fp/hard\libc_nano.a(lib_a-memset.o)
                0x000000000800cd14                memset
 .text.__sfputc_r
                0x000000000800cd24       0x2e c:/uni-program/stm32cubeide_1.10.1/stm32cubeide/plugins/com.st.stm32cube.ide.mcu.externaltools.gnu-tools-for-stm32.10.3-2021.10.win32_1.0.0.202111181127/tools/bin/../lib/gcc/arm-none-eabi/10.3.1/../../../../arm-none-eabi/lib/thumb/v7e-m+fp/hard\libc_nano.a(lib_a-nano-vfprintf.o)
 .text.__sfputs_r
                0x000000000800cd52       0x24 c:/uni-program/stm32cubeide_1.10.1/stm32cubeide/plugins/com.st.stm32cube.ide.mcu.externaltools.gnu-tools-for-stm32.10.3-2021.10.win32_1.0.0.202111181127/tools/bin/../lib/gcc/arm-none-eabi/10.3.1/../../../../arm-none-eabi/lib/thumb/v7e-m+fp/hard\libc_nano.a(lib_a-nano-vfprintf.o)
                0x000000000800cd52                __sfputs_r
 *fill*         0x000000000800cd76        0x2 
 .text._vfprintf_r
                0x000000000800cd78      0x260 c:/uni-program/stm32cubeide_1.10.1/stm32cubeide/plugins/com.st.stm32cube.ide.mcu.externaltools.gnu-tools-for-stm32.10.3-2021.10.win32_1.0.0.202111181127/tools/bin/../lib/gcc/arm-none-eabi/10.3.1/../../../../arm-none-eabi/lib/thumb/v7e-m+fp/hard\libc_nano.a(lib_a-nano-vfprintf.o)
                0x000000000800cd78                _vfprintf_r
                0x000000000800cd78                _vfiprintf_r
 .text._printf_common
                0x000000000800cfd8       0xda c:/uni-program/stm32cubeide_1.10.1/stm32cubeide/plugins/com.st.stm32cube.ide.mcu.externaltools.gnu-tools-for-stm32.10.3-2021.10.win32_1.0.0.202111181127/tools/bin/../lib/gcc/arm-none-eabi/10.3.1/../../../../arm-none-eabi/lib/thumb/v7e-m+fp/hard\libc_nano.a(lib_a-nano-vfprintf_i.o)
                0x000000000800cfd8                _printf_common
 *fill*         0x000000000800d0b2        0x2 
 .text._printf_i
                0x000000000800d0b4      0x24c c:/uni-program/stm32cubeide_1.10.1/stm32cubeide/plugins/com.st.stm32cube.ide.mcu.externaltools.gnu-tools-for-stm32.10.3-2021.10.win32_1.0.0.202111181127/tools/bin/../lib/gcc/arm-none-eabi/10.3.1/../../../../arm-none-eabi/lib/thumb/v7e-m+fp/hard\libc_nano.a(lib_a-nano-vfprintf_i.o)
                0x000000000800d0b4                _printf_i
 .text.printf   0x000000000800d300       0x30 c:/uni-program/stm32cubeide_1.10.1/stm32cubeide/plugins/com.st.stm32cube.ide.mcu.externaltools.gnu-tools-for-stm32.10.3-2021.10.win32_1.0.0.202111181127/tools/bin/../lib/gcc/arm-none-eabi/10.3.1/../../../../arm-none-eabi/lib/thumb/v7e-m+fp/hard\libc_nano.a(lib_a-printf.o)
                0x000000000800d300                iprintf
                0x000000000800d300                printf
 .text._puts_r  0x000000000800d330       0xdc c:/uni-program/stm32cubeide_1.10.1/stm32cubeide/plugins/com.st.stm32cube.ide.mcu.externaltools.gnu-tools-for-stm32.10.3-2021.10.win32_1.0.0.202111181127/tools/bin/../lib/gcc/arm-none-eabi/10.3.1/../../../../arm-none-eabi/lib/thumb/v7e-m+fp/hard\libc_nano.a(lib_a-puts.o)
                0x000000000800d330                _puts_r
 .text.puts     0x000000000800d40c       0x10 c:/uni-program/stm32cubeide_1.10.1/stm32cubeide/plugins/com.st.stm32cube.ide.mcu.externaltools.gnu-tools-for-stm32.10.3-2021.10.win32_1.0.0.202111181127/tools/bin/../lib/gcc/arm-none-eabi/10.3.1/../../../../arm-none-eabi/lib/thumb/v7e-m+fp/hard\libc_nano.a(lib_a-puts.o)
                0x000000000800d40c                puts
 .text.sprintf  0x000000000800d41c       0x40 c:/uni-program/stm32cubeide_1.10.1/stm32cubeide/plugins/com.st.stm32cube.ide.mcu.externaltools.gnu-tools-for-stm32.10.3-2021.10.win32_1.0.0.202111181127/tools/bin/../lib/gcc/arm-none-eabi/10.3.1/../../../../arm-none-eabi/lib/thumb/v7e-m+fp/hard\libc_nano.a(lib_a-sprintf.o)
                0x000000000800d41c                siprintf
                0x000000000800d41c                sprintf
 .text.strncpy  0x000000000800d45c       0x26 c:/uni-program/stm32cubeide_1.10.1/stm32cubeide/plugins/com.st.stm32cube.ide.mcu.externaltools.gnu-tools-for-stm32.10.3-2021.10.win32_1.0.0.202111181127/tools/bin/../lib/gcc/arm-none-eabi/10.3.1/../../../../arm-none-eabi/lib/thumb/v7e-m+fp/hard\libc_nano.a(lib_a-strncpy.o)
                0x000000000800d45c                strncpy
 .text.strstr   0x000000000800d482       0x2c c:/uni-program/stm32cubeide_1.10.1/stm32cubeide/plugins/com.st.stm32cube.ide.mcu.externaltools.gnu-tools-for-stm32.10.3-2021.10.win32_1.0.0.202111181127/tools/bin/../lib/gcc/arm-none-eabi/10.3.1/../../../../arm-none-eabi/lib/thumb/v7e-m+fp/hard\libc_nano.a(lib_a-strstr.o)
                0x000000000800d482                strstr
 *fill*         0x000000000800d4ae        0x2 
 .text.strtok   0x000000000800d4b0       0x68 c:/uni-program/stm32cubeide_1.10.1/stm32cubeide/plugins/com.st.stm32cube.ide.mcu.externaltools.gnu-tools-for-stm32.10.3-2021.10.win32_1.0.0.202111181127/tools/bin/../lib/gcc/arm-none-eabi/10.3.1/../../../../arm-none-eabi/lib/thumb/v7e-m+fp/hard\libc_nano.a(lib_a-strtok.o)
                0x000000000800d4b0                strtok
 .text.__strtok_r
                0x000000000800d518       0x50 c:/uni-program/stm32cubeide_1.10.1/stm32cubeide/plugins/com.st.stm32cube.ide.mcu.externaltools.gnu-tools-for-stm32.10.3-2021.10.win32_1.0.0.202111181127/tools/bin/../lib/gcc/arm-none-eabi/10.3.1/../../../../arm-none-eabi/lib/thumb/v7e-m+fp/hard\libc_nano.a(lib_a-strtok_r.o)
                0x000000000800d518                __strtok_r
 .text.__swbuf_r
                0x000000000800d568       0xa4 c:/uni-program/stm32cubeide_1.10.1/stm32cubeide/plugins/com.st.stm32cube.ide.mcu.externaltools.gnu-tools-for-stm32.10.3-2021.10.win32_1.0.0.202111181127/tools/bin/../lib/gcc/arm-none-eabi/10.3.1/../../../../arm-none-eabi/lib/thumb/v7e-m+fp/hard\libc_nano.a(lib_a-wbuf.o)
                0x000000000800d568                __swbuf_r
 .text.__swsetup_r
                0x000000000800d60c       0xdc c:/uni-program/stm32cubeide_1.10.1/stm32cubeide/plugins/com.st.stm32cube.ide.mcu.externaltools.gnu-tools-for-stm32.10.3-2021.10.win32_1.0.0.202111181127/tools/bin/../lib/gcc/arm-none-eabi/10.3.1/../../../../arm-none-eabi/lib/thumb/v7e-m+fp/hard\libc_nano.a(lib_a-wsetup.o)
                0x000000000800d60c                __swsetup_r
 .text.abort    0x000000000800d6e8        0xe c:/uni-program/stm32cubeide_1.10.1/stm32cubeide/plugins/com.st.stm32cube.ide.mcu.externaltools.gnu-tools-for-stm32.10.3-2021.10.win32_1.0.0.202111181127/tools/bin/../lib/gcc/arm-none-eabi/10.3.1/../../../../arm-none-eabi/lib/thumb/v7e-m+fp/hard\libc_nano.a(lib_a-abort.o)
                0x000000000800d6e8                abort
 *fill*         0x000000000800d6f6        0x2 
 .text.__sflush_r
                0x000000000800d6f8      0x10c c:/uni-program/stm32cubeide_1.10.1/stm32cubeide/plugins/com.st.stm32cube.ide.mcu.externaltools.gnu-tools-for-stm32.10.3-2021.10.win32_1.0.0.202111181127/tools/bin/../lib/gcc/arm-none-eabi/10.3.1/../../../../arm-none-eabi/lib/thumb/v7e-m+fp/hard\libc_nano.a(lib_a-fflush.o)
                0x000000000800d6f8                __sflush_r
 .text._fflush_r
                0x000000000800d804       0x78 c:/uni-program/stm32cubeide_1.10.1/stm32cubeide/plugins/com.st.stm32cube.ide.mcu.externaltools.gnu-tools-for-stm32.10.3-2021.10.win32_1.0.0.202111181127/tools/bin/../lib/gcc/arm-none-eabi/10.3.1/../../../../arm-none-eabi/lib/thumb/v7e-m+fp/hard\libc_nano.a(lib_a-fflush.o)
                0x000000000800d804                _fflush_r
 .text.std      0x000000000800d87c       0x48 c:/uni-program/stm32cubeide_1.10.1/stm32cubeide/plugins/com.st.stm32cube.ide.mcu.externaltools.gnu-tools-for-stm32.10.3-2021.10.win32_1.0.0.202111181127/tools/bin/../lib/gcc/arm-none-eabi/10.3.1/../../../../arm-none-eabi/lib/thumb/v7e-m+fp/hard\libc_nano.a(lib_a-findfp.o)
 .text._cleanup_r
                0x000000000800d8c4        0xc c:/uni-program/stm32cubeide_1.10.1/stm32cubeide/plugins/com.st.stm32cube.ide.mcu.externaltools.gnu-tools-for-stm32.10.3-2021.10.win32_1.0.0.202111181127/tools/bin/../lib/gcc/arm-none-eabi/10.3.1/../../../../arm-none-eabi/lib/thumb/v7e-m+fp/hard\libc_nano.a(lib_a-findfp.o)
                0x000000000800d8c4                _cleanup_r
 .text.__sfmoreglue
                0x000000000800d8d0       0x2c c:/uni-program/stm32cubeide_1.10.1/stm32cubeide/plugins/com.st.stm32cube.ide.mcu.externaltools.gnu-tools-for-stm32.10.3-2021.10.win32_1.0.0.202111181127/tools/bin/../lib/gcc/arm-none-eabi/10.3.1/../../../../arm-none-eabi/lib/thumb/v7e-m+fp/hard\libc_nano.a(lib_a-findfp.o)
                0x000000000800d8d0                __sfmoreglue
 .text.__sfp_lock_acquire
                0x000000000800d8fc        0xc c:/uni-program/stm32cubeide_1.10.1/stm32cubeide/plugins/com.st.stm32cube.ide.mcu.externaltools.gnu-tools-for-stm32.10.3-2021.10.win32_1.0.0.202111181127/tools/bin/../lib/gcc/arm-none-eabi/10.3.1/../../../../arm-none-eabi/lib/thumb/v7e-m+fp/hard\libc_nano.a(lib_a-findfp.o)
                0x000000000800d8fc                __sfp_lock_acquire
 .text.__sfp_lock_release
                0x000000000800d908        0xc c:/uni-program/stm32cubeide_1.10.1/stm32cubeide/plugins/com.st.stm32cube.ide.mcu.externaltools.gnu-tools-for-stm32.10.3-2021.10.win32_1.0.0.202111181127/tools/bin/../lib/gcc/arm-none-eabi/10.3.1/../../../../arm-none-eabi/lib/thumb/v7e-m+fp/hard\libc_nano.a(lib_a-findfp.o)
                0x000000000800d908                __sfp_lock_release
 .text.__sinit_lock_acquire
                0x000000000800d914        0xc c:/uni-program/stm32cubeide_1.10.1/stm32cubeide/plugins/com.st.stm32cube.ide.mcu.externaltools.gnu-tools-for-stm32.10.3-2021.10.win32_1.0.0.202111181127/tools/bin/../lib/gcc/arm-none-eabi/10.3.1/../../../../arm-none-eabi/lib/thumb/v7e-m+fp/hard\libc_nano.a(lib_a-findfp.o)
                0x000000000800d914                __sinit_lock_acquire
 .text.__sinit_lock_release
                0x000000000800d920        0xc c:/uni-program/stm32cubeide_1.10.1/stm32cubeide/plugins/com.st.stm32cube.ide.mcu.externaltools.gnu-tools-for-stm32.10.3-2021.10.win32_1.0.0.202111181127/tools/bin/../lib/gcc/arm-none-eabi/10.3.1/../../../../arm-none-eabi/lib/thumb/v7e-m+fp/hard\libc_nano.a(lib_a-findfp.o)
                0x000000000800d920                __sinit_lock_release
 .text.__sinit  0x000000000800d92c       0x70 c:/uni-program/stm32cubeide_1.10.1/stm32cubeide/plugins/com.st.stm32cube.ide.mcu.externaltools.gnu-tools-for-stm32.10.3-2021.10.win32_1.0.0.202111181127/tools/bin/../lib/gcc/arm-none-eabi/10.3.1/../../../../arm-none-eabi/lib/thumb/v7e-m+fp/hard\libc_nano.a(lib_a-findfp.o)
                0x000000000800d92c                __sinit
 .text.__sfp    0x000000000800d99c       0x8c c:/uni-program/stm32cubeide_1.10.1/stm32cubeide/plugins/com.st.stm32cube.ide.mcu.externaltools.gnu-tools-for-stm32.10.3-2021.10.win32_1.0.0.202111181127/tools/bin/../lib/gcc/arm-none-eabi/10.3.1/../../../../arm-none-eabi/lib/thumb/v7e-m+fp/hard\libc_nano.a(lib_a-findfp.o)
                0x000000000800d99c                __sfp
 .text._fwalk_reent
                0x000000000800da28       0x3e c:/uni-program/stm32cubeide_1.10.1/stm32cubeide/plugins/com.st.stm32cube.ide.mcu.externaltools.gnu-tools-for-stm32.10.3-2021.10.win32_1.0.0.202111181127/tools/bin/../lib/gcc/arm-none-eabi/10.3.1/../../../../arm-none-eabi/lib/thumb/v7e-m+fp/hard\libc_nano.a(lib_a-fwalk.o)
                0x000000000800da28                _fwalk_reent
 .text.__retarget_lock_init_recursive
                0x000000000800da66        0x2 c:/uni-program/stm32cubeide_1.10.1/stm32cubeide/plugins/com.st.stm32cube.ide.mcu.externaltools.gnu-tools-for-stm32.10.3-2021.10.win32_1.0.0.202111181127/tools/bin/../lib/gcc/arm-none-eabi/10.3.1/../../../../arm-none-eabi/lib/thumb/v7e-m+fp/hard\libc_nano.a(lib_a-lock.o)
                0x000000000800da66                __retarget_lock_init_recursive
 .text.__retarget_lock_acquire_recursive
                0x000000000800da68        0x2 c:/uni-program/stm32cubeide_1.10.1/stm32cubeide/plugins/com.st.stm32cube.ide.mcu.externaltools.gnu-tools-for-stm32.10.3-2021.10.win32_1.0.0.202111181127/tools/bin/../lib/gcc/arm-none-eabi/10.3.1/../../../../arm-none-eabi/lib/thumb/v7e-m+fp/hard\libc_nano.a(lib_a-lock.o)
                0x000000000800da68                __retarget_lock_acquire_recursive
 .text.__retarget_lock_release_recursive
                0x000000000800da6a        0x2 c:/uni-program/stm32cubeide_1.10.1/stm32cubeide/plugins/com.st.stm32cube.ide.mcu.externaltools.gnu-tools-for-stm32.10.3-2021.10.win32_1.0.0.202111181127/tools/bin/../lib/gcc/arm-none-eabi/10.3.1/../../../../arm-none-eabi/lib/thumb/v7e-m+fp/hard\libc_nano.a(lib_a-lock.o)
                0x000000000800da6a                __retarget_lock_release_recursive
 .text.__swhatbuf_r
                0x000000000800da6c       0x4a c:/uni-program/stm32cubeide_1.10.1/stm32cubeide/plugins/com.st.stm32cube.ide.mcu.externaltools.gnu-tools-for-stm32.10.3-2021.10.win32_1.0.0.202111181127/tools/bin/../lib/gcc/arm-none-eabi/10.3.1/../../../../arm-none-eabi/lib/thumb/v7e-m+fp/hard\libc_nano.a(lib_a-makebuf.o)
                0x000000000800da6c                __swhatbuf_r
 *fill*         0x000000000800dab6        0x2 
 .text.__smakebuf_r
                0x000000000800dab8       0x80 c:/uni-program/stm32cubeide_1.10.1/stm32cubeide/plugins/com.st.stm32cube.ide.mcu.externaltools.gnu-tools-for-stm32.10.3-2021.10.win32_1.0.0.202111181127/tools/bin/../lib/gcc/arm-none-eabi/10.3.1/../../../../arm-none-eabi/lib/thumb/v7e-m+fp/hard\libc_nano.a(lib_a-makebuf.o)
                0x000000000800dab8                __smakebuf_r
 .text.malloc   0x000000000800db38       0x10 c:/uni-program/stm32cubeide_1.10.1/stm32cubeide/plugins/com.st.stm32cube.ide.mcu.externaltools.gnu-tools-for-stm32.10.3-2021.10.win32_1.0.0.202111181127/tools/bin/../lib/gcc/arm-none-eabi/10.3.1/../../../../arm-none-eabi/lib/thumb/v7e-m+fp/hard\libc_nano.a(lib_a-malloc.o)
                0x000000000800db38                malloc
 .text.memmove  0x000000000800db48       0x34 c:/uni-program/stm32cubeide_1.10.1/stm32cubeide/plugins/com.st.stm32cube.ide.mcu.externaltools.gnu-tools-for-stm32.10.3-2021.10.win32_1.0.0.202111181127/tools/bin/../lib/gcc/arm-none-eabi/10.3.1/../../../../arm-none-eabi/lib/thumb/v7e-m+fp/hard\libc_nano.a(lib_a-memmove.o)
                0x000000000800db48                memmove
 .text._free_r  0x000000000800db7c       0x98 c:/uni-program/stm32cubeide_1.10.1/stm32cubeide/plugins/com.st.stm32cube.ide.mcu.externaltools.gnu-tools-for-stm32.10.3-2021.10.win32_1.0.0.202111181127/tools/bin/../lib/gcc/arm-none-eabi/10.3.1/../../../../arm-none-eabi/lib/thumb/v7e-m+fp/hard\libc_nano.a(lib_a-nano-freer.o)
                0x000000000800db7c                _free_r
 .text.sbrk_aligned
                0x000000000800dc14       0x40 c:/uni-program/stm32cubeide_1.10.1/stm32cubeide/plugins/com.st.stm32cube.ide.mcu.externaltools.gnu-tools-for-stm32.10.3-2021.10.win32_1.0.0.202111181127/tools/bin/../lib/gcc/arm-none-eabi/10.3.1/../../../../arm-none-eabi/lib/thumb/v7e-m+fp/hard\libc_nano.a(lib_a-nano-mallocr.o)
 .text._malloc_r
                0x000000000800dc54       0xe8 c:/uni-program/stm32cubeide_1.10.1/stm32cubeide/plugins/com.st.stm32cube.ide.mcu.externaltools.gnu-tools-for-stm32.10.3-2021.10.win32_1.0.0.202111181127/tools/bin/../lib/gcc/arm-none-eabi/10.3.1/../../../../arm-none-eabi/lib/thumb/v7e-m+fp/hard\libc_nano.a(lib_a-nano-mallocr.o)
                0x000000000800dc54                _malloc_r
 .text._realloc_r
                0x000000000800dd3c       0x5e c:/uni-program/stm32cubeide_1.10.1/stm32cubeide/plugins/com.st.stm32cube.ide.mcu.externaltools.gnu-tools-for-stm32.10.3-2021.10.win32_1.0.0.202111181127/tools/bin/../lib/gcc/arm-none-eabi/10.3.1/../../../../arm-none-eabi/lib/thumb/v7e-m+fp/hard\libc_nano.a(lib_a-nano-reallocr.o)
                0x000000000800dd3c                _realloc_r
 .text.__ssputs_r
                0x000000000800dd9a       0xb6 c:/uni-program/stm32cubeide_1.10.1/stm32cubeide/plugins/com.st.stm32cube.ide.mcu.externaltools.gnu-tools-for-stm32.10.3-2021.10.win32_1.0.0.202111181127/tools/bin/../lib/gcc/arm-none-eabi/10.3.1/../../../../arm-none-eabi/lib/thumb/v7e-m+fp/hard\libc_nano.a(lib_a-nano-svfprintf.o)
                0x000000000800dd9a                __ssputs_r
 .text._svfprintf_r
                0x000000000800de50      0x200 c:/uni-program/stm32cubeide_1.10.1/stm32cubeide/plugins/com.st.stm32cube.ide.mcu.externaltools.gnu-tools-for-stm32.10.3-2021.10.win32_1.0.0.202111181127/tools/bin/../lib/gcc/arm-none-eabi/10.3.1/../../../../arm-none-eabi/lib/thumb/v7e-m+fp/hard\libc_nano.a(lib_a-nano-svfprintf.o)
                0x000000000800de50                _svfiprintf_r
                0x000000000800de50                _svfprintf_r
 .text._sbrk_r  0x000000000800e050       0x20 c:/uni-program/stm32cubeide_1.10.1/stm32cubeide/plugins/com.st.stm32cube.ide.mcu.externaltools.gnu-tools-for-stm32.10.3-2021.10.win32_1.0.0.202111181127/tools/bin/../lib/gcc/arm-none-eabi/10.3.1/../../../../arm-none-eabi/lib/thumb/v7e-m+fp/hard\libc_nano.a(lib_a-sbrkr.o)
                0x000000000800e050                _sbrk_r
 .text._raise_r
                0x000000000800e070       0x50 c:/uni-program/stm32cubeide_1.10.1/stm32cubeide/plugins/com.st.stm32cube.ide.mcu.externaltools.gnu-tools-for-stm32.10.3-2021.10.win32_1.0.0.202111181127/tools/bin/../lib/gcc/arm-none-eabi/10.3.1/../../../../arm-none-eabi/lib/thumb/v7e-m+fp/hard\libc_nano.a(lib_a-signal.o)
                0x000000000800e070                _raise_r
 .text.raise    0x000000000800e0c0       0x10 c:/uni-program/stm32cubeide_1.10.1/stm32cubeide/plugins/com.st.stm32cube.ide.mcu.externaltools.gnu-tools-for-stm32.10.3-2021.10.win32_1.0.0.202111181127/tools/bin/../lib/gcc/arm-none-eabi/10.3.1/../../../../arm-none-eabi/lib/thumb/v7e-m+fp/hard\libc_nano.a(lib_a-signal.o)
                0x000000000800e0c0                raise
 .text._kill_r  0x000000000800e0d0       0x24 c:/uni-program/stm32cubeide_1.10.1/stm32cubeide/plugins/com.st.stm32cube.ide.mcu.externaltools.gnu-tools-for-stm32.10.3-2021.10.win32_1.0.0.202111181127/tools/bin/../lib/gcc/arm-none-eabi/10.3.1/../../../../arm-none-eabi/lib/thumb/v7e-m+fp/hard\libc_nano.a(lib_a-signalr.o)
                0x000000000800e0d0                _kill_r
 .text._getpid_r
                0x000000000800e0f4        0x4 c:/uni-program/stm32cubeide_1.10.1/stm32cubeide/plugins/com.st.stm32cube.ide.mcu.externaltools.gnu-tools-for-stm32.10.3-2021.10.win32_1.0.0.202111181127/tools/bin/../lib/gcc/arm-none-eabi/10.3.1/../../../../arm-none-eabi/lib/thumb/v7e-m+fp/hard\libc_nano.a(lib_a-signalr.o)
                0x000000000800e0f4                _getpid_r
 .text.__sread  0x000000000800e0f8       0x22 c:/uni-program/stm32cubeide_1.10.1/stm32cubeide/plugins/com.st.stm32cube.ide.mcu.externaltools.gnu-tools-for-stm32.10.3-2021.10.win32_1.0.0.202111181127/tools/bin/../lib/gcc/arm-none-eabi/10.3.1/../../../../arm-none-eabi/lib/thumb/v7e-m+fp/hard\libc_nano.a(lib_a-stdio.o)
                0x000000000800e0f8                __sread
 .text.__swrite
                0x000000000800e11a       0x38 c:/uni-program/stm32cubeide_1.10.1/stm32cubeide/plugins/com.st.stm32cube.ide.mcu.externaltools.gnu-tools-for-stm32.10.3-2021.10.win32_1.0.0.202111181127/tools/bin/../lib/gcc/arm-none-eabi/10.3.1/../../../../arm-none-eabi/lib/thumb/v7e-m+fp/hard\libc_nano.a(lib_a-stdio.o)
                0x000000000800e11a                __swrite
 .text.__sseek  0x000000000800e152       0x24 c:/uni-program/stm32cubeide_1.10.1/stm32cubeide/plugins/com.st.stm32cube.ide.mcu.externaltools.gnu-tools-for-stm32.10.3-2021.10.win32_1.0.0.202111181127/tools/bin/../lib/gcc/arm-none-eabi/10.3.1/../../../../arm-none-eabi/lib/thumb/v7e-m+fp/hard\libc_nano.a(lib_a-stdio.o)
                0x000000000800e152                __sseek
 .text.__sclose
                0x000000000800e176        0x8 c:/uni-program/stm32cubeide_1.10.1/stm32cubeide/plugins/com.st.stm32cube.ide.mcu.externaltools.gnu-tools-for-stm32.10.3-2021.10.win32_1.0.0.202111181127/tools/bin/../lib/gcc/arm-none-eabi/10.3.1/../../../../arm-none-eabi/lib/thumb/v7e-m+fp/hard\libc_nano.a(lib_a-stdio.o)
                0x000000000800e176                __sclose
 *fill*         0x000000000800e17e        0x2 
 .text._write_r
                0x000000000800e180       0x24 c:/uni-program/stm32cubeide_1.10.1/stm32cubeide/plugins/com.st.stm32cube.ide.mcu.externaltools.gnu-tools-for-stm32.10.3-2021.10.win32_1.0.0.202111181127/tools/bin/../lib/gcc/arm-none-eabi/10.3.1/../../../../arm-none-eabi/lib/thumb/v7e-m+fp/hard\libc_nano.a(lib_a-writer.o)
                0x000000000800e180                _write_r
 .text._close_r
                0x000000000800e1a4       0x20 c:/uni-program/stm32cubeide_1.10.1/stm32cubeide/plugins/com.st.stm32cube.ide.mcu.externaltools.gnu-tools-for-stm32.10.3-2021.10.win32_1.0.0.202111181127/tools/bin/../lib/gcc/arm-none-eabi/10.3.1/../../../../arm-none-eabi/lib/thumb/v7e-m+fp/hard\libc_nano.a(lib_a-closer.o)
                0x000000000800e1a4                _close_r
 .text._fstat_r
                0x000000000800e1c4       0x24 c:/uni-program/stm32cubeide_1.10.1/stm32cubeide/plugins/com.st.stm32cube.ide.mcu.externaltools.gnu-tools-for-stm32.10.3-2021.10.win32_1.0.0.202111181127/tools/bin/../lib/gcc/arm-none-eabi/10.3.1/../../../../arm-none-eabi/lib/thumb/v7e-m+fp/hard\libc_nano.a(lib_a-fstatr.o)
                0x000000000800e1c4                _fstat_r
 .text._isatty_r
                0x000000000800e1e8       0x20 c:/uni-program/stm32cubeide_1.10.1/stm32cubeide/plugins/com.st.stm32cube.ide.mcu.externaltools.gnu-tools-for-stm32.10.3-2021.10.win32_1.0.0.202111181127/tools/bin/../lib/gcc/arm-none-eabi/10.3.1/../../../../arm-none-eabi/lib/thumb/v7e-m+fp/hard\libc_nano.a(lib_a-isattyr.o)
                0x000000000800e1e8                _isatty_r
 .text._lseek_r
                0x000000000800e208       0x24 c:/uni-program/stm32cubeide_1.10.1/stm32cubeide/plugins/com.st.stm32cube.ide.mcu.externaltools.gnu-tools-for-stm32.10.3-2021.10.win32_1.0.0.202111181127/tools/bin/../lib/gcc/arm-none-eabi/10.3.1/../../../../arm-none-eabi/lib/thumb/v7e-m+fp/hard\libc_nano.a(lib_a-lseekr.o)
                0x000000000800e208                _lseek_r
 .text.__malloc_lock
                0x000000000800e22c        0xc c:/uni-program/stm32cubeide_1.10.1/stm32cubeide/plugins/com.st.stm32cube.ide.mcu.externaltools.gnu-tools-for-stm32.10.3-2021.10.win32_1.0.0.202111181127/tools/bin/../lib/gcc/arm-none-eabi/10.3.1/../../../../arm-none-eabi/lib/thumb/v7e-m+fp/hard\libc_nano.a(lib_a-mlock.o)
                0x000000000800e22c                __malloc_lock
 .text.__malloc_unlock
                0x000000000800e238        0xc c:/uni-program/stm32cubeide_1.10.1/stm32cubeide/plugins/com.st.stm32cube.ide.mcu.externaltools.gnu-tools-for-stm32.10.3-2021.10.win32_1.0.0.202111181127/tools/bin/../lib/gcc/arm-none-eabi/10.3.1/../../../../arm-none-eabi/lib/thumb/v7e-m+fp/hard\libc_nano.a(lib_a-mlock.o)
                0x000000000800e238                __malloc_unlock
 .text._malloc_usable_size_r
                0x000000000800e244       0x10 c:/uni-program/stm32cubeide_1.10.1/stm32cubeide/plugins/com.st.stm32cube.ide.mcu.externaltools.gnu-tools-for-stm32.10.3-2021.10.win32_1.0.0.202111181127/tools/bin/../lib/gcc/arm-none-eabi/10.3.1/../../../../arm-none-eabi/lib/thumb/v7e-m+fp/hard\libc_nano.a(lib_a-nano-msizer.o)
                0x000000000800e244                _malloc_usable_size_r
 .text._read_r  0x000000000800e254       0x24 c:/uni-program/stm32cubeide_1.10.1/stm32cubeide/plugins/com.st.stm32cube.ide.mcu.externaltools.gnu-tools-for-stm32.10.3-2021.10.win32_1.0.0.202111181127/tools/bin/../lib/gcc/arm-none-eabi/10.3.1/../../../../arm-none-eabi/lib/thumb/v7e-m+fp/hard\libc_nano.a(lib_a-readr.o)
                0x000000000800e254                _read_r
 *(.glue_7)
 .glue_7        0x000000000800e278        0x0 linker stubs
 *(.glue_7t)
 .glue_7t       0x000000000800e278        0x0 linker stubs
 *(.eh_frame)
 .eh_frame      0x000000000800e278        0x0 c:/uni-program/stm32cubeide_1.10.1/stm32cubeide/plugins/com.st.stm32cube.ide.mcu.externaltools.gnu-tools-for-stm32.10.3-2021.10.win32_1.0.0.202111181127/tools/bin/../lib/gcc/arm-none-eabi/10.3.1/thumb/v7e-m+fp/hard/crtbegin.o
 *(.init)
 .init          0x000000000800e278        0x4 c:/uni-program/stm32cubeide_1.10.1/stm32cubeide/plugins/com.st.stm32cube.ide.mcu.externaltools.gnu-tools-for-stm32.10.3-2021.10.win32_1.0.0.202111181127/tools/bin/../lib/gcc/arm-none-eabi/10.3.1/thumb/v7e-m+fp/hard/crti.o
                0x000000000800e278                _init
 .init          0x000000000800e27c        0x8 c:/uni-program/stm32cubeide_1.10.1/stm32cubeide/plugins/com.st.stm32cube.ide.mcu.externaltools.gnu-tools-for-stm32.10.3-2021.10.win32_1.0.0.202111181127/tools/bin/../lib/gcc/arm-none-eabi/10.3.1/thumb/v7e-m+fp/hard/crtn.o
 *(.fini)
 .fini          0x000000000800e284        0x4 c:/uni-program/stm32cubeide_1.10.1/stm32cubeide/plugins/com.st.stm32cube.ide.mcu.externaltools.gnu-tools-for-stm32.10.3-2021.10.win32_1.0.0.202111181127/tools/bin/../lib/gcc/arm-none-eabi/10.3.1/thumb/v7e-m+fp/hard/crti.o
                0x000000000800e284                _fini
 .fini          0x000000000800e288        0x8 c:/uni-program/stm32cubeide_1.10.1/stm32cubeide/plugins/com.st.stm32cube.ide.mcu.externaltools.gnu-tools-for-stm32.10.3-2021.10.win32_1.0.0.202111181127/tools/bin/../lib/gcc/arm-none-eabi/10.3.1/thumb/v7e-m+fp/hard/crtn.o
                0x000000000800e290                . = ALIGN (0x4)
                0x000000000800e290                _etext = .

.vfp11_veneer   0x000000000800e290        0x0
 .vfp11_veneer  0x000000000800e290        0x0 linker stubs

.v4_bx          0x000000000800e290        0x0
 .v4_bx         0x000000000800e290        0x0 linker stubs

.iplt           0x000000000800e290        0x0
 .iplt          0x000000000800e290        0x0 c:/uni-program/stm32cubeide_1.10.1/stm32cubeide/plugins/com.st.stm32cube.ide.mcu.externaltools.gnu-tools-for-stm32.10.3-2021.10.win32_1.0.0.202111181127/tools/bin/../lib/gcc/arm-none-eabi/10.3.1/thumb/v7e-m+fp/hard/crtbegin.o

.rodata         0x000000000800e290     0x140c
                0x000000000800e290                . = ALIGN (0x4)
 *(.rodata)
 .rodata        0x000000000800e290      0x3b5 ./Core/Src/core_mqtt.o
 *fill*         0x000000000800e645        0x3 
 .rodata        0x000000000800e648      0x3e1 ./Core/Src/core_mqtt_serializer.o
 *fill*         0x000000000800ea29        0x3 
 .rodata        0x000000000800ea2c      0x1c3 ./Core/Src/core_mqtt_state.o
 *fill*         0x000000000800ebef        0x1 
 .rodata        0x000000000800ebf0      0x4b2 ./Core/Src/es_wifi.o
 *fill*         0x000000000800f0a2        0x2 
 .rodata        0x000000000800f0a4      0x1c1 ./Core/Src/main.o
 *fill*         0x000000000800f265        0x3 
 .rodata        0x000000000800f268       0x10 ./Core/Src/transport_interface.o
 *(.rodata*)
 .rodata.__func__.14
                0x000000000800f278        0xb ./Core/Src/core_mqtt.o
 *fill*         0x000000000800f283        0x1 
 .rodata.__func__.13
                0x000000000800f284       0x15 ./Core/Src/core_mqtt.o
 *fill*         0x000000000800f299        0x3 
 .rodata.__func__.12
                0x000000000800f29c        0xa ./Core/Src/core_mqtt.o
 *fill*         0x000000000800f2a6        0x2 
 .rodata.__func__.11
                0x000000000800f2a8        0xe ./Core/Src/core_mqtt.o
 *fill*         0x000000000800f2b6        0x2 
 .rodata.__func__.10
                0x000000000800f2b8        0xe ./Core/Src/core_mqtt.o
 *fill*         0x000000000800f2c6        0x2 
 .rodata.__func__.9
                0x000000000800f2c8       0x10 ./Core/Src/core_mqtt.o
 .rodata.__func__.8
                0x000000000800f2d8       0x10 ./Core/Src/core_mqtt.o
 .rodata.__func__.7
                0x000000000800f2e8       0x16 ./Core/Src/core_mqtt.o
 *fill*         0x000000000800f2fe        0x2 
 .rodata.__func__.6
                0x000000000800f300       0x12 ./Core/Src/core_mqtt.o
 *fill*         0x000000000800f312        0x2 
 .rodata.__func__.5
                0x000000000800f314       0x12 ./Core/Src/core_mqtt.o
 *fill*         0x000000000800f326        0x2 
 .rodata.__func__.4
                0x000000000800f328       0x17 ./Core/Src/core_mqtt.o
 *fill*         0x000000000800f33f        0x1 
 .rodata.__func__.3
                0x000000000800f340        0xc ./Core/Src/core_mqtt.o
 .rodata.__func__.2
                0x000000000800f34c        0xf ./Core/Src/core_mqtt.o
 *fill*         0x000000000800f35b        0x1 
 .rodata.__func__.1
                0x000000000800f35c       0x18 ./Core/Src/core_mqtt.o
 .rodata.__func__.0
                0x000000000800f374       0x11 ./Core/Src/core_mqtt.o
 *fill*         0x000000000800f385        0x3 
 .rodata.__func__.13
                0x000000000800f388       0x16 ./Core/Src/core_mqtt_serializer.o
 *fill*         0x000000000800f39e        0x2 
 .rodata.__func__.12
                0x000000000800f3a0        0xd ./Core/Src/core_mqtt_serializer.o
 *fill*         0x000000000800f3ad        0x3 
 .rodata.__func__.11
                0x000000000800f3b0       0x1b ./Core/Src/core_mqtt_serializer.o
 *fill*         0x000000000800f3cb        0x1 
 .rodata.__func__.10
                0x000000000800f3cc       0x17 ./Core/Src/core_mqtt_serializer.o
 *fill*         0x000000000800f3e3        0x1 
 .rodata.__func__.9
                0x000000000800f3e4       0x14 ./Core/Src/core_mqtt_serializer.o
 .rodata.__func__.8
                0x000000000800f3f8       0x13 ./Core/Src/core_mqtt_serializer.o
 *fill*         0x000000000800f40b        0x1 
 .rodata.__func__.7
                0x000000000800f40c       0x13 ./Core/Src/core_mqtt_serializer.o
 *fill*         0x000000000800f41f        0x1 
 .rodata.__func__.5
                0x000000000800f420       0x11 ./Core/Src/core_mqtt_serializer.o
 *fill*         0x000000000800f431        0x3 
 .rodata.__func__.4
                0x000000000800f434       0x12 ./Core/Src/core_mqtt_serializer.o
 *fill*         0x000000000800f446        0x2 
 .rodata.__func__.3