Archive member included to satisfy reference by file (symbol)

c:/uni-program/stm32cubeide_1.10.1/stm32cubeide/plugins/com.st.stm32cube.ide.mcu.externaltools.gnu-tools-for-stm32.10.3-2021.10.win32_1.0.0.202111181127/tools/bin/../lib/gcc/arm-none-eabi/10.3.1/../../../../arm-none-eabi/lib/thumb/v7e-m+fp/hard\libc_nano.a(lib_a-assert.o)
                              ./Core/Src/core_mqtt.o (__assert_func)
c:/uni-program/stm32cubeide_1.10.1/stm32cubeide/plugins/com.st.stm32cube.ide.mcu.externaltools.gnu-tools-for-stm32.10.3-2021.10.win32_1.0.0.202111181127/tools/bin/../lib/gcc/arm-none-eabi/10.3.1/../../../../arm-none-eabi/lib/thumb/v7e-m+fp/hard\libc_nano.a(lib_a-errno.o)
                              ./Core/Src/syscalls.o (__errno)
c:/uni-program/stm32cubeide_1.10.1/stm32cubeide/plugins/com.st.stm32cube.ide.mcu.externaltools.gnu-tools-for-stm32.10.3-2021.10.win32_1.0.0.202111181127/tools/bin/../lib/gcc/arm-none-eabi/10.3.1/../../../../arm-none-eabi/lib/thumb/v7e-m+fp/hard\libc_nano.a(lib_a-exit.o)
                              c:/uni-program/stm32cubeide_1.10.1/stm32cubeide/plugins/com.st.stm32cube.ide.mcu.externaltools.gnu-tools-for-stm32.10.3-2021.10.win32_1.0.0.202111181127/tools/bin/../lib/gcc/arm-none-eabi/10.3.1/../../../../arm-none-eabi/lib/thumb/v7e-m+fp/hard/crt0.o (exit)
c:/uni-program/stm32cubeide_1.10.1/stm32cubeide/plugins/com.st.stm32cube.ide.mcu.externaltools.gnu-tools-for-stm32.10.3-2021.10.win32_1.0.0.202111181127/tools/bin/../lib/gcc/arm-none-eabi/10.3.1/../../../../arm-none-eabi/lib/thumb/v7e-m+fp/hard\libc_nano.a(lib_a-fprintf.o)
                              c:/uni-program/stm32cubeide_1.10.1/stm32cubeide/plugins/com.st.stm32cube.ide.mcu.externaltools.gnu-tools-for-stm32.10.3-2021.10.win32_1.0.0.202111181127/tools/bin/../lib/gcc/arm-none-eabi/10.3.1/../../../../arm-none-eabi/lib/thumb/v7e-m+fp/hard\libc_nano.a(lib_a-assert.o) (fiprintf)
c:/uni-program/stm32cubeide_1.10.1/stm32cubeide/plugins/com.st.stm32cube.ide.mcu.externaltools.gnu-tools-for-stm32.10.3-2021.10.win32_1.0.0.202111181127/tools/bin/../lib/gcc/arm-none-eabi/10.3.1/../../../../arm-none-eabi/lib/thumb/v7e-m+fp/hard\libc_nano.a(lib_a-impure.o)
                              c:/uni-program/stm32cubeide_1.10.1/stm32cubeide/plugins/com.st.stm32cube.ide.mcu.externaltools.gnu-tools-for-stm32.10.3-2021.10.win32_1.0.0.202111181127/tools/bin/../lib/gcc/arm-none-eabi/10.3.1/../../../../arm-none-eabi/lib/thumb/v7e-m+fp/hard\libc_nano.a(lib_a-exit.o) (_global_impure_ptr)
c:/uni-program/stm32cubeide_1.10.1/stm32cubeide/plugins/com.st.stm32cube.ide.mcu.externaltools.gnu-tools-for-stm32.10.3-2021.10.win32_1.0.0.202111181127/tools/bin/../lib/gcc/arm-none-eabi/10.3.1/../../../../arm-none-eabi/lib/thumb/v7e-m+fp/hard\libc_nano.a(lib_a-init.o)
                              c:/uni-program/stm32cubeide_1.10.1/stm32cubeide/plugins/com.st.stm32cube.ide.mcu.externaltools.gnu-tools-for-stm32.10.3-2021.10.win32_1.0.0.202111181127/tools/bin/../lib/gcc/arm-none-eabi/10.3.1/../../../../arm-none-eabi/lib/thumb/v7e-m+fp/hard/crt0.o (__libc_init_array)
c:/uni-program/stm32cubeide_1.10.1/stm32cubeide/plugins/com.st.stm32cube.ide.mcu.externaltools.gnu-tools-for-stm32.10.3-2021.10.win32_1.0.0.202111181127/tools/bin/../lib/gcc/arm-none-eabi/10.3.1/../../../../arm-none-eabi/lib/thumb/v7e-m+fp/hard\libc_nano.a(lib_a-malloc.o)
                              ./Core/Src/mqtt_cbmc_state.o (malloc)
c:/uni-program/stm32cubeide_1.10.1/stm32cubeide/plugins/com.st.stm32cube.ide.mcu.externaltools.gnu-tools-for-stm32.10.3-2021.10.win32_1.0.0.202111181127/tools/bin/../lib/gcc/arm-none-eabi/10.3.1/../../../../arm-none-eabi/lib/thumb/v7e-m+fp/hard\libc_nano.a(lib_a-memcmp.o)
                              ./Core/Src/es_wifi.o (memcmp)
c:/uni-program/stm32cubeide_1.10.1/stm32cubeide/plugins/com.st.stm32cube.ide.mcu.externaltools.gnu-tools-for-stm32.10.3-2021.10.win32_1.0.0.202111181127/tools/bin/../lib/gcc/arm-none-eabi/10.3.1/../../../../arm-none-eabi/lib/thumb/v7e-m+fp/hard\libc_nano.a(lib_a-memcpy-stub.o)
                              ./Core/Src/core_mqtt_serializer.o (memcpy)
c:/uni-program/stm32cubeide_1.10.1/stm32cubeide/plugins/com.st.stm32cube.ide.mcu.externaltools.gnu-tools-for-stm32.10.3-2021.10.win32_1.0.0.202111181127/tools/bin/../lib/gcc/arm-none-eabi/10.3.1/../../../../arm-none-eabi/lib/thumb/v7e-m+fp/hard\libc_nano.a(lib_a-memset.o)
                              c:/uni-program/stm32cubeide_1.10.1/stm32cubeide/plugins/com.st.stm32cube.ide.mcu.externaltools.gnu-tools-for-stm32.10.3-2021.10.win32_1.0.0.202111181127/tools/bin/../lib/gcc/arm-none-eabi/10.3.1/../../../../arm-none-eabi/lib/thumb/v7e-m+fp/hard/crt0.o (memset)
c:/uni-program/stm32cubeide_1.10.1/stm32cubeide/plugins/com.st.stm32cube.ide.mcu.externaltools.gnu-tools-for-stm32.10.3-2021.10.win32_1.0.0.202111181127/tools/bin/../lib/gcc/arm-none-eabi/10.3.1/../../../../arm-none-eabi/lib/thumb/v7e-m+fp/hard\libc_nano.a(lib_a-nano-freer.o)
[...]
Memory Configuration

Name             Origin             Length             Attributes
RAM              0x0000000020000000 0x0000000000018000 xrw
RAM2             0x0000000010000000 0x0000000000008000 xrw
FLASH            0x0000000008000000 0x0000000000100000 xr
*default*        0x0000000000000000 0xffffffffffffffff

Linker script and memory map

LOAD c:/uni-program/stm32cubeide_1.10.1/stm32cubeide/plugins/com.st.stm32cube.ide.mcu.externaltools.gnu-tools-for-stm32.10.3-2021.10.win32_1.0.0.202111181127/tools/bin/../lib/gcc/arm-none-eabi/10.3.1/thumb/v7e-m+fp/hard/crti.o
LOAD c:/uni-program/stm32cubeide_1.10.1/stm32cubeide/plugins/com.st.stm32cube.ide.mcu.externaltools.gnu-tools-for-stm32.10.3-2021.10.win32_1.0.0.202111181127/tools/bin/../lib/gcc/arm-none-eabi/10.3.1/thumb/v7e-m+fp/hard/crtbegin.o
LOAD c:/uni-program/stm32cubeide_1.10.1/stm32cubeide/plugins/com.st.stm32cube.ide.mcu.externaltools.gnu-tools-for-stm32.10.3-2021.10.win32_1.0.0.202111181127/tools/bin/../lib/gcc/arm-none-eabi/10.3.1/../../../../arm-none-eabi/lib/thumb/v7e-m+fp/hard/crt0.o
LOAD ./Core/Src/core_mqtt.o
LOAD ./Core/Src/core_mqtt_serializer.o
LOAD ./Core/Src/core_mqtt_state.o
LOAD ./Core/Src/es_wifi.o
LOAD ./Core/Src/es_wifi_io.o
LOAD ./Core/Src/event_callback_stub.o
LOAD ./Core/Src/get_time_stub.o
LOAD ./Core/Src/main.o
LOAD ./Core/Src/memcpy.o
LOAD ./Core/Src/mqtt_cbmc_state.o
LOAD ./Core/Src/network_interface_stubs.o
LOAD ./Core/Src/stm32l4xx_hal_msp.o
LOAD ./Core/Src/stm32l4xx_it.o
LOAD ./Core/Src/syscalls.o
LOAD ./Core/Src/sysmem.o
LOAD ./Core/Src/system_stm32l4xx.o
LOAD ./Core/Src/wifi.o
LOAD ./Core/Startup/startup_stm32l475vgtx.o
LOAD ./Drivers/BSP/B-L475E-IOT01A2/b_l475e_iot01a2_bus.o
LOAD ./Drivers/BSP/Components/lsm6dsl/lsm6dsl.o
LOAD ./Drivers/BSP/Components/lsm6dsl/lsm6dsl_reg.o
LOAD ./Drivers/STM32L4xx_HAL_Driver/Src/stm32l4xx_hal.o
LOAD ./Drivers/STM32L4xx_HAL_Driver/Src/stm32l4xx_hal_cortex.o
LOAD ./Drivers/STM32L4xx_HAL_Driver/Src/stm32l4xx_hal_dfsdm.o
LOAD ./Drivers/STM32L4xx_HAL_Driver/Src/stm32l4xx_hal_dma.o
LOAD ./Drivers/STM32L4xx_HAL_Driver/Src/stm32l4xx_hal_dma_ex.o
LOAD ./Drivers/STM32L4xx_HAL_Driver/Src/stm32l4xx_hal_exti.o
LOAD ./Drivers/STM32L4xx_HAL_Driver/Src/stm32l4xx_hal_flash.o
LOAD ./Drivers/STM32L4xx_HAL_Driver/Src/stm32l4xx_hal_flash_ex.o
LOAD ./Drivers/STM32L4xx_HAL_Driver/Src/stm32l4xx_hal_flash_ramfunc.o
LOAD ./Drivers/STM32L4xx_HAL_Driver/Src/stm32l4xx_hal_gpio.o
LOAD ./Drivers/STM32L4xx_HAL_Driver/Src/stm32l4xx_hal_i2c.o
LOAD ./Drivers/STM32L4xx_HAL_Driver/Src/stm32l4xx_hal_i2c_ex.o
LOAD ./Drivers/STM32L4xx_HAL_Driver/Src/stm32l4xx_hal_pcd.o
LOAD ./Drivers/STM32L4xx_HAL_Driver/Src/stm32l4xx_hal_pcd_ex.o
LOAD ./Drivers/STM32L4xx_HAL_Driver/Src/stm32l4xx_hal_pwr.o
LOAD ./Drivers/STM32L4xx_HAL_Driver/Src/stm32l4xx_hal_pwr_ex.o
LOAD ./Drivers/STM32L4xx_HAL_Driver/Src/stm32l4xx_hal_qspi.o
LOAD ./Drivers/STM32L4xx_HAL_Driver/Src/stm32l4xx_hal_rcc.o
LOAD ./Drivers/STM32L4xx_HAL_Driver/Src/stm32l4xx_hal_rcc_ex.o
LOAD ./Drivers/STM32L4xx_HAL_Driver/Src/stm32l4xx_hal_spi.o
LOAD ./Drivers/STM32L4xx_HAL_Driver/Src/stm32l4xx_hal_spi_ex.o
LOAD ./Drivers/STM32L4xx_HAL_Driver/Src/stm32l4xx_hal_tim.o
LOAD ./Drivers/STM32L4xx_HAL_Driver/Src/stm32l4xx_hal_tim_ex.o
LOAD ./Drivers/STM32L4xx_HAL_Driver/Src/stm32l4xx_hal_uart.o
LOAD ./Drivers/STM32L4xx_HAL_Driver/Src/stm32l4xx_hal_uart_ex.o
LOAD ./Drivers/STM32L4xx_HAL_Driver/Src/stm32l4xx_ll_usb.o
START GROUP
LOAD c:/uni-program/stm32cubeide_1.10.1/stm32cubeide/plugins/com.st.stm32cube.ide.mcu.externaltools.gnu-tools-for-stm32.10.3-2021.10.win32_1.0.0.202111181127/tools/bin/../lib/gcc/arm-none-eabi/10.3.1/../../../../arm-none-eabi/lib/thumb/v7e-m+fp/hard\libc_nano.a
LOAD c:/uni-program/stm32cubeide_1.10.1/stm32cubeide/plugins/com.st.stm32cube.ide.mcu.externaltools.gnu-tools-for-stm32.10.3-2021.10.win32_1.0.0.202111181127/tools/bin/../lib/gcc/arm-none-eabi/10.3.1/../../../../arm-none-eabi/lib/thumb/v7e-m+fp/hard\libm.a
END GROUP
START GROUP
LOAD c:/uni-program/stm32cubeide_1.10.1/stm32cubeide/plugins/com.st.stm32cube.ide.mcu.externaltools.gnu-tools-for-stm32.10.3-2021.10.win32_1.0.0.202111181127/tools/bin/../lib/gcc/arm-none-eabi/10.3.1/thumb/v7e-m+fp/hard\libgcc.a
LOAD c:/uni-program/stm32cubeide_1.10.1/stm32cubeide/plugins/com.st.stm32cube.ide.mcu.externaltools.gnu-tools-for-stm32.10.3-2021.10.win32_1.0.0.202111181127/tools/bin/../lib/gcc/arm-none-eabi/10.3.1/../../../../arm-none-eabi/lib/thumb/v7e-m+fp/hard\libc_nano.a
END GROUP
START GROUP
LOAD c:/uni-program/stm32cubeide_1.10.1/stm32cubeide/plugins/com.st.stm32cube.ide.mcu.externaltools.gnu-tools-for-stm32.10.3-2021.10.win32_1.0.0.202111181127/tools/bin/../lib/gcc/arm-none-eabi/10.3.1/thumb/v7e-m+fp/hard\libgcc.a
LOAD c:/uni-program/stm32cubeide_1.10.1/stm32cubeide/plugins/com.st.stm32cube.ide.mcu.externaltools.gnu-tools-for-stm32.10.3-2021.10.win32_1.0.0.202111181127/tools/bin/../lib/gcc/arm-none-eabi/10.3.1/../../../../arm-none-eabi/lib/thumb/v7e-m+fp/hard\libc_nano.a
LOAD c:/uni-program/stm32cubeide_1.10.1/stm32cubeide/plugins/com.st.stm32cube.ide.mcu.externaltools.gnu-tools-for-stm32.10.3-2021.10.win32_1.0.0.202111181127/tools/bin/../lib/gcc/arm-none-eabi/10.3.1/../../../../arm-none-eabi/lib/thumb/v7e-m+fp/hard\libnosys.a
END GROUP
START GROUP
LOAD c:/uni-program/stm32cubeide_1.10.1/stm32cubeide/plugins/com.st.stm32cube.ide.mcu.externaltools.gnu-tools-for-stm32.10.3-2021.10.win32_1.0.0.202111181127/tools/bin/../lib/gcc/arm-none-eabi/10.3.1/thumb/v7e-m+fp/hard\libgcc.a
LOAD c:/uni-program/stm32cubeide_1.10.1/stm32cubeide/plugins/com.st.stm32cube.ide.mcu.externaltools.gnu-tools-for-stm32.10.3-2021.10.win32_1.0.0.202111181127/tools/bin/../lib/gcc/arm-none-eabi/10.3.1/../../../../arm-none-eabi/lib/thumb/v7e-m+fp/hard\libc_nano.a
LOAD c:/uni-program/stm32cubeide_1.10.1/stm32cubeide/plugins/com.st.stm32cube.ide.mcu.externaltools.gnu-tools-for-stm32.10.3-2021.10.win32_1.0.0.202111181127/tools/bin/../lib/gcc/arm-none-eabi/10.3.1/../../../../arm-none-eabi/lib/thumb/v7e-m+fp/hard\libnosys.a
END GROUP
LOAD c:/uni-program/stm32cubeide_1.10.1/stm32cubeide/plugins/com.st.stm32cube.ide.mcu.externaltools.gnu-tools-for-stm32.10.3-2021.10.win32_1.0.0.202111181127/tools/bin/../lib/gcc/arm-none-eabi/10.3.1/thumb/v7e-m+fp/hard/crtend.o
LOAD c:/uni-program/stm32cubeide_1.10.1/stm32cubeide/plugins/com.st.stm32cube.ide.mcu.externaltools.gnu-tools-for-stm32.10.3-2021.10.win32_1.0.0.202111181127/tools/bin/../lib/gcc/arm-none-eabi/10.3.1/thumb/v7e-m+fp/hard/crtn.o
                0x0000000020018000                _estack = (ORIGIN (RAM) + LENGTH (RAM))
                0x0000000000000200                _Min_Heap_Size = 0x200
                0x0000000000000400                _Min_Stack_Size = 0x400

.isr_vector     0x0000000008000000      0x188
                0x0000000008000000                . = ALIGN (0x4)
 *(.isr_vector)
 .isr_vector    0x0000000008000000      0x188 ./Core/Startup/startup_stm32l475vgtx.o
                0x0000000008000000                g_pfnVectors
                0x0000000008000188                . = ALIGN (0x4)

.text           0x0000000008000190     0xe220
                0x0000000008000190                . = ALIGN (0x4)
 *(.text)
 .text          0x0000000008000190       0x40 c:/uni-program/stm32cubeide_1.10.1/stm32cubeide/plugins/com.st.stm32cube.ide.mcu.externaltools.gnu-tools-for-stm32.10.3-2021.10.win32_1.0.0.202111181127/tools/bin/../lib/gcc/arm-none-eabi/10.3.1/thumb/v7e-m+fp/hard/crtbegin.o
 .text          0x00000000080001d0       0x10 c:/uni-program/stm32cubeide_1.10.1/stm32cubeide/plugins/com.st.stm32cube.ide.mcu.externaltools.gnu-tools-for-stm32.10.3-2021.10.win32_1.0.0.202111181127/tools/bin/../lib/gcc/arm-none-eabi/10.3.1/../../../../arm-none-eabi/lib/thumb/v7e-m+fp/hard\libc_nano.a(lib_a-strlen.o)
                0x00000000080001d0                strlen
 .text          0x00000000080001e0       0xa0 c:/uni-program/stm32cubeide_1.10.1/stm32cubeide/plugins/com.st.stm32cube.ide.mcu.externaltools.gnu-tools-for-stm32.10.3-2021.10.win32_1.0.0.202111181127/tools/bin/../lib/gcc/arm-none-eabi/10.3.1/../../../../arm-none-eabi/lib/thumb/v7e-m+fp/hard\libc_nano.a(lib_a-memchr.o)
                0x00000000080001e0                memchr
 .text          0x0000000008000280       0x30 c:/uni-program/stm32cubeide_1.10.1/stm32cubeide/plugins/com.st.stm32cube.ide.mcu.externaltools.gnu-tools-for-stm32.10.3-2021.10.win32_1.0.0.202111181127/tools/bin/../lib/gcc/arm-none-eabi/10.3.1/thumb/v7e-m+fp/hard\libgcc.a(_aeabi_uldivmod.o)
                0x0000000008000280                __aeabi_uldivmod
 .text          0x00000000080002b0      0x2d0 c:/uni-program/stm32cubeide_1.10.1/stm32cubeide/plugins/com.st.stm32cube.ide.mcu.externaltools.gnu-tools-for-stm32.10.3-2021.10.win32_1.0.0.202111181127/tools/bin/../lib/gcc/arm-none-eabi/10.3.1/thumb/v7e-m+fp/hard\libgcc.a(_udivmoddi4.o)
                0x00000000080002b0                __udivmoddi4
 .text          0x0000000008000580        0x4 c:/uni-program/stm32cubeide_1.10.1/stm32cubeide/plugins/com.st.stm32cube.ide.mcu.externaltools.gnu-tools-for-stm32.10.3-2021.10.win32_1.0.0.202111181127/tools/bin/../lib/gcc/arm-none-eabi/10.3.1/thumb/v7e-m+fp/hard\libgcc.a(_dvmd_tls.o)
                0x0000000008000580                __aeabi_idiv0
                0x0000000008000580                __aeabi_ldiv0
 *(.text*)
 .text.sendPacket
                0x0000000008000584      0x144 ./Core/Src/core_mqtt.o
 .text.calculateElapsedTime
                0x00000000080006c8       0x1c ./Core/Src/core_mqtt.o
 .text.getAckFromPacketType
                0x00000000080006e4       0x64 ./Core/Src/core_mqtt.o
 .text.recvExact
                0x0000000008000748      0x164 ./Core/Src/core_mqtt.o
 .text.discardPacket
                0x00000000080008ac      0x104 ./Core/Src/core_mqtt.o
 .text.receivePacket
                0x00000000080009b0       0x94 ./Core/Src/core_mqtt.o
 .text.getAckTypeToSend
                0x0000000008000a44       0x54 ./Core/Src/core_mqtt.o
 .text.sendPublishAcks
                0x0000000008000a98       0xbc ./Core/Src/core_mqtt.o
 .text.handleKeepAlive
                0x0000000008000b54       0xbc ./Core/Src/core_mqtt.o
 .text.handleIncomingPublish
                0x0000000008000c10      0x12c ./Core/Src/core_mqtt.o
 .text.handlePublishAcks
                0x0000000008000d3c       0xe0 ./Core/Src/core_mqtt.o
 .text.handleIncomingAck
                0x0000000008000e1c      0x190 ./Core/Src/core_mqtt.o
 .text.receiveSingleIteration
                0x0000000008000fac       0xec ./Core/Src/core_mqtt.o
 .text.sendPublish
                0x0000000008001098       0xf4 ./Core/Src/core_mqtt.o
 .text.receiveConnack
                0x000000000800118c      0x180 ./Core/Src/core_mqtt.o
 .text.handleSessionResumption
                0x000000000800130c       0xb0 ./Core/Src/core_mqtt.o
 .text.serializePublish
                0x00000000080013bc       0xac ./Core/Src/core_mqtt.o
 .text.validatePublishParams
                0x0000000008001468       0x5a ./Core/Src/core_mqtt.o
 .text.MQTT_Init
                0x00000000080014c2       0xa8 ./Core/Src/core_mqtt.o
                0x00000000080014c2                MQTT_Init
 .text.MQTT_Connect
                0x000000000800156a      0x118 ./Core/Src/core_mqtt.o
                0x000000000800156a                MQTT_Connect
 .text.MQTT_Publish
                0x0000000008001682       0xb8 ./Core/Src/core_mqtt.o
                0x0000000008001682                MQTT_Publish
 .text.MQTT_Ping
                0x000000000800173a       0x86 ./Core/Src/core_mqtt.o
                0x000000000800173a                MQTT_Ping
 .text.MQTT_ReceiveLoop
                0x00000000080017c0       0x88 ./Core/Src/core_mqtt.o
                0x00000000080017c0                MQTT_ReceiveLoop
 .text.MQTT_GetPacketId
                0x0000000008001848       0x50 ./Core/Src/core_mqtt.o
                0x0000000008001848                MQTT_GetPacketId
 .text.remainingLengthEncodedSize
                0x0000000008001898       0x42 ./Core/Src/core_mqtt_serializer.o
 *fill*         0x00000000080018da        0x2 
 .text.encodeRemainingLength
                0x00000000080018dc       0x70 ./Core/Src/core_mqtt_serializer.o
 .text.encodeString
                0x000000000800194c       0x80 ./Core/Src/core_mqtt_serializer.o
 .text.calculatePublishPacketSize
                0x00000000080019cc       0xf0 ./Core/Src/core_mqtt_serializer.o
 .text.serializePublishCommon
                0x0000000008001abc      0x1a0 ./Core/Src/core_mqtt_serializer.o
 .text.getRemainingLength
                0x0000000008001c5c       0xa8 ./Core/Src/core_mqtt_serializer.o
 .text.incomingPacketValid
                0x0000000008001d04       0x7e ./Core/Src/core_mqtt_serializer.o
 .text.checkPublishRemainingLength
                0x0000000008001d82       0x42 ./Core/Src/core_mqtt_serializer.o
 .text.processPublishFlags
                0x0000000008001dc4       0xa4 ./Core/Src/core_mqtt_serializer.o
 .text.logConnackResponse
                0x0000000008001e68       0x4c ./Core/Src/core_mqtt_serializer.o
 .text.deserializeConnack
                0x0000000008001eb4       0xd4 ./Core/Src/core_mqtt_serializer.o
 .text.readSubackStatus
                0x0000000008001f88       0x88 ./Core/Src/core_mqtt_serializer.o
 .text.deserializeSuback
                0x0000000008002010       0x9c ./Core/Src/core_mqtt_serializer.o
 .text.deserializePublish
                0x00000000080020ac      0x180 ./Core/Src/core_mqtt_serializer.o
 .text.deserializeSimpleAck
                0x000000000800222c       0x88 ./Core/Src/core_mqtt_serializer.o
 .text.deserializePingresp
                0x00000000080022b4       0x44 ./Core/Src/core_mqtt_serializer.o
 .text.serializeConnectPacket
                0x00000000080022f8      0x1dc ./Core/Src/core_mqtt_serializer.o
 .text.MQTT_GetConnectPacketSize
                0x00000000080024d4       0xd8 ./Core/Src/core_mqtt_serializer.o
                0x00000000080024d4                MQTT_GetConnectPacketSize
 .text.MQTT_SerializeConnect
                0x00000000080025ac       0x80 ./Core/Src/core_mqtt_serializer.o
                0x00000000080025ac                MQTT_SerializeConnect
 .text.MQTT_GetPublishPacketSize
                0x000000000800262c       0x62 ./Core/Src/core_mqtt_serializer.o
                0x000000000800262c                MQTT_GetPublishPacketSize
 .text.MQTT_SerializePublishHeader
                0x000000000800268e       0xce ./Core/Src/core_mqtt_serializer.o
                0x000000000800268e                MQTT_SerializePublishHeader
 .text.MQTT_SerializeAck
                0x000000000800275c       0xa6 ./Core/Src/core_mqtt_serializer.o
                0x000000000800275c                MQTT_SerializeAck
 .text.MQTT_GetPingreqPacketSize
                0x0000000008002802       0x2c ./Core/Src/core_mqtt_serializer.o
                0x0000000008002802                MQTT_GetPingreqPacketSize
 .text.MQTT_SerializePingreq
                0x000000000800282e       0x5c ./Core/Src/core_mqtt_serializer.o
                0x000000000800282e                MQTT_SerializePingreq
 .text.MQTT_DeserializePublish
                0x000000000800288a       0x60 ./Core/Src/core_mqtt_serializer.o
                0x000000000800288a                MQTT_DeserializePublish
 .text.MQTT_DeserializeAck
                0x00000000080028ea       0xe6 ./Core/Src/core_mqtt_serializer.o
                0x00000000080028ea                MQTT_DeserializeAck
 .text.MQTT_GetIncomingPacketTypeAndLength
                0x00000000080029d0       0x8c ./Core/Src/core_mqtt_serializer.o
                0x00000000080029d0                MQTT_GetIncomingPacketTypeAndLength
 .text.validateTransitionPublish
                0x0000000008002a5c       0xcc ./Core/Src/core_mqtt_state.o
 .text.validateTransitionAck
                0x0000000008002b28       0xe8 ./Core/Src/core_mqtt_state.o
 .text.isPublishOutgoing
                0x0000000008002c10       0x5a ./Core/Src/core_mqtt_state.o
 *fill*         0x0000000008002c6a        0x2 
 .text.findInRecord
                0x0000000008002c6c       0x88 ./Core/Src/core_mqtt_state.o
 .text.compactRecords
                0x0000000008002cf4       0xb8 ./Core/Src/core_mqtt_state.o
 .text.addRecord
                0x0000000008002dac      0x108 ./Core/Src/core_mqtt_state.o
 .text.updateRecord
                0x0000000008002eb4       0x60 ./Core/Src/core_mqtt_state.o
 .text.stateSelect
                0x0000000008002f14      0x148 ./Core/Src/core_mqtt_state.o
 .text.MQTT_CalculateStateAck
                0x000000000800305c       0x98 ./Core/Src/core_mqtt_state.o
                0x000000000800305c                MQTT_CalculateStateAck
 .text.updateStateAck
                0x00000000080030f4       0xbc ./Core/Src/core_mqtt_state.o
 .text.updateStatePublish
                0x00000000080031b0       0xdc ./Core/Src/core_mqtt_state.o
 .text.MQTT_ReserveState
                0x000000000800328c       0x50 ./Core/Src/core_mqtt_state.o
                0x000000000800328c                MQTT_ReserveState
 .text.MQTT_CalculateStatePublish
                0x00000000080032dc       0x5e ./Core/Src/core_mqtt_state.o
                0x00000000080032dc                MQTT_CalculateStatePublish
 .text.MQTT_UpdateStatePublish
                0x000000000800333a       0xdc ./Core/Src/core_mqtt_state.o
                0x000000000800333a                MQTT_UpdateStatePublish
 .text.MQTT_UpdateStateAck
                0x0000000008003416       0xd8 ./Core/Src/core_mqtt_state.o
                0x0000000008003416                MQTT_UpdateStateAck
 .text.MQTT_PubrelToResend
                0x00000000080034ee       0x5c ./Core/Src/core_mqtt_state.o
                0x00000000080034ee                MQTT_PubrelToResend
 .text.ParseNumber
                0x000000000800354a       0x88 ./Core/Src/es_wifi.o
 .text.ParseIP  0x00000000080035d2       0x56 ./Core/Src/es_wifi.o
 .text.AT_ParseInfo
                0x0000000008003628       0xec ./Core/Src/es_wifi.o
 .text.AT_ParseConnSettings
                0x0000000008003714      0x160 ./Core/Src/es_wifi.o
 .text.AT_ExecuteCommand
                0x0000000008003874       0xcc ./Core/Src/es_wifi.o
 .text.ES_WIFI_Init
                0x0000000008003940       0x5c ./Core/Src/es_wifi.o
                0x0000000008003940                ES_WIFI_Init
 .text.ES_WIFI_RegisterBusIO
                0x000000000800399c       0x66 ./Core/Src/es_wifi.o
                0x000000000800399c                ES_WIFI_RegisterBusIO
 *fill*         0x0000000008003a02        0x2 
 .text.ES_WIFI_Connect
                0x0000000008003a04       0xf0 ./Core/Src/es_wifi.o
                0x0000000008003a04                ES_WIFI_Connect
 .text.ES_WIFI_GetNetworkSettings
                0x0000000008003af4       0x54 ./Core/Src/es_wifi.o
                0x0000000008003af4                ES_WIFI_GetNetworkSettings
 .text.HAL_GPIO_EXTI_Callback
                0x0000000008003b48       0x1c ./Core/Src/es_wifi_io.o
                0x0000000008003b48                HAL_GPIO_EXTI_Callback
 .text.SPI_WIFI_MspInit
                0x0000000008003b64      0x178 ./Core/Src/es_wifi_io.o
                0x0000000008003b64                SPI_WIFI_MspInit
 .text.SPI_WIFI_Init
                0x0000000008003cdc       0xbc ./Core/Src/es_wifi_io.o
                0x0000000008003cdc                SPI_WIFI_Init
 .text.SPI_WIFI_ResetModule
                0x0000000008003d98       0xe0 ./Core/Src/es_wifi_io.o
                0x0000000008003d98                SPI_WIFI_ResetModule
 .text.SPI_WIFI_DeInit
                0x0000000008003e78       0x14 ./Core/Src/es_wifi_io.o
                0x0000000008003e78                SPI_WIFI_DeInit
 .text.wait_cmddata_rdy_high
                0x0000000008003e8c       0x44 ./Core/Src/es_wifi_io.o
 .text.wait_cmddata_rdy_rising_event
                0x0000000008003ed0       0x40 ./Core/Src/es_wifi_io.o
 .text.wait_spi_rx_event
                0x0000000008003f10       0x40 ./Core/Src/es_wifi_io.o
 .text.wait_spi_tx_event
                0x0000000008003f50       0x40 ./Core/Src/es_wifi_io.o
 .text.SPI_WIFI_ReceiveData
                0x0000000008003f90       0xf4 ./Core/Src/es_wifi_io.o
                0x0000000008003f90                SPI_WIFI_ReceiveData
 .text.SPI_WIFI_SendData
                0x0000000008004084       0xdc ./Core/Src/es_wifi_io.o
                0x0000000008004084                SPI_WIFI_SendData
 .text.SPI_WIFI_Delay
                0x0000000008004160       0x16 ./Core/Src/es_wifi_io.o
                0x0000000008004160                SPI_WIFI_Delay
 *fill*         0x0000000008004176        0x2 
 .text.SPI_WIFI_DelayUs
                0x0000000008004178       0xa4 ./Core/Src/es_wifi_io.o
 .text.HAL_SPI_RxCpltCallback
                0x000000000800421c       0x28 ./Core/Src/es_wifi_io.o
                0x000000000800421c                HAL_SPI_RxCpltCallback
 .text.HAL_SPI_TxCpltCallback
                0x0000000008004244       0x28 ./Core/Src/es_wifi_io.o
                0x0000000008004244                HAL_SPI_TxCpltCallback
 .text.SPI_WIFI_ISR
                0x000000000800426c       0x20 ./Core/Src/es_wifi_io.o
                0x000000000800426c                SPI_WIFI_ISR
 .text.EventCallbackStub
                0x000000000800428c       0x5c ./Core/Src/event_callback_stub.o
                0x000000000800428c                EventCallbackStub
 .text.GetCurrentTimeStub
                0x00000000080042e8       0x20 ./Core/Src/get_time_stub.o
                0x00000000080042e8                GetCurrentTimeStub
 .text.main     0x0000000008004308      0x218 ./Core/Src/main.o
                0x0000000008004308                main
 .text.SystemClock_Config
                0x0000000008004520       0xc4 ./Core/Src/main.o
                0x0000000008004520                SystemClock_Config
 .text.MX_DFSDM1_Init
                0x00000000080045e4       0x70 ./Core/Src/main.o
 .text.MX_QUADSPI_Init
                0x0000000008004654       0x4c ./Core/Src/main.o
 .text.MX_SPI3_Init
                0x00000000080046a0       0x7c ./Core/Src/main.o
 .text.MX_TIM2_Init
                0x000000000800471c       0x9c ./Core/Src/main.o
 .text.MX_USART1_UART_Init
                0x00000000080047b8       0x60 ./Core/Src/main.o
 .text.MX_USART3_UART_Init
                0x0000000008004818       0x60 ./Core/Src/main.o
 .text.MX_USB_OTG_FS_PCD_Init
                0x0000000008004878       0x5c ./Core/Src/main.o
 .text.MX_GPIO_Init
                0x00000000080048d4      0x33c ./Core/Src/main.o
 .text.MEMS_Init
                0x0000000008004c10       0x94 ./Core/Src/main.o
 .text._write   0x0000000008004ca4       0x2c ./Core/Src/main.o
                0x0000000008004ca4                _write
 .text.Error_Handler
                0x0000000008004cd0       0x20 ./Core/Src/main.o
                0x0000000008004cd0                Error_Handler
 .text.mallocCanFail
                0x0000000008004cf0       0x44 ./Core/Src/mqtt_cbmc_state.o
                0x0000000008004cf0                mallocCanFail
 .text.allocateMqttFixedBuffer
                0x0000000008004d34       0x4e ./Core/Src/mqtt_cbmc_state.o
                0x0000000008004d34                allocateMqttFixedBuffer
 .text.isValidMqttFixedBuffer
                0x0000000008004d82       0x32 ./Core/Src/mqtt_cbmc_state.o
                0x0000000008004d82                isValidMqttFixedBuffer
 .text.allocateMqttContext
                0x0000000008004db4       0x88 ./Core/Src/mqtt_cbmc_state.o
                0x0000000008004db4                allocateMqttContext
 .text.NetworkInterfaceReceiveStub
                0x0000000008004e3c       0x7c ./Core/Src/network_interface_stubs.o
                0x0000000008004e3c                NetworkInterfaceReceiveStub
 .text.NetworkInterfaceSendStub
                0x0000000008004eb8       0x64 ./Core/Src/network_interface_stubs.o
                0x0000000008004eb8                NetworkInterfaceSendStub
 .text.HAL_MspInit
                0x0000000008004f1c       0x48 ./Core/Src/stm32l4xx_hal_msp.o
                0x0000000008004f1c                HAL_MspInit
 .text.HAL_DFSDM_ChannelMspInit
                0x0000000008004f64       0xc8 ./Core/Src/stm32l4xx_hal_msp.o
                0x0000000008004f64                HAL_DFSDM_ChannelMspInit
 .text.HAL_QSPI_MspInit
                0x000000000800502c       0x88 ./Core/Src/stm32l4xx_hal_msp.o
                0x000000000800502c                HAL_QSPI_MspInit
 .text.HAL_SPI_MspInit
                0x00000000080050b4       0x88 ./Core/Src/stm32l4xx_hal_msp.o
                0x00000000080050b4                HAL_SPI_MspInit
 .text.HAL_SPI_MspDeInit
                0x000000000800513c       0x3c ./Core/Src/stm32l4xx_hal_msp.o
                0x000000000800513c                HAL_SPI_MspDeInit
 .text.HAL_TIM_Base_MspInit
                0x0000000008005178       0x90 ./Core/Src/stm32l4xx_hal_msp.o
                0x0000000008005178                HAL_TIM_Base_MspInit
 .text.HAL_UART_MspInit
                0x0000000008005208      0x148 ./Core/Src/stm32l4xx_hal_msp.o
                0x0000000008005208                HAL_UART_MspInit
 .text.HAL_PCD_MspInit
                0x0000000008005350      0x138 ./Core/Src/stm32l4xx_hal_msp.o
                0x0000000008005350                HAL_PCD_MspInit
 .text.NMI_Handler
                0x0000000008005488        0x6 ./Core/Src/stm32l4xx_it.o
                0x0000000008005488                NMI_Handler
 .text.HardFault_Handler
                0x000000000800548e        0x6 ./Core/Src/stm32l4xx_it.o
                0x000000000800548e                HardFault_Handler
 .text.MemManage_Handler
                0x0000000008005494        0x6 ./Core/Src/stm32l4xx_it.o
                0x0000000008005494                MemManage_Handler
 .text.BusFault_Handler
                0x000000000800549a        0x6 ./Core/Src/stm32l4xx_it.o
                0x000000000800549a                BusFault_Handler
 .text.UsageFault_Handler
                0x00000000080054a0        0x6 ./Core/Src/stm32l4xx_it.o
                0x00000000080054a0                UsageFault_Handler
 .text.SVC_Handler
                0x00000000080054a6        0xe ./Core/Src/stm32l4xx_it.o
                0x00000000080054a6                SVC_Handler
 .text.DebugMon_Handler
                0x00000000080054b4        0xe ./Core/Src/stm32l4xx_it.o
                0x00000000080054b4                DebugMon_Handler
 .text.PendSV_Handler
                0x00000000080054c2        0xe ./Core/Src/stm32l4xx_it.o
                0x00000000080054c2                PendSV_Handler
 .text.SysTick_Handler
                0x00000000080054d0        0xc ./Core/Src/stm32l4xx_it.o
                0x00000000080054d0                SysTick_Handler
 .text.EXTI9_5_IRQHandler
                0x00000000080054dc       0x22 ./Core/Src/stm32l4xx_it.o
                0x00000000080054dc                EXTI9_5_IRQHandler
 *fill*         0x00000000080054fe        0x2 
 .text.TIM2_IRQHandler
                0x0000000008005500       0x14 ./Core/Src/stm32l4xx_it.o
                0x0000000008005500                TIM2_IRQHandler
 .text.EXTI15_10_IRQHandler
                0x0000000008005514       0x30 ./Core/Src/stm32l4xx_it.o
                0x0000000008005514                EXTI15_10_IRQHandler
 .text.EXTI1_IRQHandler
                0x0000000008005544        0xe ./Core/Src/stm32l4xx_it.o
                0x0000000008005544                EXTI1_IRQHandler
 *fill*         0x0000000008005552        0x2 
 .text.SPI3_IRQHandler
                0x0000000008005554       0x14 ./Core/Src/stm32l4xx_it.o
                0x0000000008005554                SPI3_IRQHandler
 .text._getpid  0x0000000008005568       0x10 ./Core/Src/syscalls.o
                0x0000000008005568                _getpid
 .text._kill    0x0000000008005578       0x20 ./Core/Src/syscalls.o
                0x0000000008005578                _kill
 .text._exit    0x0000000008005598       0x14 ./Core/Src/syscalls.o
                0x0000000008005598                _exit
 .text._read    0x00000000080055ac       0x3a ./Core/Src/syscalls.o
                0x00000000080055ac                _read
 .text._close   0x00000000080055e6       0x18 ./Core/Src/syscalls.o
                0x00000000080055e6                _close
 .text._fstat   0x00000000080055fe       0x20 ./Core/Src/syscalls.o
                0x00000000080055fe                _fstat
 .text._isatty  0x000000000800561e       0x16 ./Core/Src/syscalls.o
                0x000000000800561e                _isatty
 .text._lseek   0x0000000008005634       0x1a ./Core/Src/syscalls.o
                0x0000000008005634                _lseek
 *fill*         0x000000000800564e        0x2 
 .text._sbrk    0x0000000008005650       0x6c ./Core/Src/sysmem.o
                0x0000000008005650                _sbrk
 .text.SystemInit
                0x00000000080056bc       0x24 ./Core/Src/system_stm32l4xx.o
                0x00000000080056bc                SystemInit
 .text.WIFI_Init
                0x00000000080056e0       0x58 ./Core/Src/wifi.o
                0x00000000080056e0                WIFI_Init
 .text.WIFI_Connect
                0x0000000008005738       0x44 ./Core/Src/wifi.o
                0x0000000008005738                WIFI_Connect
 .text.Reset_Handler
                0x000000000800577c       0x50 ./Core/Startup/startup_stm32l475vgtx.o
                0x000000000800577c                Reset_Handler
 .text.Default_Handler
                0x00000000080057cc        0x2 ./Core/Startup/startup_stm32l475vgtx.o
                0x00000000080057cc                RTC_Alarm_IRQHandler
                0x00000000080057cc                EXTI2_IRQHandler
                0x00000000080057cc                TIM8_TRG_COM_IRQHandler
                0x00000000080057cc                TIM8_CC_IRQHandler
                0x00000000080057cc                TIM1_CC_IRQHandler
                0x00000000080057cc                TSC_IRQHandler
                0x00000000080057cc                TAMP_STAMP_IRQHandler
                0x00000000080057cc                EXTI3_IRQHandler
                0x00000000080057cc                LPTIM2_IRQHandler
                0x00000000080057cc                DFSDM1_FLT1_IRQHandler
                0x00000000080057cc                I2C3_ER_IRQHandler
                0x00000000080057cc                DFSDM1_FLT2_IRQHandler
                0x00000000080057cc                EXTI0_IRQHandler
                0x00000000080057cc                I2C2_EV_IRQHandler
                0x00000000080057cc                CAN1_RX0_IRQHandler
                0x00000000080057cc                FPU_IRQHandler
                0x00000000080057cc                TIM1_UP_TIM16_IRQHandler
                0x00000000080057cc                ADC1_2_IRQHandler
                0x00000000080057cc                SPI1_IRQHandler
                0x00000000080057cc                TIM6_DAC_IRQHandler
                0x00000000080057cc                TIM8_UP_IRQHandler
                0x00000000080057cc                DMA2_Channel2_IRQHandler
                0x00000000080057cc                DMA1_Channel4_IRQHandler
                0x00000000080057cc                SAI2_IRQHandler
                0x00000000080057cc                DFSDM1_FLT3_IRQHandler
                0x00000000080057cc                USART3_IRQHandler
                0x00000000080057cc                DMA1_Channel7_IRQHandler
                0x00000000080057cc                CAN1_RX1_IRQHandler
                0x00000000080057cc                UART5_IRQHandler
                0x00000000080057cc                ADC3_IRQHandler
                0x00000000080057cc                TIM4_IRQHandler
                0x00000000080057cc                DMA2_Channel1_IRQHandler
                0x00000000080057cc                QUADSPI_IRQHandler
                0x00000000080057cc                I2C1_EV_IRQHandler
                0x00000000080057cc                DMA1_Channel6_IRQHandler
                0x00000000080057cc                UART4_IRQHandler
                0x00000000080057cc                DMA2_Channel4_IRQHandler
                0x00000000080057cc                TIM3_IRQHandler
                0x00000000080057cc                RCC_IRQHandler
                0x00000000080057cc                DMA1_Channel1_IRQHandler
                0x00000000080057cc                Default_Handler
                0x00000000080057cc                DMA2_Channel7_IRQHandler
                0x00000000080057cc                TIM7_IRQHandler
                0x00000000080057cc                SDMMC1_IRQHandler
                0x00000000080057cc                TIM5_IRQHandler
                0x00000000080057cc                I2C3_EV_IRQHandler
                0x00000000080057cc                RTC_WKUP_IRQHandler
                0x00000000080057cc                PVD_PVM_IRQHandler
                0x00000000080057cc                SPI2_IRQHandler
                0x00000000080057cc                CAN1_TX_IRQHandler
                0x00000000080057cc                DMA2_Channel5_IRQHandler
                0x00000000080057cc                DMA1_Channel5_IRQHandler
                0x00000000080057cc                EXTI4_IRQHandler
                0x00000000080057cc                RNG_IRQHandler
                0x00000000080057cc                TIM1_TRG_COM_TIM17_IRQHandler
                0x00000000080057cc                DMA1_Channel3_IRQHandler
                0x00000000080057cc                COMP_IRQHandler
                0x00000000080057cc                WWDG_IRQHandler
                0x00000000080057cc                LPUART1_IRQHandler
                0x00000000080057cc                DMA2_Channel6_IRQHandler
                0x00000000080057cc                USART2_IRQHandler
                0x00000000080057cc                DFSDM1_FLT0_IRQHandler
                0x00000000080057cc                I2C2_ER_IRQHandler
                0x00000000080057cc                DMA1_Channel2_IRQHandler
                0x00000000080057cc                TIM8_BRK_IRQHandler
                0x00000000080057cc                CAN1_SCE_IRQHandler
                0x00000000080057cc                FLASH_IRQHandler
                0x00000000080057cc                USART1_IRQHandler
                0x00000000080057cc                OTG_FS_IRQHandler
                0x00000000080057cc                I2C1_ER_IRQHandler
                0x00000000080057cc                FMC_IRQHandler
                0x00000000080057cc                SWPMI1_IRQHandler
                0x00000000080057cc                LPTIM1_IRQHandler
                0x00000000080057cc                SAI1_IRQHandler
                0x00000000080057cc                DMA2_Channel3_IRQHandler
                0x00000000080057cc                TIM1_BRK_TIM15_IRQHandler
 *fill*         0x00000000080057ce        0x2 
 .text.BSP_I2C2_Init
                0x00000000080057d0       0x7c ./Drivers/BSP/B-L475E-IOT01A2/b_l475e_iot01a2_bus.o
                0x00000000080057d0                BSP_I2C2_Init
 .text.BSP_I2C2_DeInit
                0x000000000800584c       0x50 ./Drivers/BSP/B-L475E-IOT01A2/b_l475e_iot01a2_bus.o
                0x000000000800584c                BSP_I2C2_DeInit
 .text.BSP_I2C2_WriteReg
                0x000000000800589c       0x64 ./Drivers/BSP/B-L475E-IOT01A2/b_l475e_iot01a2_bus.o
                0x000000000800589c                BSP_I2C2_WriteReg
 .text.BSP_I2C2_ReadReg
                0x0000000008005900       0x64 ./Drivers/BSP/B-L475E-IOT01A2/b_l475e_iot01a2_bus.o
                0x0000000008005900                BSP_I2C2_ReadReg
 .text.BSP_GetTick
                0x0000000008005964        0xe ./Drivers/BSP/B-L475E-IOT01A2/b_l475e_iot01a2_bus.o
                0x0000000008005964                BSP_GetTick
 *fill*         0x0000000008005972        0x2 
 .text.MX_I2C2_Init
                0x0000000008005974       0x88 ./Drivers/BSP/B-L475E-IOT01A2/b_l475e_iot01a2_bus.o
                0x0000000008005974                MX_I2C2_Init
 .text.I2C2_MspInit
                0x00000000080059fc       0xc0 ./Drivers/BSP/B-L475E-IOT01A2/b_l475e_iot01a2_bus.o
 .text.I2C2_MspDeInit
                0x0000000008005abc       0x38 ./Drivers/BSP/B-L475E-IOT01A2/b_l475e_iot01a2_bus.o
 .text.LSM6DSL_RegisterBusIO
                0x0000000008005af4       0xcc ./Drivers/BSP/Components/lsm6dsl/lsm6dsl.o
                0x0000000008005af4                LSM6DSL_RegisterBusIO
 .text.LSM6DSL_Init
                0x0000000008005bc0       0xd2 ./Drivers/BSP/Components/lsm6dsl/lsm6dsl.o
                0x0000000008005bc0                LSM6DSL_Init
 .text.LSM6DSL_ReadID
                0x0000000008005c92       0x2c ./Drivers/BSP/Components/lsm6dsl/lsm6dsl.o
                0x0000000008005c92                LSM6DSL_ReadID
 .text.LSM6DSL_ACC_Enable
                0x0000000008005cbe       0x48 ./Drivers/BSP/Components/lsm6dsl/lsm6dsl.o
                0x0000000008005cbe                LSM6DSL_ACC_Enable
 *fill*         0x0000000008005d06        0x2 
 .text.LSM6DSL_ACC_GetSensitivity
                0x0000000008005d08       0x8c ./Drivers/BSP/Components/lsm6dsl/lsm6dsl.o
                0x0000000008005d08                LSM6DSL_ACC_GetSensitivity
 .text.LSM6DSL_ACC_SetOutputDataRate
                0x0000000008005d94       0x38 ./Drivers/BSP/Components/lsm6dsl/lsm6dsl.o
                0x0000000008005d94                LSM6DSL_ACC_SetOutputDataRate
 .text.LSM6DSL_ACC_SetFullScale
                0x0000000008005dcc       0x50 ./Drivers/BSP/Components/lsm6dsl/lsm6dsl.o
                0x0000000008005dcc                LSM6DSL_ACC_SetFullScale
 .text.LSM6DSL_ACC_GetAxesRaw
                0x0000000008005e1c       0x48 ./Drivers/BSP/Components/lsm6dsl/lsm6dsl.o
                0x0000000008005e1c                LSM6DSL_ACC_GetAxesRaw
 .text.LSM6DSL_ACC_GetAxes
                0x0000000008005e64       0xae ./Drivers/BSP/Components/lsm6dsl/lsm6dsl.o
                0x0000000008005e64                LSM6DSL_ACC_GetAxes
 .text.LSM6DSL_Write_Reg
                0x0000000008005f12       0x36 ./Drivers/BSP/Components/lsm6dsl/lsm6dsl.o
                0x0000000008005f12                LSM6DSL_Write_Reg
 .text.LSM6DSL_ACC_Set_INT1_DRDY
                0x0000000008005f48       0x68 ./Drivers/BSP/Components/lsm6dsl/lsm6dsl.o
                0x0000000008005f48                LSM6DSL_ACC_Set_INT1_DRDY
 .text.LSM6DSL_ACC_SetOutputDataRate_When_Enabled
                0x0000000008005fb0      0x118 ./Drivers/BSP/Components/lsm6dsl/lsm6dsl.o
 .text.LSM6DSL_ACC_SetOutputDataRate_When_Disabled
                0x00000000080060c8      0x104 ./Drivers/BSP/Components/lsm6dsl/lsm6dsl.o
 .text.ReadRegWrap
                0x00000000080061cc       0x36 ./Drivers/BSP/Components/lsm6dsl/lsm6dsl.o
 .text.WriteRegWrap
                0x0000000008006202       0x36 ./Drivers/BSP/Components/lsm6dsl/lsm6dsl.o
 .text.lsm6dsl_read_reg
                0x0000000008006238       0x30 ./Drivers/BSP/Components/lsm6dsl/lsm6dsl_reg.o
                0x0000000008006238                lsm6dsl_read_reg
 .text.lsm6dsl_write_reg
                0x0000000008006268       0x30 ./Drivers/BSP/Components/lsm6dsl/lsm6dsl_reg.o
                0x0000000008006268                lsm6dsl_write_reg
 .text.lsm6dsl_xl_full_scale_set
                0x0000000008006298       0x4c ./Drivers/BSP/Components/lsm6dsl/lsm6dsl_reg.o
                0x0000000008006298                lsm6dsl_xl_full_scale_set
 .text.lsm6dsl_xl_full_scale_get
                0x00000000080062e4       0x70 ./Drivers/BSP/Components/lsm6dsl/lsm6dsl_reg.o
                0x00000000080062e4                lsm6dsl_xl_full_scale_get
 .text.lsm6dsl_xl_data_rate_set
                0x0000000008006354       0x4c ./Drivers/BSP/Components/lsm6dsl/lsm6dsl_reg.o
                0x0000000008006354                lsm6dsl_xl_data_rate_set
 .text.lsm6dsl_gy_full_scale_set
                0x00000000080063a0       0x4c ./Drivers/BSP/Components/lsm6dsl/lsm6dsl_reg.o
                0x00000000080063a0                lsm6dsl_gy_full_scale_set
 .text.lsm6dsl_gy_data_rate_set
                0x00000000080063ec       0x4c ./Drivers/BSP/Components/lsm6dsl/lsm6dsl_reg.o
                0x00000000080063ec                lsm6dsl_gy_data_rate_set
 .text.lsm6dsl_block_data_update_set
                0x0000000008006438       0x4c ./Drivers/BSP/Components/lsm6dsl/lsm6dsl_reg.o
                0x0000000008006438                lsm6dsl_block_data_update_set
 .text.lsm6dsl_acceleration_raw_get
                0x0000000008006484       0x96 ./Drivers/BSP/Components/lsm6dsl/lsm6dsl_reg.o
                0x0000000008006484                lsm6dsl_acceleration_raw_get
 .text.lsm6dsl_device_id_get
                0x000000000800651a       0x22 ./Drivers/BSP/Components/lsm6dsl/lsm6dsl_reg.o
                0x000000000800651a                lsm6dsl_device_id_get
 .text.lsm6dsl_auto_increment_set
                0x000000000800653c       0x4c ./Drivers/BSP/Components/lsm6dsl/lsm6dsl_reg.o
                0x000000000800653c                lsm6dsl_auto_increment_set
 .text.lsm6dsl_pin_int1_route_set
                0x0000000008006588      0x2c6 ./Drivers/BSP/Components/lsm6dsl/lsm6dsl_reg.o
                0x0000000008006588                lsm6dsl_pin_int1_route_set
 .text.lsm6dsl_pin_int1_route_get
                0x000000000800684e      0x1ac ./Drivers/BSP/Components/lsm6dsl/lsm6dsl_reg.o
                0x000000000800684e                lsm6dsl_pin_int1_route_get
 .text.lsm6dsl_fifo_mode_set
                0x00000000080069fa       0x4c ./Drivers/BSP/Components/lsm6dsl/lsm6dsl_reg.o
                0x00000000080069fa                lsm6dsl_fifo_mode_set
 .text.HAL_Init
                0x0000000008006a46       0x30 ./Drivers/STM32L4xx_HAL_Driver/Src/stm32l4xx_hal.o
                0x0000000008006a46                HAL_Init
 *fill*         0x0000000008006a76        0x2 
 .text.HAL_InitTick
                0x0000000008006a78       0x78 ./Drivers/STM32L4xx_HAL_Driver/Src/stm32l4xx_hal.o
                0x0000000008006a78                HAL_InitTick
 .text.HAL_IncTick
                0x0000000008006af0       0x28 ./Drivers/STM32L4xx_HAL_Driver/Src/stm32l4xx_hal.o
                0x0000000008006af0                HAL_IncTick
 .text.HAL_GetTick
                0x0000000008006b18       0x18 ./Drivers/STM32L4xx_HAL_Driver/Src/stm32l4xx_hal.o
                0x0000000008006b18                HAL_GetTick
 .text.HAL_Delay
                0x0000000008006b30       0x48 ./Drivers/STM32L4xx_HAL_Driver/Src/stm32l4xx_hal.o
                0x0000000008006b30                HAL_Delay
 .text.__NVIC_SetPriorityGrouping
                0x0000000008006b78       0x48 ./Drivers/STM32L4xx_HAL_Driver/Src/stm32l4xx_hal_cortex.o
 .text.__NVIC_GetPriorityGrouping
                0x0000000008006bc0       0x1c ./Drivers/STM32L4xx_HAL_Driver/Src/stm32l4xx_hal_cortex.o
 .text.__NVIC_EnableIRQ
                0x0000000008006bdc       0x3c ./Drivers/STM32L4xx_HAL_Driver/Src/stm32l4xx_hal_cortex.o
 .text.__NVIC_SetPriority
                0x0000000008006c18       0x54 ./Drivers/STM32L4xx_HAL_Driver/Src/stm32l4xx_hal_cortex.o
 .text.NVIC_EncodePriority
                0x0000000008006c6c       0x66 ./Drivers/STM32L4xx_HAL_Driver/Src/stm32l4xx_hal_cortex.o
 *fill*         0x0000000008006cd2        0x2 
 .text.SysTick_Config
                0x0000000008006cd4       0x44 ./Drivers/STM32L4xx_HAL_Driver/Src/stm32l4xx_hal_cortex.o
 .text.HAL_NVIC_SetPriorityGrouping
                0x0000000008006d18       0x16 ./Drivers/STM32L4xx_HAL_Driver/Src/stm32l4xx_hal_cortex.o
                0x0000000008006d18                HAL_NVIC_SetPriorityGrouping
 .text.HAL_NVIC_SetPriority
                0x0000000008006d2e       0x38 ./Drivers/STM32L4xx_HAL_Driver/Src/stm32l4xx_hal_cortex.o
                0x0000000008006d2e                HAL_NVIC_SetPriority
 .text.HAL_NVIC_EnableIRQ
                0x0000000008006d66       0x1c ./Drivers/STM32L4xx_HAL_Driver/Src/stm32l4xx_hal_cortex.o
                0x0000000008006d66                HAL_NVIC_EnableIRQ
 .text.HAL_SYSTICK_Config
                0x0000000008006d82       0x18 ./Drivers/STM32L4xx_HAL_Driver/Src/stm32l4xx_hal_cortex.o
                0x0000000008006d82                HAL_SYSTICK_Config
 *fill*         0x0000000008006d9a        0x2 
 .text.HAL_DFSDM_ChannelInit
                0x0000000008006d9c      0x180 ./Drivers/STM32L4xx_HAL_Driver/Src/stm32l4xx_hal_dfsdm.o
                0x0000000008006d9c                HAL_DFSDM_ChannelInit
 .text.DFSDM_GetChannelFromInstance
                0x0000000008006f1c       0x98 ./Drivers/STM32L4xx_HAL_Driver/Src/stm32l4xx_hal_dfsdm.o
 .text.HAL_DMA_Abort_IT
                0x0000000008006fb4       0x82 ./Drivers/STM32L4xx_HAL_Driver/Src/stm32l4xx_hal_dma.o
                0x0000000008006fb4                HAL_DMA_Abort_IT
 *fill*         0x0000000008007036        0x2 
 .text.HAL_GPIO_Init
                0x0000000008007038      0x354 ./Drivers/STM32L4xx_HAL_Driver/Src/stm32l4xx_hal_gpio.o
                0x0000000008007038                HAL_GPIO_Init
 .text.HAL_GPIO_DeInit
                0x000000000800738c      0x1e8 ./Drivers/STM32L4xx_HAL_Driver/Src/stm32l4xx_hal_gpio.o
                0x000000000800738c                HAL_GPIO_DeInit
 .text.HAL_GPIO_ReadPin
                0x0000000008007574       0x30 ./Drivers/STM32L4xx_HAL_Driver/Src/stm32l4xx_hal_gpio.o
                0x0000000008007574                HAL_GPIO_ReadPin
 .text.HAL_GPIO_WritePin
                0x00000000080075a4       0x30 ./Drivers/STM32L4xx_HAL_Driver/Src/stm32l4xx_hal_gpio.o
                0x00000000080075a4                HAL_GPIO_WritePin
 .text.HAL_GPIO_TogglePin
                0x00000000080075d4       0x34 ./Drivers/STM32L4xx_HAL_Driver/Src/stm32l4xx_hal_gpio.o
                0x00000000080075d4                HAL_GPIO_TogglePin
 .text.HAL_GPIO_EXTI_IRQHandler
                0x0000000008007608       0x30 ./Drivers/STM32L4xx_HAL_Driver/Src/stm32l4xx_hal_gpio.o
                0x0000000008007608                HAL_GPIO_EXTI_IRQHandler
 .text.HAL_I2C_Init
                0x0000000008007638      0x11e ./Drivers/STM32L4xx_HAL_Driver/Src/stm32l4xx_hal_i2c.o
                0x0000000008007638                HAL_I2C_Init
 .text.HAL_I2C_DeInit
                0x0000000008007756       0x5e ./Drivers/STM32L4xx_HAL_Driver/Src/stm32l4xx_hal_i2c.o
                0x0000000008007756                HAL_I2C_DeInit
 .text.HAL_I2C_MspInit
                0x00000000080077b4       0x14 ./Drivers/STM32L4xx_HAL_Driver/Src/stm32l4xx_hal_i2c.o
                0x00000000080077b4                HAL_I2C_MspInit
 .text.HAL_I2C_MspDeInit
                0x00000000080077c8       0x14 ./Drivers/STM32L4xx_HAL_Driver/Src/stm32l4xx_hal_i2c.o
                0x00000000080077c8                HAL_I2C_MspDeInit
 .text.HAL_I2C_Mem_Write
                0x00000000080077dc      0x228 ./Drivers/STM32L4xx_HAL_Driver/Src/stm32l4xx_hal_i2c.o
                0x00000000080077dc                HAL_I2C_Mem_Write
 .text.HAL_I2C_Mem_Read
                0x0000000008007a04      0x234 ./Drivers/STM32L4xx_HAL_Driver/Src/stm32l4xx_hal_i2c.o
                0x0000000008007a04                HAL_I2C_Mem_Read
 .text.HAL_I2C_GetState
                0x0000000008007c38       0x1c ./Drivers/STM32L4xx_HAL_Driver/Src/stm32l4xx_hal_i2c.o
                0x0000000008007c38                HAL_I2C_GetState
 .text.HAL_I2C_GetError
                0x0000000008007c54       0x18 ./Drivers/STM32L4xx_HAL_Driver/Src/stm32l4xx_hal_i2c.o
                0x0000000008007c54                HAL_I2C_GetError
 .text.I2C_RequestMemoryWrite
                0x0000000008007c6c       0xa8 ./Drivers/STM32L4xx_HAL_Driver/Src/stm32l4xx_hal_i2c.o
 .text.I2C_RequestMemoryRead
                0x0000000008007d14       0xa8 ./Drivers/STM32L4xx_HAL_Driver/Src/stm32l4xx_hal_i2c.o
 .text.I2C_Flush_TXDR
                0x0000000008007dbc       0x48 ./Drivers/STM32L4xx_HAL_Driver/Src/stm32l4xx_hal_i2c.o
 .text.I2C_WaitOnFlagUntilTimeout
                0x0000000008007e04       0x80 ./Drivers/STM32L4xx_HAL_Driver/Src/stm32l4xx_hal_i2c.o
 .text.I2C_WaitOnTXISFlagUntilTimeout
                0x0000000008007e84       0x80 ./Drivers/STM32L4xx_HAL_Driver/Src/stm32l4xx_hal_i2c.o
 .text.I2C_WaitOnSTOPFlagUntilTimeout
                0x0000000008007f04       0x78 ./Drivers/STM32L4xx_HAL_Driver/Src/stm32l4xx_hal_i2c.o
 .text.I2C_IsErrorOccurred
                0x0000000008007f7c      0x1d8 ./Drivers/STM32L4xx_HAL_Driver/Src/stm32l4xx_hal_i2c.o
 .text.I2C_TransferConfig
                0x0000000008008154       0x64 ./Drivers/STM32L4xx_HAL_Driver/Src/stm32l4xx_hal_i2c.o
 .text.HAL_I2CEx_ConfigAnalogFilter
                0x00000000080081b8       0x96 ./Drivers/STM32L4xx_HAL_Driver/Src/stm32l4xx_hal_i2c_ex.o
                0x00000000080081b8                HAL_I2CEx_ConfigAnalogFilter
 .text.HAL_I2CEx_ConfigDigitalFilter
                0x000000000800824e       0x98 ./Drivers/STM32L4xx_HAL_Driver/Src/stm32l4xx_hal_i2c_ex.o
                0x000000000800824e                HAL_I2CEx_ConfigDigitalFilter
 .text.HAL_PCD_Init
                0x00000000080082e6      0x248 ./Drivers/STM32L4xx_HAL_Driver/Src/stm32l4xx_hal_pcd.o
                0x00000000080082e6                HAL_PCD_Init
 .text.HAL_PCDEx_ActivateLPM
                0x000000000800852e       0x48 ./Drivers/STM32L4xx_HAL_Driver/Src/stm32l4xx_hal_pcd_ex.o
                0x000000000800852e                HAL_PCDEx_ActivateLPM
 *fill*         0x0000000008008576        0x2 
 .text.HAL_PWR_EnableBkUpAccess
                0x0000000008008578       0x20 ./Drivers/STM32L4xx_HAL_Driver/Src/stm32l4xx_hal_pwr.o
                0x0000000008008578                HAL_PWR_EnableBkUpAccess
 .text.HAL_PWREx_GetVoltageRange
                0x0000000008008598       0x1c ./Drivers/STM32L4xx_HAL_Driver/Src/stm32l4xx_hal_pwr_ex.o
                0x0000000008008598                HAL_PWREx_GetVoltageRange
 .text.HAL_PWREx_ControlVoltageScaling
                0x00000000080085b4       0xac ./Drivers/STM32L4xx_HAL_Driver/Src/stm32l4xx_hal_pwr_ex.o
                0x00000000080085b4                HAL_PWREx_ControlVoltageScaling
 .text.HAL_PWREx_EnableVddUSB
                0x0000000008008660       0x20 ./Drivers/STM32L4xx_HAL_Driver/Src/stm32l4xx_hal_pwr_ex.o
                0x0000000008008660                HAL_PWREx_EnableVddUSB
 .text.HAL_QSPI_Init
                0x0000000008008680       0xec ./Drivers/STM32L4xx_HAL_Driver/Src/stm32l4xx_hal_qspi.o
                0x0000000008008680                HAL_QSPI_Init
 .text.HAL_QSPI_SetTimeout
                0x000000000800876c       0x1c ./Drivers/STM32L4xx_HAL_Driver/Src/stm32l4xx_hal_qspi.o
                0x000000000800876c                HAL_QSPI_SetTimeout
 .text.QSPI_WaitFlagStateUntilTimeout
                0x0000000008008788       0x6e ./Drivers/STM32L4xx_HAL_Driver/Src/stm32l4xx_hal_qspi.o
 *fill*         0x00000000080087f6        0x2 
 .text.HAL_RCC_OscConfig
                0x00000000080087f8      0x7b8 ./Drivers/STM32L4xx_HAL_Driver/Src/stm32l4xx_hal_rcc.o
                0x00000000080087f8                HAL_RCC_OscConfig
 .text.HAL_RCC_ClockConfig
                0x0000000008008fb0      0x200 ./Drivers/STM32L4xx_HAL_Driver/Src/stm32l4xx_hal_rcc.o
                0x0000000008008fb0                HAL_RCC_ClockConfig
 .text.HAL_RCC_GetSysClockFreq
                0x00000000080091b0      0x118 ./Drivers/STM32L4xx_HAL_Driver/Src/stm32l4xx_hal_rcc.o
                0x00000000080091b0                HAL_RCC_GetSysClockFreq
 .text.HAL_RCC_GetHCLKFreq
                0x00000000080092c8       0x18 ./Drivers/STM32L4xx_HAL_Driver/Src/stm32l4xx_hal_rcc.o
                0x00000000080092c8                HAL_RCC_GetHCLKFreq
 .text.HAL_RCC_GetPCLK1Freq
                0x00000000080092e0       0x2c ./Drivers/STM32L4xx_HAL_Driver/Src/stm32l4xx_hal_rcc.o
                0x00000000080092e0                HAL_RCC_GetPCLK1Freq
 .text.HAL_RCC_GetPCLK2Freq
                0x000000000800930c       0x2c ./Drivers/STM32L4xx_HAL_Driver/Src/stm32l4xx_hal_rcc.o
                0x000000000800930c                HAL_RCC_GetPCLK2Freq
 .text.RCC_SetFlashLatencyFromMSIRange
                0x0000000008009338       0xc0 ./Drivers/STM32L4xx_HAL_Driver/Src/stm32l4xx_hal_rcc.o
 .text.HAL_RCCEx_PeriphCLKConfig
                0x00000000080093f8      0x5d4 ./Drivers/STM32L4xx_HAL_Driver/Src/stm32l4xx_hal_rcc_ex.o
                0x00000000080093f8                HAL_RCCEx_PeriphCLKConfig
 .text.HAL_RCCEx_EnableMSIPLLMode
                0x00000000080099cc       0x20 ./Drivers/STM32L4xx_HAL_Driver/Src/stm32l4xx_hal_rcc_ex.o
                0x00000000080099cc                HAL_RCCEx_EnableMSIPLLMode
 .text.RCCEx_PLLSAI1_Config
                0x00000000080099ec      0x1e8 ./Drivers/STM32L4xx_HAL_Driver/Src/stm32l4xx_hal_rcc_ex.o
 .text.RCCEx_PLLSAI2_Config
                0x0000000008009bd4      0x1bc ./Drivers/STM32L4xx_HAL_Driver/Src/stm32l4xx_hal_rcc_ex.o
 .text.HAL_SPI_Init
                0x0000000008009d90      0x146 ./Drivers/STM32L4xx_HAL_Driver/Src/stm32l4xx_hal_spi.o
                0x0000000008009d90                HAL_SPI_Init
 .text.HAL_SPI_DeInit
                0x0000000008009ed6       0x50 ./Drivers/STM32L4xx_HAL_Driver/Src/stm32l4xx_hal_spi.o
                0x0000000008009ed6                HAL_SPI_DeInit
 .text.HAL_SPI_Receive
                0x0000000008009f26      0x260 ./Drivers/STM32L4xx_HAL_Driver/Src/stm32l4xx_hal_spi.o
                0x0000000008009f26                HAL_SPI_Receive
 .text.HAL_SPI_TransmitReceive
                0x000000000800a186      0x426 ./Drivers/STM32L4xx_HAL_Driver/Src/stm32l4xx_hal_spi.o
                0x000000000800a186                HAL_SPI_TransmitReceive
 .text.HAL_SPI_Transmit_IT
                0x000000000800a5ac      0x11c ./Drivers/STM32L4xx_HAL_Driver/Src/stm32l4xx_hal_spi.o
                0x000000000800a5ac                HAL_SPI_Transmit_IT
 .text.HAL_SPI_Receive_IT
                0x000000000800a6c8      0x160 ./Drivers/STM32L4xx_HAL_Driver/Src/stm32l4xx_hal_spi.o
                0x000000000800a6c8                HAL_SPI_Receive_IT
 .text.HAL_SPI_TransmitReceive_IT
                0x000000000800a828      0x160 ./Drivers/STM32L4xx_HAL_Driver/Src/stm32l4xx_hal_spi.o
                0x000000000800a828                HAL_SPI_TransmitReceive_IT
 .text.HAL_SPI_IRQHandler
                0x000000000800a988      0x200 ./Drivers/STM32L4xx_HAL_Driver/Src/stm32l4xx_hal_spi.o
                0x000000000800a988                HAL_SPI_IRQHandler
 .text.HAL_SPI_TxRxCpltCallback
                0x000000000800ab88       0x14 ./Drivers/STM32L4xx_HAL_Driver/Src/stm32l4xx_hal_spi.o
                0x000000000800ab88                HAL_SPI_TxRxCpltCallback
 .text.HAL_SPI_ErrorCallback
                0x000000000800ab9c       0x14 ./Drivers/STM32L4xx_HAL_Driver/Src/stm32l4xx_hal_spi.o
                0x000000000800ab9c                HAL_SPI_ErrorCallback
 .text.SPI_DMAAbortOnError
                0x000000000800abb0       0x2a ./Drivers/STM32L4xx_HAL_Driver/Src/stm32l4xx_hal_spi.o
 .text.SPI_2linesRxISR_8BIT
                0x000000000800abda       0xbe ./Drivers/STM32L4xx_HAL_Driver/Src/stm32l4xx_hal_spi.o
 .text.SPI_2linesTxISR_8BIT
                0x000000000800ac98       0x92 ./Drivers/STM32L4xx_HAL_Driver/Src/stm32l4xx_hal_spi.o
 .text.SPI_2linesRxISR_16BIT
                0x000000000800ad2a       0x66 ./Drivers/STM32L4xx_HAL_Driver/Src/stm32l4xx_hal_spi.o
 .text.SPI_2linesTxISR_16BIT
                0x000000000800ad90       0x60 ./Drivers/STM32L4xx_HAL_Driver/Src/stm32l4xx_hal_spi.o
 .text.SPI_RxISR_8BIT
                0x000000000800adf0       0x50 ./Drivers/STM32L4xx_HAL_Driver/Src/stm32l4xx_hal_spi.o
 .text.SPI_RxISR_16BIT
                0x000000000800ae40       0x4c ./Drivers/STM32L4xx_HAL_Driver/Src/stm32l4xx_hal_spi.o
 .text.SPI_TxISR_8BIT
                0x000000000800ae8c       0x46 ./Drivers/STM32L4xx_HAL_Driver/Src/stm32l4xx_hal_spi.o
 .text.SPI_TxISR_16BIT
                0x000000000800aed2       0x44 ./Drivers/STM32L4xx_HAL_Driver/Src/stm32l4xx_hal_spi.o
 *fill*         0x000000000800af16        0x2 
 .text.SPI_WaitFlagStateUntilTimeout
                0x000000000800af18      0x110 ./Drivers/STM32L4xx_HAL_Driver/Src/stm32l4xx_hal_spi.o
 .text.SPI_WaitFifoStateUntilTimeout
                0x000000000800b028      0x12c ./Drivers/STM32L4xx_HAL_Driver/Src/stm32l4xx_hal_spi.o
 .text.SPI_EndRxTransaction
                0x000000000800b154       0xb0 ./Drivers/STM32L4xx_HAL_Driver/Src/stm32l4xx_hal_spi.o
 .text.SPI_EndRxTxTransaction
                0x000000000800b204       0x8c ./Drivers/STM32L4xx_HAL_Driver/Src/stm32l4xx_hal_spi.o
 .text.SPI_CloseRxTx_ISR
                0x000000000800b290       0x84 ./Drivers/STM32L4xx_HAL_Driver/Src/stm32l4xx_hal_spi.o
 .text.SPI_CloseRx_ISR
                0x000000000800b314       0x60 ./Drivers/STM32L4xx_HAL_Driver/Src/stm32l4xx_hal_spi.o
 .text.SPI_CloseTx_ISR
                0x000000000800b374       0x7e ./Drivers/STM32L4xx_HAL_Driver/Src/stm32l4xx_hal_spi.o
 .text.HAL_TIM_Base_Init
                0x000000000800b3f2       0xae ./Drivers/STM32L4xx_HAL_Driver/Src/stm32l4xx_hal_tim.o
                0x000000000800b3f2                HAL_TIM_Base_Init
 .text.HAL_TIM_Base_Start_IT
                0x000000000800b4a0       0xe0 ./Drivers/STM32L4xx_HAL_Driver/Src/stm32l4xx_hal_tim.o
                0x000000000800b4a0                HAL_TIM_Base_Start_IT
 .text.HAL_TIM_IRQHandler
                0x000000000800b580      0x23e ./Drivers/STM32L4xx_HAL_Driver/Src/stm32l4xx_hal_tim.o
                0x000000000800b580                HAL_TIM_IRQHandler
 .text.HAL_TIM_ConfigClockSource
                0x000000000800b7be      0x192 ./Drivers/STM32L4xx_HAL_Driver/Src/stm32l4xx_hal_tim.o
                0x000000000800b7be                HAL_TIM_ConfigClockSource
 .text.HAL_TIM_PeriodElapsedCallback
                0x000000000800b950       0x14 ./Drivers/STM32L4xx_HAL_Driver/Src/stm32l4xx_hal_tim.o
                0x000000000800b950                HAL_TIM_PeriodElapsedCallback
 .text.HAL_TIM_OC_DelayElapsedCallback
                0x000000000800b964       0x14 ./Drivers/STM32L4xx_HAL_Driver/Src/stm32l4xx_hal_tim.o
                0x000000000800b964                HAL_TIM_OC_DelayElapsedCallback
 .text.HAL_TIM_IC_CaptureCallback
                0x000000000800b978       0x14 ./Drivers/STM32L4xx_HAL_Driver/Src/stm32l4xx_hal_tim.o
                0x000000000800b978                HAL_TIM_IC_CaptureCallback
 .text.HAL_TIM_PWM_PulseFinishedCallback
                0x000000000800b98c       0x14 ./Drivers/STM32L4xx_HAL_Driver/Src/stm32l4xx_hal_tim.o
                0x000000000800b98c                HAL_TIM_PWM_PulseFinishedCallback
 .text.HAL_TIM_TriggerCallback
                0x000000000800b9a0       0x14 ./Drivers/STM32L4xx_HAL_Driver/Src/stm32l4xx_hal_tim.o
                0x000000000800b9a0                HAL_TIM_TriggerCallback
 .text.TIM_Base_SetConfig
                0x000000000800b9b4      0x134 ./Drivers/STM32L4xx_HAL_Driver/Src/stm32l4xx_hal_tim.o
                0x000000000800b9b4                TIM_Base_SetConfig
 .text.TIM_TI1_ConfigInputStage
                0x000000000800bae8       0x5e ./Drivers/STM32L4xx_HAL_Driver/Src/stm32l4xx_hal_tim.o
 .text.TIM_TI2_ConfigInputStage
                0x000000000800bb46       0x60 ./Drivers/STM32L4xx_HAL_Driver/Src/stm32l4xx_hal_tim.o
 .text.TIM_ITRx_SetConfig
                0x000000000800bba6       0x36 ./Drivers/STM32L4xx_HAL_Driver/Src/stm32l4xx_hal_tim.o
 .text.TIM_ETR_SetConfig
                0x000000000800bbdc       0x40 ./Drivers/STM32L4xx_HAL_Driver/Src/stm32l4xx_hal_tim.o
                0x000000000800bbdc                TIM_ETR_SetConfig
 .text.HAL_TIMEx_MasterConfigSynchronization
                0x000000000800bc1c      0x110 ./Drivers/STM32L4xx_HAL_Driver/Src/stm32l4xx_hal_tim_ex.o
                0x000000000800bc1c                HAL_TIMEx_MasterConfigSynchronization
 .text.HAL_TIMEx_CommutCallback
                0x000000000800bd2c       0x14 ./Drivers/STM32L4xx_HAL_Driver/Src/stm32l4xx_hal_tim_ex.o
                0x000000000800bd2c                HAL_TIMEx_CommutCallback
 .text.HAL_TIMEx_BreakCallback
                0x000000000800bd40       0x14 ./Drivers/STM32L4xx_HAL_Driver/Src/stm32l4xx_hal_tim_ex.o
                0x000000000800bd40                HAL_TIMEx_BreakCallback
 .text.HAL_TIMEx_Break2Callback
                0x000000000800bd54       0x14 ./Drivers/STM32L4xx_HAL_Driver/Src/stm32l4xx_hal_tim_ex.o
                0x000000000800bd54                HAL_TIMEx_Break2Callback
 .text.HAL_UART_Init
                0x000000000800bd68       0x9c ./Drivers/STM32L4xx_HAL_Driver/Src/stm32l4xx_hal_uart.o
                0x000000000800bd68                HAL_UART_Init
 .text.HAL_UART_Transmit
                0x000000000800be04      0x128 ./Drivers/STM32L4xx_HAL_Driver/Src/stm32l4xx_hal_uart.o
                0x000000000800be04                HAL_UART_Transmit
 .text.UART_SetConfig
                0x000000000800bf2c      0x570 ./Drivers/STM32L4xx_HAL_Driver/Src/stm32l4xx_hal_uart.o
                0x000000000800bf2c                UART_SetConfig
 .text.UART_AdvFeatureConfig
                0x000000000800c49c      0x144 ./Drivers/STM32L4xx_HAL_Driver/Src/stm32l4xx_hal_uart.o
                0x000000000800c49c                UART_AdvFeatureConfig
 .text.UART_CheckIdleState
                0x000000000800c5e0       0x92 ./Drivers/STM32L4xx_HAL_Driver/Src/stm32l4xx_hal_uart.o
                0x000000000800c5e0                UART_CheckIdleState
 .text.UART_WaitOnFlagUntilTimeout
                0x000000000800c672      0x188 ./Drivers/STM32L4xx_HAL_Driver/Src/stm32l4xx_hal_uart.o
                0x000000000800c672                UART_WaitOnFlagUntilTimeout
 .text.USB_CoreInit
                0x000000000800c7fa       0x58 ./Drivers/STM32L4xx_HAL_Driver/Src/stm32l4xx_ll_usb.o
                0x000000000800c7fa                USB_CoreInit
 .text.USB_DisableGlobalInt
                0x000000000800c852       0x22 ./Drivers/STM32L4xx_HAL_Driver/Src/stm32l4xx_ll_usb.o
                0x000000000800c852                USB_DisableGlobalInt
 .text.USB_SetCurrentMode
                0x000000000800c874       0x98 ./Drivers/STM32L4xx_HAL_Driver/Src/stm32l4xx_ll_usb.o
                0x000000000800c874                USB_SetCurrentMode
 .text.USB_DevInit
                0x000000000800c90c      0x298 ./Drivers/STM32L4xx_HAL_Driver/Src/stm32l4xx_ll_usb.o
                0x000000000800c90c                USB_DevInit
 .text.USB_FlushTxFifo
                0x000000000800cba4       0x68 ./Drivers/STM32L4xx_HAL_Driver/Src/stm32l4xx_ll_usb.o
                0x000000000800cba4                USB_FlushTxFifo
 .text.USB_FlushRxFifo
                0x000000000800cc0c       0x60 ./Drivers/STM32L4xx_HAL_Driver/Src/stm32l4xx_ll_usb.o
                0x000000000800cc0c                USB_FlushRxFifo
 .text.USB_SetDevSpeed
                0x000000000800cc6c       0x32 ./Drivers/STM32L4xx_HAL_Driver/Src/stm32l4xx_ll_usb.o
                0x000000000800cc6c                USB_SetDevSpeed
 .text.USB_DevDisconnect
                0x000000000800cc9e       0x42 ./Drivers/STM32L4xx_HAL_Driver/Src/stm32l4xx_ll_usb.o
                0x000000000800cc9e                USB_DevDisconnect
 .text.USB_GetMode
                0x000000000800cce0       0x1c ./Drivers/STM32L4xx_HAL_Driver/Src/stm32l4xx_ll_usb.o
                0x000000000800cce0                USB_GetMode
 .text.USB_CoreReset
                0x000000000800ccfc       0x68 ./Drivers/STM32L4xx_HAL_Driver/Src/stm32l4xx_ll_usb.o
 .text.__assert_func
                0x000000000800cd64       0x3c c:/uni-program/stm32cubeide_1.10.1/stm32cubeide/plugins/com.st.stm32cube.ide.mcu.externaltools.gnu-tools-for-stm32.10.3-2021.10.win32_1.0.0.202111181127/tools/bin/../lib/gcc/arm-none-eabi/10.3.1/../../../../arm-none-eabi/lib/thumb/v7e-m+fp/hard\libc_nano.a(lib_a-assert.o)
                0x000000000800cd64                __assert_func
 .text.__errno  0x000000000800cda0        0xc c:/uni-program/stm32cubeide_1.10.1/stm32cubeide/plugins/com.st.stm32cube.ide.mcu.externaltools.gnu-tools-for-stm32.10.3-2021.10.win32_1.0.0.202111181127/tools/bin/../lib/gcc/arm-none-eabi/10.3.1/../../../../arm-none-eabi/lib/thumb/v7e-m+fp/hard\libc_nano.a(lib_a-errno.o)
                0x000000000800cda0                __errno
 .text.fprintf  0x000000000800cdac       0x24 c:/uni-program/stm32cubeide_1.10.1/stm32cubeide/plugins/com.st.stm32cube.ide.mcu.externaltools.gnu-tools-for-stm32.10.3-2021.10.win32_1.0.0.202111181127/tools/bin/../lib/gcc/arm-none-eabi/10.3.1/../../../../arm-none-eabi/lib/thumb/v7e-m+fp/hard\libc_nano.a(lib_a-fprintf.o)
                0x000000000800cdac                fiprintf
                0x000000000800cdac                fprintf
 .text.__libc_init_array
                0x000000000800cdd0       0x48 c:/uni-program/stm32cubeide_1.10.1/stm32cubeide/plugins/com.st.stm32cube.ide.mcu.externaltools.gnu-tools-for-stm32.10.3-2021.10.win32_1.0.0.202111181127/tools/bin/../lib/gcc/arm-none-eabi/10.3.1/../../../../arm-none-eabi/lib/thumb/v7e-m+fp/hard\libc_nano.a(lib_a-init.o)
                0x000000000800cdd0                __libc_init_array
 .text.malloc   0x000000000800ce18       0x10 c:/uni-program/stm32cubeide_1.10.1/stm32cubeide/plugins/com.st.stm32cube.ide.mcu.externaltools.gnu-tools-for-stm32.10.3-2021.10.win32_1.0.0.202111181127/tools/bin/../lib/gcc/arm-none-eabi/10.3.1/../../../../arm-none-eabi/lib/thumb/v7e-m+fp/hard\libc_nano.a(lib_a-malloc.o)
                0x000000000800ce18                malloc
 .text.memcpy   0x000000000800ce28       0x1c c:/uni-program/stm32cubeide_1.10.1/stm32cubeide/plugins/com.st.stm32cube.ide.mcu.externaltools.gnu-tools-for-stm32.10.3-2021.10.win32_1.0.0.202111181127/tools/bin/../lib/gcc/arm-none-eabi/10.3.1/../../../../arm-none-eabi/lib/thumb/v7e-m+fp/hard\libc_nano.a(lib_a-memcpy-stub.o)
                0x000000000800ce28                memcpy
 .text.memset   0x000000000800ce44       0x10 c:/uni-program/stm32cubeide_1.10.1/stm32cubeide/plugins/com.st.stm32cube.ide.mcu.externaltools.gnu-tools-for-stm32.10.3-2021.10.win32_1.0.0.202111181127/tools/bin/../lib/gcc/arm-none-eabi/10.3.1/../../../../arm-none-eabi/lib/thumb/v7e-m+fp/hard\libc_nano.a(lib_a-memset.o)
                0x000000000800ce44                memset
 .text._free_r  0x000000000800ce54       0x98 c:/uni-program/stm32cubeide_1.10.1/stm32cubeide/plugins/com.st.stm32cube.ide.mcu.externaltools.gnu-tools-for-stm32.10.3-2021.10.win32_1.0.0.202111181127/tools/bin/../lib/gcc/arm-none-eabi/10.3.1/../../../../arm-none-eabi/lib/thumb/v7e-m+fp/hard\libc_nano.a(lib_a-nano-freer.o)
                0x000000000800ce54                _free_r
 .text.sbrk_aligned
                0x000000000800ceec       0x40 c:/uni-program/stm32cubeide_1.10.1/stm32cubeide/plugins/com.st.stm32cube.ide.mcu.externaltools.gnu-tools-for-stm32.10.3-2021.10.win32_1.0.0.202111181127/tools/bin/../lib/gcc/arm-none-eabi/10.3.1/../../../../arm-none-eabi/lib/thumb/v7e-m+fp/hard\libc_nano.a(lib_a-nano-mallocr.o)
 .text._malloc_r
                0x000000000800cf2c       0xe8 c:/uni-program/stm32cubeide_1.10.1/stm32cubeide/plugins/com.st.stm32cube.ide.mcu.externaltools.gnu-tools-for-stm32.10.3-2021.10.win32_1.0.0.202111181127/tools/bin/../lib/gcc/arm-none-eabi/10.3.1/../../../../arm-none-eabi/lib/thumb/v7e-m+fp/hard\libc_nano.a(lib_a-nano-mallocr.o)
                0x000000000800cf2c                _malloc_r
 .text.__sfputc_r
                0x000000000800d014       0x2e c:/uni-program/stm32cubeide_1.10.1/stm32cubeide/plugins/com.st.stm32cube.ide.mcu.externaltools.gnu-tools-for-stm32.10.3-2021.10.win32_1.0.0.202111181127/tools/bin/../lib/gcc/arm-none-eabi/10.3.1/../../../../arm-none-eabi/lib/thumb/v7e-m+fp/hard\libc_nano.a(lib_a-nano-vfprintf.o)
 .text.__sfputs_r
                0x000000000800d042       0x24 c:/uni-program/stm32cubeide_1.10.1/stm32cubeide/plugins/com.st.stm32cube.ide.mcu.externaltools.gnu-tools-for-stm32.10.3-2021.10.win32_1.0.0.202111181127/tools/bin/../lib/gcc/arm-none-eabi/10.3.1/../../../../arm-none-eabi/lib/thumb/v7e-m+fp/hard\libc_nano.a(lib_a-nano-vfprintf.o)
                0x000000000800d042                __sfputs_r
 *fill*         0x000000000800d066        0x2 
 .text._vfprintf_r
                0x000000000800d068      0x260 c:/uni-program/stm32cubeide_1.10.1/stm32cubeide/plugins/com.st.stm32cube.ide.mcu.externaltools.gnu-tools-for-stm32.10.3-2021.10.win32_1.0.0.202111181127/tools/bin/../lib/gcc/arm-none-eabi/10.3.1/../../../../arm-none-eabi/lib/thumb/v7e-m+fp/hard\libc_nano.a(lib_a-nano-vfprintf.o)
                0x000000000800d068                _vfprintf_r
                0x000000000800d068                _vfiprintf_r
 .text._printf_common
                0x000000000800d2c8       0xda c:/uni-program/stm32cubeide_1.10.1/stm32cubeide/plugins/com.st.stm32cube.ide.mcu.externaltools.gnu-tools-for-stm32.10.3-2021.10.win32_1.0.0.202111181127/tools/bin/../lib/gcc/arm-none-eabi/10.3.1/../../../../arm-none-eabi/lib/thumb/v7e-m+fp/hard\libc_nano.a(lib_a-nano-vfprintf_i.o)
                0x000000000800d2c8                _printf_common
 *fill*         0x000000000800d3a2        0x2 
 .text._printf_i
                0x000000000800d3a4      0x24c c:/uni-program/stm32cubeide_1.10.1/stm32cubeide/plugins/com.st.stm32cube.ide.mcu.externaltools.gnu-tools-for-stm32.10.3-2021.10.win32_1.0.0.202111181127/tools/bin/../lib/gcc/arm-none-eabi/10.3.1/../../../../arm-none-eabi/lib/thumb/v7e-m+fp/hard\libc_nano.a(lib_a-nano-vfprintf_i.o)
                0x000000000800d3a4                _printf_i
 .text.printf   0x000000000800d5f0       0x30 c:/uni-program/stm32cubeide_1.10.1/stm32cubeide/plugins/com.st.stm32cube.ide.mcu.externaltools.gnu-tools-for-stm32.10.3-2021.10.win32_1.0.0.202111181127/tools/bin/../lib/gcc/arm-none-eabi/10.3.1/../../../../arm-none-eabi/lib/thumb/v7e-m+fp/hard\libc_nano.a(lib_a-printf.o)
                0x000000000800d5f0                iprintf
                0x000000000800d5f0                printf
 .text._puts_r  0x000000000800d620       0xdc c:/uni-program/stm32cubeide_1.10.1/stm32cubeide/plugins/com.st.stm32cube.ide.mcu.externaltools.gnu-tools-for-stm32.10.3-2021.10.win32_1.0.0.202111181127/tools/bin/../lib/gcc/arm-none-eabi/10.3.1/../../../../arm-none-eabi/lib/thumb/v7e-m+fp/hard\libc_nano.a(lib_a-puts.o)
                0x000000000800d620                _puts_r
 .text.puts     0x000000000800d6fc       0x10 c:/uni-program/stm32cubeide_1.10.1/stm32cubeide/plugins/com.st.stm32cube.ide.mcu.externaltools.gnu-tools-for-stm32.10.3-2021.10.win32_1.0.0.202111181127/tools/bin/../lib/gcc/arm-none-eabi/10.3.1/../../../../arm-none-eabi/lib/thumb/v7e-m+fp/hard\libc_nano.a(lib_a-puts.o)
                0x000000000800d6fc                puts
 .text._sbrk_r  0x000000000800d70c       0x20 c:/uni-program/stm32cubeide_1.10.1/stm32cubeide/plugins/com.st.stm32cube.ide.mcu.externaltools.gnu-tools-for-stm32.10.3-2021.10.win32_1.0.0.202111181127/tools/bin/../lib/gcc/arm-none-eabi/10.3.1/../../../../arm-none-eabi/lib/thumb/v7e-m+fp/hard\libc_nano.a(lib_a-sbrkr.o)
                0x000000000800d70c                _sbrk_r
 .text.sprintf  0x000000000800d72c       0x40 c:/uni-program/stm32cubeide_1.10.1/stm32cubeide/plugins/com.st.stm32cube.ide.mcu.externaltools.gnu-tools-for-stm32.10.3-2021.10.win32_1.0.0.202111181127/tools/bin/../lib/gcc/arm-none-eabi/10.3.1/../../../../arm-none-eabi/lib/thumb/v7e-m+fp/hard\libc_nano.a(lib_a-sprintf.o)
                0x000000000800d72c                siprintf
                0x000000000800d72c                sprintf
 .text.strncpy  0x000000000800d76c       0x26 c:/uni-program/stm32cubeide_1.10.1/stm32cubeide/plugins/com.st.stm32cube.ide.mcu.externaltools.gnu-tools-for-stm32.10.3-2021.10.win32_1.0.0.202111181127/tools/bin/../lib/gcc/arm-none-eabi/10.3.1/../../../../arm-none-eabi/lib/thumb/v7e-m+fp/hard\libc_nano.a(lib_a-strncpy.o)
                0x000000000800d76c                strncpy
 .text.strstr   0x000000000800d792       0x2c c:/uni-program/stm32cubeide_1.10.1/stm32cubeide/plugins/com.st.stm32cube.ide.mcu.externaltools.gnu-tools-for-stm32.10.3-2021.10.win32_1.0.0.202111181127/tools/bin/../lib/gcc/arm-none-eabi/10.3.1/../../../../arm-none-eabi/lib/thumb/v7e-m+fp/hard\libc_nano.a(lib_a-strstr.o)
                0x000000000800d792                strstr
 *fill*         0x000000000800d7be        0x2 
 .text.strtok   0x000000000800d7c0       0x68 c:/uni-program/stm32cubeide_1.10.1/stm32cubeide/plugins/com.st.stm32cube.ide.mcu.externaltools.gnu-tools-for-stm32.10.3-2021.10.win32_1.0.0.202111181127/tools/bin/../lib/gcc/arm-none-eabi/10.3.1/../../../../arm-none-eabi/lib/thumb/v7e-m+fp/hard\libc_nano.a(lib_a-strtok.o)
                0x000000000800d7c0                strtok
 .text.__strtok_r
                0x000000000800d828       0x50 c:/uni-program/stm32cubeide_1.10.1/stm32cubeide/plugins/com.st.stm32cube.ide.mcu.externaltools.gnu-tools-for-stm32.10.3-2021.10.win32_1.0.0.202111181127/tools/bin/../lib/gcc/arm-none-eabi/10.3.1/../../../../arm-none-eabi/lib/thumb/v7e-m+fp/hard\libc_nano.a(lib_a-strtok_r.o)
                0x000000000800d828                __strtok_r
 .text.__swbuf_r
                0x000000000800d878       0xa4 c:/uni-program/stm32cubeide_1.10.1/stm32cubeide/plugins/com.st.stm32cube.ide.mcu.externaltools.gnu-tools-for-stm32.10.3-2021.10.win32_1.0.0.202111181127/tools/bin/../lib/gcc/arm-none-eabi/10.3.1/../../../../arm-none-eabi/lib/thumb/v7e-m+fp/hard\libc_nano.a(lib_a-wbuf.o)
                0x000000000800d878                __swbuf_r
 .text.__swsetup_r
                0x000000000800d91c       0xdc c:/uni-program/stm32cubeide_1.10.1/stm32cubeide/plugins/com.st.stm32cube.ide.mcu.externaltools.gnu-tools-for-stm32.10.3-2021.10.win32_1.0.0.202111181127/tools/bin/../lib/gcc/arm-none-eabi/10.3.1/../../../../arm-none-eabi/lib/thumb/v7e-m+fp/hard\libc_nano.a(lib_a-wsetup.o)
                0x000000000800d91c                __swsetup_r
 .text.abort    0x000000000800d9f8        0xe c:/uni-program/stm32cubeide_1.10.1/stm32cubeide/plugins/com.st.stm32cube.ide.mcu.externaltools.gnu-tools-for-stm32.10.3-2021.10.win32_1.0.0.202111181127/tools/bin/../lib/gcc/arm-none-eabi/10.3.1/../../../../arm-none-eabi/lib/thumb/v7e-m+fp/hard\libc_nano.a(lib_a-abort.o)
                0x000000000800d9f8                abort
 *fill*         0x000000000800da06        0x2 
 .text.__sflush_r
                0x000000000800da08      0x10c c:/uni-program/stm32cubeide_1.10.1/stm32cubeide/plugins/com.st.stm32cube.ide.mcu.externaltools.gnu-tools-for-stm32.10.3-2021.10.win32_1.0.0.202111181127/tools/bin/../lib/gcc/arm-none-eabi/10.3.1/../../../../arm-none-eabi/lib/thumb/v7e-m+fp/hard\libc_nano.a(lib_a-fflush.o)
                0x000000000800da08                __sflush_r
 .text._fflush_r
                0x000000000800db14       0x78 c:/uni-program/stm32cubeide_1.10.1/stm32cubeide/plugins/com.st.stm32cube.ide.mcu.externaltools.gnu-tools-for-stm32.10.3-2021.10.win32_1.0.0.202111181127/tools/bin/../lib/gcc/arm-none-eabi/10.3.1/../../../../arm-none-eabi/lib/thumb/v7e-m+fp/hard\libc_nano.a(lib_a-fflush.o)
                0x000000000800db14                _fflush_r
 .text.std      0x000000000800db8c       0x48 c:/uni-program/stm32cubeide_1.10.1/stm32cubeide/plugins/com.st.stm32cube.ide.mcu.externaltools.gnu-tools-for-stm32.10.3-2021.10.win32_1.0.0.202111181127/tools/bin/../lib/gcc/arm-none-eabi/10.3.1/../../../../arm-none-eabi/lib/thumb/v7e-m+fp/hard\libc_nano.a(lib_a-findfp.o)
 .text._cleanup_r
                0x000000000800dbd4        0xc c:/uni-program/stm32cubeide_1.10.1/stm32cubeide/plugins/com.st.stm32cube.ide.mcu.externaltools.gnu-tools-for-stm32.10.3-2021.10.win32_1.0.0.202111181127/tools/bin/../lib/gcc/arm-none-eabi/10.3.1/../../../../arm-none-eabi/lib/thumb/v7e-m+fp/hard\libc_nano.a(lib_a-findfp.o)
                0x000000000800dbd4                _cleanup_r
 .text.__sfmoreglue
                0x000000000800dbe0       0x2c c:/uni-program/stm32cubeide_1.10.1/stm32cubeide/plugins/com.st.stm32cube.ide.mcu.externaltools.gnu-tools-for-stm32.10.3-2021.10.win32_1.0.0.202111181127/tools/bin/../lib/gcc/arm-none-eabi/10.3.1/../../../../arm-none-eabi/lib/thumb/v7e-m+fp/hard\libc_nano.a(lib_a-findfp.o)
                0x000000000800dbe0                __sfmoreglue
 .text.__sfp_lock_acquire
                0x000000000800dc0c        0xc c:/uni-program/stm32cubeide_1.10.1/stm32cubeide/plugins/com.st.stm32cube.ide.mcu.externaltools.gnu-tools-for-stm32.10.3-2021.10.win32_1.0.0.202111181127/tools/bin/../lib/gcc/arm-none-eabi/10.3.1/../../../../arm-none-eabi/lib/thumb/v7e-m+fp/hard\libc_nano.a(lib_a-findfp.o)
                0x000000000800dc0c                __sfp_lock_acquire
 .text.__sfp_lock_release
                0x000000000800dc18        0xc c:/uni-program/stm32cubeide_1.10.1/stm32cubeide/plugins/com.st.stm32cube.ide.mcu.externaltools.gnu-tools-for-stm32.10.3-2021.10.win32_1.0.0.202111181127/tools/bin/../lib/gcc/arm-none-eabi/10.3.1/../../../../arm-none-eabi/lib/thumb/v7e-m+fp/hard\libc_nano.a(lib_a-findfp.o)
                0x000000000800dc18                __sfp_lock_release
 .text.__sinit_lock_acquire
                0x000000000800dc24        0xc c:/uni-program/stm32cubeide_1.10.1/stm32cubeide/plugins/com.st.stm32cube.ide.mcu.externaltools.gnu-tools-for-stm32.10.3-2021.10.win32_1.0.0.202111181127/tools/bin/../lib/gcc/arm-none-eabi/10.3.1/../../../../arm-none-eabi/lib/thumb/v7e-m+fp/hard\libc_nano.a(lib_a-findfp.o)
                0x000000000800dc24                __sinit_lock_acquire
 .text.__sinit_lock_release
                0x000000000800dc30        0xc c:/uni-program/stm32cubeide_1.10.1/stm32cubeide/plugins/com.st.stm32cube.ide.mcu.externaltools.gnu-tools-for-stm32.10.3-2021.10.win32_1.0.0.202111181127/tools/bin/../lib/gcc/arm-none-eabi/10.3.1/../../../../arm-none-eabi/lib/thumb/v7e-m+fp/hard\libc_nano.a(lib_a-findfp.o)
                0x000000000800dc30                __sinit_lock_release
 .text.__sinit  0x000000000800dc3c       0x70 c:/uni-program/stm32cubeide_1.10.1/stm32cubeide/plugins/com.st.stm32cube.ide.mcu.externaltools.gnu-tools-for-stm32.10.3-2021.10.win32_1.0.0.202111181127/tools/bin/../lib/gcc/arm-none-eabi/10.3.1/../../../../arm-none-eabi/lib/thumb/v7e-m+fp/hard\libc_nano.a(lib_a-findfp.o)
                0x000000000800dc3c                __sinit
 .text.__sfp    0x000000000800dcac       0x8c c:/uni-program/stm32cubeide_1.10.1/stm32cubeide/plugins/com.st.stm32cube.ide.mcu.externaltools.gnu-tools-for-stm32.10.3-2021.10.win32_1.0.0.202111181127/tools/bin/../lib/gcc/arm-none-eabi/10.3.1/../../../../arm-none-eabi/lib/thumb/v7e-m+fp/hard\libc_nano.a(lib_a-findfp.o)
                0x000000000800dcac                __sfp
 .text._fwalk_reent
                0x000000000800dd38       0x3e c:/uni-program/stm32cubeide_1.10.1/stm32cubeide/plugins/com.st.stm32cube.ide.mcu.externaltools.gnu-tools-for-stm32.10.3-2021.10.win32_1.0.0.202111181127/tools/bin/../lib/gcc/arm-none-eabi/10.3.1/../../../../arm-none-eabi/lib/thumb/v7e-m+fp/hard\libc_nano.a(lib_a-fwalk.o)
                0x000000000800dd38                _fwalk_reent
 .text.__retarget_lock_init_recursive
                0x000000000800dd76        0x2 c:/uni-program/stm32cubeide_1.10.1/stm32cubeide/plugins/com.st.stm32cube.ide.mcu.externaltools.gnu-tools-for-stm32.10.3-2021.10.win32_1.0.0.202111181127/tools/bin/../lib/gcc/arm-none-eabi/10.3.1/../../../../arm-none-eabi/lib/thumb/v7e-m+fp/hard\libc_nano.a(lib_a-lock.o)
                0x000000000800dd76                __retarget_lock_init_recursive
 .text.__retarget_lock_acquire_recursive
                0x000000000800dd78        0x2 c:/uni-program/stm32cubeide_1.10.1/stm32cubeide/plugins/com.st.stm32cube.ide.mcu.externaltools.gnu-tools-for-stm32.10.3-2021.10.win32_1.0.0.202111181127/tools/bin/../lib/gcc/arm-none-eabi/10.3.1/../../../../arm-none-eabi/lib/thumb/v7e-m+fp/hard\libc_nano.a(lib_a-lock.o)
                0x000000000800dd78                __retarget_lock_acquire_recursive
 .text.__retarget_lock_release_recursive
                0x000000000800dd7a        0x2 c:/uni-program/stm32cubeide_1.10.1/stm32cubeide/plugins/com.st.stm32cube.ide.mcu.externaltools.gnu-tools-for-stm32.10.3-2021.10.win32_1.0.0.202111181127/tools/bin/../lib/gcc/arm-none-eabi/10.3.1/../../../../arm-none-eabi/lib/thumb/v7e-m+fp/hard\libc_nano.a(lib_a-lock.o)
                0x000000000800dd7a                __retarget_lock_release_recursive
 .text.__swhatbuf_r
                0x000000000800dd7c       0x4a c:/uni-program/stm32cubeide_1.10.1/stm32cubeide/plugins/com.st.stm32cube.ide.mcu.externaltools.gnu-tools-for-stm32.10.3-2021.10.win32_1.0.0.202111181127/tools/bin/../lib/gcc/arm-none-eabi/10.3.1/../../../../arm-none-eabi/lib/thumb/v7e-m+fp/hard\libc_nano.a(lib_a-makebuf.o)
                0x000000000800dd7c                __swhatbuf_r
 *fill*         0x000000000800ddc6        0x2 
 .text.__smakebuf_r
                0x000000000800ddc8       0x80 c:/uni-program/stm32cubeide_1.10.1/stm32cubeide/plugins/com.st.stm32cube.ide.mcu.externaltools.gnu-tools-for-stm32.10.3-2021.10.win32_1.0.0.202111181127/tools/bin/../lib/gcc/arm-none-eabi/10.3.1/../../../../arm-none-eabi/lib/thumb/v7e-m+fp/hard\libc_nano.a(lib_a-makebuf.o)
                0x000000000800ddc8                __smakebuf_r
 .text.memmove  0x000000000800de48       0x34 c:/uni-program/stm32cubeide_1.10.1/stm32cubeide/plugins/com.st.stm32cube.ide.mcu.externaltools.gnu-tools-for-stm32.10.3-2021.10.win32_1.0.0.202111181127/tools/bin/../lib/gcc/arm-none-eabi/10.3.1/../../../../arm-none-eabi/lib/thumb/v7e-m+fp/hard\libc_nano.a(lib_a-memmove.o)
                0x000000000800de48                memmove
 .text.__malloc_lock
                0x000000000800de7c        0xc c:/uni-program/stm32cubeide_1.10.1/stm32cubeide/plugins/com.st.stm32cube.ide.mcu.externaltools.gnu-tools-for-stm32.10.3-2021.10.win32_1.0.0.202111181127/tools/bin/../lib/gcc/arm-none-eabi/10.3.1/../../../../arm-none-eabi/lib/thumb/v7e-m+fp/hard\libc_nano.a(lib_a-mlock.o)
                0x000000000800de7c                __malloc_lock
 .text.__malloc_unlock
                0x000000000800de88        0xc c:/uni-program/stm32cubeide_1.10.1/stm32cubeide/plugins/com.st.stm32cube.ide.mcu.externaltools.gnu-tools-for-stm32.10.3-2021.10.win32_1.0.0.202111181127/tools/bin/../lib/gcc/arm-none-eabi/10.3.1/../../../../arm-none-eabi/lib/thumb/v7e-m+fp/hard\libc_nano.a(lib_a-mlock.o)
                0x000000000800de88                __malloc_unlock
 .text._realloc_r
                0x000000000800de94       0x5e c:/uni-program/stm32cubeide_1.10.1/stm32cubeide/plugins/com.st.stm32cube.ide.mcu.externaltools.gnu-tools-for-stm32.10.3-2021.10.win32_1.0.0.202111181127/tools/bin/../lib/gcc/arm-none-eabi/10.3.1/../../../../arm-none-eabi/lib/thumb/v7e-m+fp/hard\libc_nano.a(lib_a-nano-reallocr.o)
                0x000000000800de94                _realloc_r
 .text.__ssputs_r
                0x000000000800def2       0xb6 c:/uni-program/stm32cubeide_1.10.1/stm32cubeide/plugins/com.st.stm32cube.ide.mcu.externaltools.gnu-tools-for-stm32.10.3-2021.10.win32_1.0.0.202111181127/tools/bin/../lib/gcc/arm-none-eabi/10.3.1/../../../../arm-none-eabi/lib/thumb/v7e-m+fp/hard\libc_nano.a(lib_a-nano-svfprintf.o)
                0x000000000800def2                __ssputs_r
 .text._svfprintf_r
                0x000000000800dfa8      0x200 c:/uni-program/stm32cubeide_1.10.1/stm32cubeide/plugins/com.st.stm32cube.ide.mcu.externaltools.gnu-tools-for-stm32.10.3-2021.10.win32_1.0.0.202111181127/tools/bin/../lib/gcc/arm-none-eabi/10.3.1/../../../../arm-none-eabi/lib/thumb/v7e-m+fp/hard\libc_nano.a(lib_a-nano-svfprintf.o)
                0x000000000800dfa8                _svfiprintf_r
                0x000000000800dfa8                _svfprintf_r
 .text._raise_r
                0x000000000800e1a8       0x50 c:/uni-program/stm32cubeide_1.10.1/stm32cubeide/plugins/com.st.stm32cube.ide.mcu.externaltools.gnu-tools-for-stm32.10.3-2021.10.win32_1.0.0.202111181127/tools/bin/../lib/gcc/arm-none-eabi/10.3.1/../../../../arm-none-eabi/lib/thumb/v7e-m+fp/hard\libc_nano.a(lib_a-signal.o)
                0x000000000800e1a8                _raise_r
 .text.raise    0x000000000800e1f8       0x10 c:/uni-program/stm32cubeide_1.10.1/stm32cubeide/plugins/com.st.stm32cube.ide.mcu.externaltools.gnu-tools-for-stm32.10.3-2021.10.win32_1.0.0.202111181127/tools/bin/../lib/gcc/arm-none-eabi/10.3.1/../../../../arm-none-eabi/lib/thumb/v7e-m+fp/hard\libc_nano.a(lib_a-signal.o)
                0x000000000800e1f8                raise
 .text._kill_r  0x000000000800e208       0x24 c:/uni-program/stm32cubeide_1.10.1/stm32cubeide/plugins/com.st.stm32cube.ide.mcu.externaltools.gnu-tools-for-stm32.10.3-2021.10.win32_1.0.0.202111181127/tools/bin/../lib/gcc/arm-none-eabi/10.3.1/../../../../arm-none-eabi/lib/thumb/v7e-m+fp/hard\libc_nano.a(lib_a-signalr.o)
                0x000000000800e208                _kill_r
 .text._getpid_r
                0x000000000800e22c        0x4 c:/uni-program/stm32cubeide_1.10.1/stm32cubeide/plugins/com.st.stm32cube.ide.mcu.externaltools.gnu-tools-for-stm32.10.3-2021.10.win32_1.0.0.202111181127/tools/bin/../lib/gcc/arm-none-eabi/10.3.1/../../../../arm-none-eabi/lib/thumb/v7e-m+fp/hard\libc_nano.a(lib_a-signalr.o)
                0x000000000800e22c                _getpid_r
 .text.__sread  0x000000000800e230       0x22 c:/uni-program/stm32cubeide_1.10.1/stm32cubeide/plugins/com.st.stm32cube.ide.mcu.externaltools.gnu-tools-for-stm32.10.3-2021.10.win32_1.0.0.202111181127/tools/bin/../lib/gcc/arm-none-eabi/10.3.1/../../../../arm-none-eabi/lib/thumb/v7e-m+fp/hard\libc_nano.a(lib_a-stdio.o)
                0x000000000800e230                __sread
 .text.__swrite
                0x000000000800e252       0x38 c:/uni-program/stm32cubeide_1.10.1/stm32cubeide/plugins/com.st.stm32cube.ide.mcu.externaltools.gnu-tools-for-stm32.10.3-2021.10.win32_1.0.0.202111181127/tools/bin/../lib/gcc/arm-none-eabi/10.3.1/../../../../arm-none-eabi/lib/thumb/v7e-m+fp/hard\libc_nano.a(lib_a-stdio.o)
                0x000000000800e252                __swrite
 .text.__sseek  0x000000000800e28a       0x24 c:/uni-program/stm32cubeide_1.10.1/stm32cubeide/plugins/com.st.stm32cube.ide.mcu.externaltools.gnu-tools-for-stm32.10.3-2021.10.win32_1.0.0.202111181127/tools/bin/../lib/gcc/arm-none-eabi/10.3.1/../../../../arm-none-eabi/lib/thumb/v7e-m+fp/hard\libc_nano.a(lib_a-stdio.o)
                0x000000000800e28a                __sseek
 .text.__sclose
                0x000000000800e2ae        0x8 c:/uni-program/stm32cubeide_1.10.1/stm32cubeide/plugins/com.st.stm32cube.ide.mcu.externaltools.gnu-tools-for-stm32.10.3-2021.10.win32_1.0.0.202111181127/tools/bin/../lib/gcc/arm-none-eabi/10.3.1/../../../../arm-none-eabi/lib/thumb/v7e-m+fp/hard\libc_nano.a(lib_a-stdio.o)
                0x000000000800e2ae                __sclose
 *fill*         0x000000000800e2b6        0x2 
 .text._write_r
                0x000000000800e2b8       0x24 c:/uni-program/stm32cubeide_1.10.1/stm32cubeide/plugins/com.st.stm32cube.ide.mcu.externaltools.gnu-tools-for-stm32.10.3-2021.10.win32_1.0.0.202111181127/tools/bin/../lib/gcc/arm-none-eabi/10.3.1/../../../../arm-none-eabi/lib/thumb/v7e-m+fp/hard\libc_nano.a(lib_a-writer.o)
                0x000000000800e2b8                _write_r
 .text._close_r
                0x000000000800e2dc       0x20 c:/uni-program/stm32cubeide_1.10.1/stm32cubeide/plugins/com.st.stm32cube.ide.mcu.externaltools.gnu-tools-for-stm32.10.3-2021.10.win32_1.0.0.202111181127/tools/bin/../lib/gcc/arm-none-eabi/10.3.1/../../../../arm-none-eabi/lib/thumb/v7e-m+fp/hard\libc_nano.a(lib_a-closer.o)
                0x000000000800e2dc                _close_r
 .text._fstat_r
                0x000000000800e2fc       0x24 c:/uni-program/stm32cubeide_1.10.1/stm32cubeide/plugins/com.st.stm32cube.ide.mcu.externaltools.gnu-tools-for-stm32.10.3-2021.10.win32_1.0.0.202111181127/tools/bin/../lib/gcc/arm-none-eabi/10.3.1/../../../../arm-none-eabi/lib/thumb/v7e-m+fp/hard\libc_nano.a(lib_a-fstatr.o)
                0x000000000800e2fc                _fstat_r
 .text._isatty_r
                0x000000000800e320       0x20 c:/uni-program/stm32cubeide_1.10.1/stm32cubeide/plugins/com.st.stm32cube.ide.mcu.externaltools.gnu-tools-for-stm32.10.3-2021.10.win32_1.0.0.202111181127/tools/bin/../lib/gcc/arm-none-eabi/10.3.1/../../../../arm-none-eabi/lib/thumb/v7e-m+fp/hard\libc_nano.a(lib_a-isattyr.o)
                0x000000000800e320                _isatty_r
 .text._lseek_r
                0x000000000800e340       0x24 c:/uni-program/stm32cubeide_1.10.1/stm32cubeide/plugins/com.st.stm32cube.ide.mcu.externaltools.gnu-tools-for-stm32.10.3-2021.10.win32_1.0.0.202111181127/tools/bin/../lib/gcc/arm-none-eabi/10.3.1/../../../../arm-none-eabi/lib/thumb/v7e-m+fp/hard\libc_nano.a(lib_a-lseekr.o)
                0x000000000800e340                _lseek_r
 .text._malloc_usable_size_r
                0x000000000800e364       0x10 c:/uni-program/stm32cubeide_1.10.1/stm32cubeide/plugins/com.st.stm32cube.ide.mcu.externaltools.gnu-tools-for-stm32.10.3-2021.10.win32_1.0.0.202111181127/tools/bin/../lib/gcc/arm-none-eabi/10.3.1/../../../../arm-none-eabi/lib/thumb/v7e-m+fp/hard\libc_nano.a(lib_a-nano-msizer.o)
                0x000000000800e364                _malloc_usable_size_r
 .text._read_r  0x000000000800e374       0x24 c:/uni-program/stm32cubeide_1.10.1/stm32cubeide/plugins/com.st.stm32cube.ide.mcu.externaltools.gnu-tools-for-stm32.10.3-2021.10.win32_1.0.0.202111181127/tools/bin/../lib/gcc/arm-none-eabi/10.3.1/../../../../arm-none-eabi/lib/thumb/v7e-m+fp/hard\libc_nano.a(lib_a-readr.o)
                0x000000000800e374                _read_r
 *(.glue_7)
 .glue_7        0x000000000800e398        0x0 linker stubs
 *(.glue_7t)
 .glue_7t       0x000000000800e398        0x0 linker stubs
 *(.eh_frame)
 .eh_frame      0x000000000800e398        0x0 c:/uni-program/stm32cubeide_1.10.1/stm32cubeide/plugins/com.st.stm32cube.ide.mcu.externaltools.gnu-tools-for-stm32.10.3-2021.10.win32_1.0.0.202111181127/tools/bin/../lib/gcc/arm-none-eabi/10.3.1/thumb/v7e-m+fp/hard/crtbegin.o
 *(.init)
 .init          0x000000000800e398        0x4 c:/uni-program/stm32cubeide_1.10.1/stm32cubeide/plugins/com.st.stm32cube.ide.mcu.externaltools.gnu-tools-for-stm32.10.3-2021.10.win32_1.0.0.202111181127/tools/bin/../lib/gcc/arm-none-eabi/10.3.1/thumb/v7e-m+fp/hard/crti.o
                0x000000000800e398                _init
 .init          0x000000000800e39c        0x8 c:/uni-program/stm32cubeide_1.10.1/stm32cubeide/plugins/com.st.stm32cube.ide.mcu.externaltools.gnu-tools-for-stm32.10.3-2021.10.win32_1.0.0.202111181127/tools/bin/../lib/gcc/arm-none-eabi/10.3.1/thumb/v7e-m+fp/hard/crtn.o
 *(.fini)
 .fini          0x000000000800e3a4        0x4 c:/uni-program/stm32cubeide_1.10.1/stm32cubeide/plugins/com.st.stm32cube.ide.mcu.externaltools.gnu-tools-for-stm32.10.3-2021.10.win32_1.0.0.202111181127/tools/bin/../lib/gcc/arm-none-eabi/10.3.1/thumb/v7e-m+fp/hard/crti.o
                0x000000000800e3a4                _fini
 .fini          0x000000000800e3a8        0x8 c:/uni-program/stm32cubeide_1.10.1/stm32cubeide/plugins/com.st.stm32cube.ide.mcu.externaltools.gnu-tools-for-stm32.10.3-2021.10.win32_1.0.0.202111181127/tools/bin/../lib/gcc/arm-none-eabi/10.3.1/thumb/v7e-m+fp/hard/crtn.o
                0x000000000800e3b0                . = ALIGN (0x4)
                0x000000000800e3b0                _etext = .

.vfp11_veneer   0x000000000800e3b0        0x0
 .vfp11_veneer  0x000000000800e3b0        0x0 linker stubs

.v4_bx          0x000000000800e3b0        0x0
 .v4_bx         0x000000000800e3b0        0x0 linker stubs

.iplt           0x000000000800e3b0        0x0
 .iplt          0x000000000800e3b0        0x0 c:/uni-program/stm32cubeide_1.10.1/stm32cubeide/plugins/com.st.stm32cube.ide.mcu.externaltools.gnu-tools-for-stm32.10.3-2021.10.win32_1.0.0.202111181127/tools/bin/../lib/gcc/arm-none-eabi/10.3.1/thumb/v7e-m+fp/hard/crtbegin.o

.rodata         0x000000000800e3b0     0x158c
                0x000000000800e3b0                . = ALIGN (0x4)
 *(.rodata)
 .rodata        0x000000000800e3b0      0x3b5 ./Core/Src/core_mqtt.o
 *fill*         0x000000000800e765        0x3 
 .rodata        0x000000000800e768      0x3e1 ./Core/Src/core_mqtt_serializer.o
 *fill*         0x000000000800eb49        0x3 
 .rodata        0x000000000800eb4c      0x1c3 ./Core/Src/core_mqtt_state.o
 *fill*         0x000000000800ed0f        0x1 
 .rodata        0x000000000800ed10      0x4b2 ./Core/Src/es_wifi.o
 *fill*         0x000000000800f1c2        0x2 
 .rodata        0x000000000800f1c4       0x84 ./Core/Src/event_callback_stub.o
 .rodata        0x000000000800f248      0x1dd ./Core/Src/main.o
 *fill*         0x000000000800f425        0x3 
 .rodata        0x000000000800f428       0x45 ./Core/Src/mqtt_cbmc_state.o
 *fill*         0x000000000800f46d        0x3 
 .rodata        0x000000000800f470       0xa6 ./Core/Src/network_interface_stubs.o
 *(.rodata*)
 *fill*         0x000000000800f516        0x2 
 .rodata.__func__.14
                0x000000000800f518        0xb ./Core/Src/core_mqtt.o
 *fill*         0x000000000800f523        0x1 
 .rodata.__func__.13
                0x000000000800f524       0x15 ./Core/Src/core_mqtt.o
 *fill*         0x000000000800f539        0x3 
 .rodata.__func__.12
                0x000000000800f53c        0xa ./Core/Src/core_mqtt.o
 *fill*         0x000000000800f546        0x2 
 .rodata.__func__.11
                0x000000000800f548        0xe ./Core/Src/core_mqtt.o
 *fill*         0x000000000800f556        0x2 
 .rodata.__func__.10
                0x000000000800f558        0xe ./Core/Src/core_mqtt.o
 *fill*         0x000000000800f566        0x2 
 .rodata.__func__.9
                0x000000000800f568       0x10 ./Core/Src/core_mqtt.o
 .rodata.__func__.8
                0x000000000800f578       0x10 ./Core/Src/core_mqtt.o
 .rodata.__func__.7
                0x000000000800f588       0x16 ./Core/Src/core_mqtt.o
 *fill*         0x000000000800f59e        0x2 
 .rodata.__func__.6
                0x000000000800f5a0       0x12 ./Core/Src/core_mqtt.o
 *fill*         0x000000000800f5b2        0x2 
 .rodata.__func__.5
                0x000000000800f5b4       0x12 ./Core/Src/core_mqtt.o
 *fill*         0x000000000800f5c6        0x2 
 .rodata.__func__.4
                0x000000000800f5c8       0x17 ./Core/Src/core_mqtt.o
 *fill*         0x000000000800f5df        0x1 
 .rodata.__func__.3
                0x000000000800f5e0        0xc ./Core/Src/core_mqtt.o
 .rodata.__func__.2
                0x000000000800f5ec        0xf ./Core/Src/core_mqtt.o
 *fill*         0x000000000800f5fb        0x1 
 .rodata.__func__.1
                0x000000000800f5fc       0x18 ./Core/Src/core_mqtt.o
 .rodata.__func__.0
                0x000000000800f614       0x11 ./Core/Src/core_mqtt.o
 *fill*         0x000000000800f625        0x3 
 .rodata.__func__.13