../Core/Src/main.c:85:6:userCallback	24	static
../Core/Src/main.c:104:1:networkSend	4	static
../Core/Src/main.c:105:1:networkRecv	4	static
../Core/Src/main.c:112:5:main	1272	static
../Core/Src/main.c:272:6:SystemClock_Config	96	static
../Core/Src/main.c:333:13:MX_DFSDM1_Init	8	static
../Core/Src/main.c:371:13:MX_QUADSPI_Init	8	static
../Core/Src/main.c:404:13:MX_SPI3_Init	8	static
../Core/Src/main.c:444:13:MX_TIM2_Init	40	static
../Core/Src/main.c:489:13:MX_USART1_UART_Init	8	static
../Core/Src/main.c:524:13:MX_USART3_UART_Init	8	static
../Core/Src/main.c:559:13:MX_USB_OTG_FS_PCD_Init	8	static
../Core/Src/main.c:594:13:MX_GPIO_Init	48	static
../Core/Src/main.c:769:13:MEMS_Init	48	static
../Core/Src/main.c:811:5:_write	24	static
../Core/Src/main.c:824:6:Error_Handler	8	static,ignoring_inline_asm
