../Core/Src/main.c:92:5:main	248	static
../Core/Src/main.c:254:6:SystemClock_Config	96	static
../Core/Src/main.c:315:13:MX_DFSDM1_Init	8	static
../Core/Src/main.c:353:13:MX_QUADSPI_Init	8	static
../Core/Src/main.c:386:13:MX_SPI3_Init	8	static
../Core/Src/main.c:426:13:MX_TIM2_Init	40	static
../Core/Src/main.c:471:13:MX_USART1_UART_Init	8	static
../Core/Src/main.c:506:13:MX_USART3_UART_Init	8	static
../Core/Src/main.c:541:13:MX_USB_OTG_FS_PCD_Init	8	static
../Core/Src/main.c:576:13:MX_GPIO_Init	48	static
../Core/Src/main.c:751:13:MEMS_Init	48	static
../Core/Src/main.c:793:5:_write	24	static
../Core/Src/main.c:806:6:Error_Handler	8	static,ignoring_inline_asm
